---------------------------------------------------------------------------------------------------------------------------------------------------------------------------------------------------------------------------------------------------------------
      name:  <unnamed>
       log:  /Users/kevin/Documents/Econometrics/econ5813pa2.log
  log type:  text
 opened on:  10 Oct 2025, 21:35:50

. set more off

. set linesize 255

. set varabbrev off

. 
. **#
. *********************
. *** Load in data ***
. *********************
. use econ5813_IPUMS_EXTRACT.dta, clear

. 
. ****************************************************
. *** Check that the data is correct ***
. *** -------------------------------------------- ***
. *** Modify this to be consistent with your data. ***
. *** Add additional data integrity checks as you ***
. *** think of them. ***
. ****************************************************
. * Data includes years 2010 through 2023
. tab year, missing

census year |      Freq.     Percent        Cum.
------------+-----------------------------------
       2010 |     22,859        6.64        6.64
       2011 |     23,226        6.75       13.39
       2012 |     24,296        7.06       20.44
       2013 |     24,125        7.01       27.45
       2014 |     24,366        7.08       34.53
       2015 |     24,351        7.07       41.60
       2016 |     24,326        7.07       48.67
       2017 |     24,575        7.14       55.81
       2018 |     27,459        7.98       63.78
       2019 |     26,485        7.69       71.48
       2020 |     20,241        5.88       77.35
       2021 |     25,075        7.28       84.64
       2022 |     26,535        7.71       92.35
       2023 |     26,352        7.65      100.00
------------+-----------------------------------
      Total |    344,271      100.00

. assert inrange(year,2010,2023)==1 & r(r)==14

. 
. * Data includes individuals between the ages of 25 and 59
. tab age, missing

                                 age |      Freq.     Percent        Cum.
-------------------------------------+-----------------------------------
                                  25 |      6,168        1.79        1.79
                                  26 |      6,322        1.84        3.63
                                  27 |      6,550        1.90        5.53
                                  28 |      6,652        1.93        7.46
                                  29 |      6,768        1.97        9.43
                                  30 |      7,301        2.12       11.55
                                  31 |      6,999        2.03       13.58
                                  32 |      7,404        2.15       15.73
                                  33 |      7,496        2.18       17.91
                                  34 |      7,485        2.17       20.08
                                  35 |      8,089        2.35       22.43
                                  36 |      7,959        2.31       24.75
                                  37 |      8,093        2.35       27.10
                                  38 |      8,450        2.45       29.55
                                  39 |      8,635        2.51       32.06
                                  40 |      9,680        2.81       34.87
                                  41 |      9,051        2.63       37.50
                                  42 |      9,618        2.79       40.29
                                  43 |      9,769        2.84       43.13
                                  44 |     10,080        2.93       46.06
                                  45 |     10,919        3.17       49.23
                                  46 |     10,941        3.18       52.41
                                  47 |     11,219        3.26       55.67
                                  48 |     11,621        3.38       59.04
                                  49 |     12,119        3.52       62.56
                                  50 |     13,199        3.83       66.40
                                  51 |     12,570        3.65       70.05
                                  52 |     13,152        3.82       73.87
                                  53 |     13,070        3.80       77.67
                                  54 |     13,100        3.81       81.47
                                  55 |     13,105        3.81       85.28
                                  56 |     12,859        3.74       89.01
                                  57 |     12,803        3.72       92.73
                                  58 |     12,609        3.66       96.39
                                  59 |     12,416        3.61      100.00
-------------------------------------+-----------------------------------
                               Total |    344,271      100.00

. assert inrange(age,25,59)==1

. 
. * Data includes individuals who are employed
. tab empstat, missing

 employment status |
 [general version] |      Freq.     Percent        Cum.
-------------------+-----------------------------------
          employed |    344,271      100.00      100.00
-------------------+-----------------------------------
             Total |    344,271      100.00

. assert empstat==1

. 
. *lets do the variable creation from the code given
. generate weeksworked = .
(344,271 missing values generated)

.  replace weeksworked = 7 if wkswork2==1
(7,542 real changes made)

.  replace weeksworked = 20 if wkswork2==2
(7,287 real changes made)

.  replace weeksworked = 33 if wkswork2==3
(11,741 real changes made)

.  replace weeksworked = 43.5 if wkswork2==4
(15,707 real changes made)

.  replace weeksworked = 48.5 if wkswork2==5
(6,141 real changes made)

.  replace weeksworked = 51 if wkswork2==6
(295,853 real changes made)

.  label variable weeksworked "Weeks worked"

. 
.  tab weeksworked, missing

      Weeks |
     worked |      Freq.     Percent        Cum.
------------+-----------------------------------
          7 |      7,542        2.19        2.19
         20 |      7,287        2.12        4.31
         33 |     11,741        3.41        7.72
       43.5 |     15,707        4.56       12.28
       48.5 |      6,141        1.78       14.06
         51 |    295,853       85.94      100.00
------------+-----------------------------------
      Total |    344,271      100.00

.  assert inlist(weeksworked,7,20,33,43.5,48.5,51)==1 & r(r)==6

. 
.  *generate wage variable
.  generate wage = incwage / (uhrswork * weeksworked)

. 
. 
. 
. * Lets create the dummy variable for female
. generate female = .
(344,271 missing values generated)

. replace female = 1 if sex == 2
(23,772 real changes made)

. replace female = 0 if sex == 1
(320,499 real changes made)

. 
. ** creating schoolyr variable
.  generate schoolyr = 0

.  replace schoolyr = 2.5 if educd<=17
(7,555 real changes made)

.  replace schoolyr = 5.5 if educd>=20 & educd<=23
(3,898 real changes made)

.  replace schoolyr = 7.5 if educd>=24 & educd<=26
(4,784 real changes made)

.  replace schoolyr = 9 if educd==30
(6,428 real changes made)

.  replace schoolyr = 10 if educd==40
(8,531 real changes made)

.  replace schoolyr = 11 if educd==50
(10,346 real changes made)

.  replace schoolyr = 12 if educd>=60 & educd<=64
(178,473 real changes made)

.  replace schoolyr = 13 if educd>=65 & educd<=71
(79,712 real changes made)

.  replace schoolyr = 14 if educd>=80 & educd<=90
(22,477 real changes made)

.  replace schoolyr = 16 if educd>=100 & educd<=101
(18,464 real changes made)

.  replace schoolyr = 18 if educd>=110 & educd<=115
(3,348 real changes made)

.  replace schoolyr = 20 if educd==116
(255 real changes made)

.  
.  tab schoolyr, missing

   schoolyr |      Freq.     Percent        Cum.
------------+-----------------------------------
        2.5 |      7,555        2.19        2.19
        5.5 |      3,898        1.13        3.33
        7.5 |      4,784        1.39        4.72
          9 |      6,428        1.87        6.58
         10 |      8,531        2.48        9.06
         11 |     10,346        3.01       12.07
         12 |    178,473       51.84       63.91
         13 |     79,712       23.15       87.06
         14 |     22,477        6.53       93.59
         16 |     18,464        5.36       98.95
         18 |      3,348        0.97       99.93
         20 |        255        0.07      100.00
------------+-----------------------------------
      Total |    344,271      100.00

.  assert inrange(schoolyr,2.5,20)==1 & r(r)==12

. 
.  *-------------------------------------------------------------*
. * Experience variable
. *-------------------------------------------------------------*
. generate exp = age - schoolyr - 6

. label variable exp "Assumed experience"

. drop if exp == -1
(1 observation deleted)

. 
. *-------------------------------------------------------------*
. * Class of worker dummies
. *-------------------------------------------------------------*
. generate govt = 0

. replace govt = 1 if inlist(classwkrd, 21, 27, 28)
(10,170 real changes made)

. 
. generate private = 0

. replace private = 1 if inlist(classwkrd, 22)
(281,114 real changes made)

. 
. generate otheemp = 0

. replace otheemp = 1 if !inlist(classwkrd, 21,22,27,28)
(52,986 real changes made)

. 
. assert private + govt + otheemp == 1

. 
. *-------------------------------------------------------------*
. * Marital status dummy
. *-------------------------------------------------------------*
. generate married = 0

. replace married = 1 if inlist(marst, 1,2)
(215,903 real changes made)

. 
. *-------------------------------------------------------------*
. * Foreign-born dummy
. *-------------------------------------------------------------*
. generate foreign = 0

. replace foreign = 1 if !inlist(bpl, 1,2,4,5,6,8,9,10,11,12,13,15,16,17,18,19,20,21,22,23,24,25,26,27,28,29,30,31,32,33,34,35,36,37,38,39,40,41,42,44,45,46,47,48,49,50,51,53,54,55,56)
(63,255 real changes made)

. 
. *-------------------------------------------------------------*
. * Race and ethnicity categories
. *-------------------------------------------------------------*
. gen byte hisp = (hispand>=100 & hispand<=499)

. label variable hisp "Hispanic"

. 
. gen byte white = (raced==100 | raced==110) & hisp==0

. gen byte black = raced==200 & hisp==0

. gen byte indian = inrange(raced,300,399)==1 & hisp==0

. gen byte asian = inrange(raced,400,699)==1 & hisp==0

. gen byte other_race = inrange(raced,700,996) & hisp==0

. 
. label variable white "White"

. label variable black "Black"

. label variable indian "Indian"

. label variable asian "Asian"

. label variable other_race "Other Race"

. 
. assert white+hisp+black+asian+indian+other_race==1

. 
. gen byte race_cat6 = 0

. replace race_cat6 = 1 if white==1
(217,857 real changes made)

. replace race_cat6 = 2 if hisp==1
(64,936 real changes made)

. replace race_cat6 = 3 if black==1
(41,885 real changes made)

. replace race_cat6 = 4 if asian==1
(9,167 real changes made)

. replace race_cat6 = 5 if indian==1
(2,604 real changes made)

. replace race_cat6 = 6 if other_race==1
(7,821 real changes made)

. label variable race_cat6 "Race Category (race is non-Hispanic)"

. 
. #delimit ;
delimiter now ;
. label define race_cat6_lbl
>         0 "ERROR!"
>         1 "White"
>         2 "Hispanic"
>         3 "Black"
>         4 "Asian"
>         5 "Indian"
>         6 "Other race";

. #delimit cr
delimiter now cr
. label values race_cat6 race_cat6_lbl

. tab race_cat6, missing

       Race |
   Category |
   (race is |
non-Hispani |
         c) |      Freq.     Percent        Cum.
------------+-----------------------------------
      White |    217,857       63.28       63.28
   Hispanic |     64,936       18.86       82.14
      Black |     41,885       12.17       94.31
      Asian |      9,167        2.66       96.97
     Indian |      2,604        0.76       97.73
 Other race |      7,821        2.27      100.00
------------+-----------------------------------
      Total |    344,270      100.00

. assert inlist(race_cat6,1,2,3,4,5,6)==1 & r(r)==6

. 
. *-------------------------------------------------------------*
. * Education categories
. *-------------------------------------------------------------*
. ** Lets just drop straight away the observations with missing educational attainment
. 
. 
. gen elem = (schoolyr < 12)

. gen hs = (schoolyr == 12)

. gen college = (schoolyr > 12 & schoolyr < 18)

. gen ma = (schoolyr >= 18 & schoolyr < 21)

. gen phd = (schoolyr >= 21)

. 
. 
. 
. 
. assert elem+hs+college+ma+phd == 1

. 
. gen byte educ_cat5 = 0

. replace educ_cat5 = 1 if elem==1
(41,542 real changes made)

. replace educ_cat5 = 2 if hs==1
(178,473 real changes made)

. replace educ_cat5 = 3 if college==1
(120,653 real changes made)

. replace educ_cat5 = 4 if ma==1
(3,602 real changes made)

. replace educ_cat5 = 5 if phd==1
(0 real changes made)

. label variable educ_cat5 "Education Level"

. 
. #delimit ;
delimiter now ;
. label define educ_cat5_lbl
>         0 "ERROR!"
>         1 "Less than a high school education"
>         2 "High School"
>         3 "College Degree"
>         4 "Masters Degree"
>         5 "PhD";

. #delimit cr
delimiter now cr
. label values educ_cat5 educ_cat5_lbl

. tab educ_cat5, missing

                  Education Level |      Freq.     Percent        Cum.
----------------------------------+-----------------------------------
Less than a high school education |     41,542       12.07       12.07
                      High School |    178,473       51.84       63.91
                   College Degree |    120,653       35.05       98.95
                   Masters Degree |      3,602        1.05      100.00
----------------------------------+-----------------------------------
                            Total |    344,270      100.00

. assert inlist(educ_cat5,1,2,3,4,5)==1

. 
. *-------------------------------------------------------------*
. * Summary statistics by gender
. *-------------------------------------------------------------*
. mean wage age exp private govt otheemp married foreign white black asian hisp other_race elem hs college ma phd, over(female)

Mean estimation                               Number of obs = 344,270

---------------------------------------------------------------------
                    |       Mean   Std. err.     [95% conf. interval]
--------------------+------------------------------------------------
      c.wage@female |
                 0  |   20.27616   .0566298      20.16517    20.38716
                 1  |   17.37567   .1811204      17.02068    17.73066
                    |
       c.age@female |
                 0  |   44.50122    .017218      44.46747    44.53496
                 1  |   43.58325   .0647638      43.45631    43.71018
                    |
       c.exp@female |
                 0  |   26.37896    .017902      26.34387    26.41405
                 1  |   24.90472   .0668877      24.77362    25.03582
                    |
   c.private@female |
                 0  |   .8196057   .0006792      .8182745     .820937
                 1  |    .775366   .0027069      .7700606    .7806714
                    |
      c.govt@female |
                 0  |   .0280407   .0002916      .0274692    .0286123
                 1  |   .0497644   .0014104          .047    .0525288
                    |
   c.otheemp@female |
                 0  |   .1523535   .0006348      .1511094    .1535977
                 1  |   .1748696   .0024637      .1700407    .1796985
                    |
   c.married@female |
                 0  |   .6393425   .0008482      .6376801     .641005
                 1  |   .4625189   .0032339      .4561806    .4688572
                    |
   c.foreign@female |
                 0  |   .1870058   .0006887      .1856559    .1883558
                 1  |   .1396601   .0022483      .1352536    .1440666
                    |
     c.white@female |
                 0  |     .63416   .0008508      .6324924    .6358275
                 1  |   .6145886   .0031567      .6084016    .6207756
                    |
     c.black@female |
                 0  |   .1194298   .0005728       .118307    .1205525
                 1  |   .1517752   .0023272       .147214    .1563364
                    |
     c.asian@female |
                 0  |   .0268925   .0002857      .0263325    .0274526
                 1  |   .0230523   .0009734      .0211446    .0249601
                    |
      c.hisp@female |
                 0  |   .1905753   .0006938      .1892155     .191935
                 1  |   .1622497   .0023913      .1575629    .1669365
                    |
c.other_race@female |
                 0  |   .0219097   .0002586      .0214028    .0224165
                 1  |    .033611   .0011689      .0313199    .0359021
                    |
      c.elem@female |
                 0  |   .1235203   .0005812      .1223811    .1246594
                 1  |   .0821975   .0017815      .0787059    .0856892
                    |
        c.hs@female |
                 0  |   .5257193    .000882      .5239906    .5274481
                 1  |   .4198637   .0032011      .4135897    .4261377
                    |
   c.college@female |
                 0  |   .3410848   .0008374      .3394435    .3427261
                 1  |   .4768635   .0032395      .4705142    .4832129
                    |
        c.ma@female |
                 0  |   .0096756   .0001729      .0093367    .0100145
                 1  |   .0210752   .0009316      .0192493    .0229012
                    |
       c.phd@female |
                 0  |          0  (omitted)
                 1  |          0  (omitted)
---------------------------------------------------------------------

. 
. * Overall means
. mean wage age exp private govt otheemp married foreign white black asian hisp other_race elem hs college ma phd

Mean estimation                        Number of obs = 344,270

--------------------------------------------------------------
             |       Mean   Std. err.     [95% conf. interval]
-------------+------------------------------------------------
        wage |   20.07588    .054197      19.96966    20.18211
         age |   44.43783   .0166459      44.40521    44.47046
         exp |   26.27716   .0173057      26.24325    26.31108
     private |    .816551   .0006596      .8152581    .8178438
        govt |   .0295408   .0002886      .0289752    .0301064
     otheemp |   .1539083    .000615      .1527028    .1551137
     married |   .6271328   .0008242      .6255175    .6287481
     foreign |   .1837366     .00066       .182443    .1850302
       white |   .6328086   .0008215      .6311983    .6344188
       black |   .1216632   .0005571      .1205713    .1227552
       asian |   .0266274   .0002744      .0260896    .0271651
        hisp |   .1886194   .0006667      .1873126    .1899262
  other_race |   .0227176   .0002539      .0222199    .0232154
        elem |   .1206669   .0005552      .1195788     .121755
          hs |     .51841   .0008516      .5167409     .520079
     college |   .3504604   .0008132      .3488666    .3520542
          ma |   .0104627   .0001734      .0101228    .0108026
         phd |          0  (omitted)
--------------------------------------------------------------

. 
. *-------------------------------------------------------------*
. * Simple regression: wage on experience
. *-------------------------------------------------------------*
. reg wage exp

      Source |       SS           df       MS      Number of obs   =   344,270
-------------+----------------------------------   F(1, 344268)    =    324.69
       Model |  328025.306         1  328025.306   Prob > F        =    0.0000
    Residual |   347807086   344,268  1010.28003   R-squared       =    0.0009
-------------+----------------------------------   Adj R-squared   =    0.0009
       Total |   348135111   344,269  1011.22991   Root MSE        =    31.785

------------------------------------------------------------------------------
        wage | Coefficient  Std. err.      t    P>|t|     [95% conf. interval]
-------------+----------------------------------------------------------------
         exp |   .0961317    .005335    18.02   0.000     .0856752    .1065881
       _cons |   17.54981   .1502909   116.77   0.000     17.25525    17.84438
------------------------------------------------------------------------------

. display _b[exp] / _se[exp]
18.019087

. 
. *-------------------------------------------------------------*
. * Calcualting Predictions and confidence levels
. *-------------------------------------------------------------*
. 
. predict wage_hat
(option xb assumed; fitted values)

. sum wage_hat

    Variable |        Obs        Mean    Std. dev.       Min        Max
-------------+---------------------------------------------------------
    wage_hat |    344,270    20.07588    .9761233   17.54981   22.40446

. sum wage

    Variable |        Obs        Mean    Std. dev.       Min        Max
-------------+---------------------------------------------------------
        wage |    344,270    20.07588    31.79984          0   4882.353

. 
. 
. *-------------------------------------------------------------*
. * Graph: Fitted line by sex
. *-------------------------------------------------------------*
. twoway lfit wage exp, by(sex)

. 
. *-------------------------------------------------------------*
. * Regression B
. *-------------------------------------------------------------*
. 
. reg wage exp female c.exp##female 
note: exp omitted because of collinearity.
note: 1.female omitted because of collinearity.

      Source |       SS           df       MS      Number of obs   =   344,270
-------------+----------------------------------   F(3, 344266)    =    163.96
       Model |  496686.818         3  165562.273   Prob > F        =    0.0000
    Residual |   347638424   344,266  1009.79598   R-squared       =    0.0014
-------------+----------------------------------   Adj R-squared   =    0.0014
       Total |   348135111   344,269  1011.22991   Root MSE        =    31.777

------------------------------------------------------------------------------
        wage | Coefficient  Std. err.      t    P>|t|     [95% conf. interval]
-------------+----------------------------------------------------------------
         exp |   .0935306   .0055385    16.89   0.000     .0826753    .1043859
      female |  -2.784229   .5609916    -4.96   0.000    -3.883756   -1.684702
         exp |          0  (omitted)
    1.female |          0  (omitted)
             |
female#c.exp |
          1  |   .0008683   .0207387     0.04   0.967    -.0397789    .0415156
             |
       _cons |   17.80892   .1565114   113.79   0.000     17.50217    18.11568
------------------------------------------------------------------------------

. 
. 
. *-------------------------------------------------------------*
. * Estimating The Interaction Regression
. *-------------------------------------------------------------*
. 
. regress wage i.female##c.exp 

      Source |       SS           df       MS      Number of obs   =   344,270
-------------+----------------------------------   F(3, 344266)    =    163.96
       Model |  496686.818         3  165562.273   Prob > F        =    0.0000
    Residual |   347638424   344,266  1009.79598   R-squared       =    0.0014
-------------+----------------------------------   Adj R-squared   =    0.0014
       Total |   348135111   344,269  1011.22991   Root MSE        =    31.777

------------------------------------------------------------------------------
        wage | Coefficient  Std. err.      t    P>|t|     [95% conf. interval]
-------------+----------------------------------------------------------------
    1.female |  -2.784229   .5609916    -4.96   0.000    -3.883756   -1.684702
         exp |   .0935306   .0055385    16.89   0.000     .0826753    .1043859
             |
female#c.exp |
          1  |   .0008683   .0207387     0.04   0.967    -.0397789    .0415156
             |
       _cons |   17.80892   .1565114   113.79   0.000     17.50217    18.11568
------------------------------------------------------------------------------

. 
. *-------------------------------------------------------------*
. * Creating centered age
. *-------------------------------------------------------------*
. summarize age

    Variable |        Obs        Mean    Std. dev.       Min        Max
-------------+---------------------------------------------------------
         age |    344,270    44.43783    9.766915         25         59

. generate age_centered = age - r(mean)

. 
. egen age_std_egen = std(age)

. 
. summarize age

    Variable |        Obs        Mean    Std. dev.       Min        Max
-------------+---------------------------------------------------------
         age |    344,270    44.43783    9.766915         25         59

. generate age_std = (age - r(mean)) / r(sd)

. 
. assert age_std_egen == age_std

. 
. 
. *-------------------------------------------------------------*
. * Estimating Models with Centered Age
. *-------------------------------------------------------------*
. reg wage female##c.age

      Source |       SS           df       MS      Number of obs   =   344,270
-------------+----------------------------------   F(3, 344266)    =    206.34
       Model |  624859.073         3  208286.358   Prob > F        =    0.0000
    Residual |   347510252   344,266  1009.42368   R-squared       =    0.0018
-------------+----------------------------------   Adj R-squared   =    0.0018
       Total |   348135111   344,269  1011.22991   Root MSE        =    31.771

------------------------------------------------------------------------------
        wage | Coefficient  Std. err.      t    P>|t|     [95% conf. interval]
-------------+----------------------------------------------------------------
    1.female |  -3.561958    .959287    -3.71   0.000    -5.442132   -1.681783
         age |   .1142492   .0057574    19.84   0.000     .1029648    .1255336
             |
female#c.age |
          1  |   .0175835   .0214251     0.82   0.412    -.0244092    .0595761
             |
       _cons |   15.19193   .2622874    57.92   0.000     14.67786    15.70601
------------------------------------------------------------------------------

. reg wage female##c.age_centered

      Source |       SS           df       MS      Number of obs   =   344,270
-------------+----------------------------------   F(3, 344266)    =    206.34
       Model |  624859.068         3  208286.356   Prob > F        =    0.0000
    Residual |   347510252   344,266  1009.42368   R-squared       =    0.0018
-------------+----------------------------------   Adj R-squared   =    0.0018
       Total |   348135111   344,269  1011.22991   Root MSE        =    31.771

---------------------------------------------------------------------------------------
                 wage | Coefficient  Std. err.      t    P>|t|     [95% conf. interval]
----------------------+----------------------------------------------------------------
             1.female |  -2.780587   .2142975   -12.98   0.000    -3.200604    -2.36057
         age_centered |   .1142492   .0057574    19.84   0.000     .1029648    .1255336
                      |
female#c.age_centered |
                   1  |   .0175835   .0214251     0.82   0.412    -.0244092    .0595761
                      |
                _cons |   20.26892    .056122   361.16   0.000     20.15892    20.37892
---------------------------------------------------------------------------------------

. reg wage female##c.age_std

      Source |       SS           df       MS      Number of obs   =   344,270
-------------+----------------------------------   F(3, 344266)    =    206.34
       Model |  624859.073         3  208286.358   Prob > F        =    0.0000
    Residual |   347510252   344,266  1009.42368   R-squared       =    0.0018
-------------+----------------------------------   Adj R-squared   =    0.0018
       Total |   348135111   344,269  1011.22991   Root MSE        =    31.771

----------------------------------------------------------------------------------
            wage | Coefficient  Std. err.      t    P>|t|     [95% conf. interval]
-----------------+----------------------------------------------------------------
        1.female |  -2.780587   .2142975   -12.98   0.000    -3.200604    -2.36057
         age_std |   1.115862   .0562324    19.84   0.000     1.005648    1.226076
                 |
female#c.age_std |
              1  |   .1717362   .2092574     0.82   0.412    -.2384022    .5818746
                 |
           _cons |   20.26892    .056122   361.16   0.000     20.15892    20.37892
----------------------------------------------------------------------------------

. 
. * Regression (i)
.  regress wage female age i.female#c.age

      Source |       SS           df       MS      Number of obs   =   344,270
-------------+----------------------------------   F(3, 344266)    =    206.34
       Model |  624859.073         3  208286.358   Prob > F        =    0.0000
    Residual |   347510252   344,266  1009.42368   R-squared       =    0.0018
-------------+----------------------------------   Adj R-squared   =    0.0018
       Total |   348135111   344,269  1011.22991   Root MSE        =    31.771

------------------------------------------------------------------------------
        wage | Coefficient  Std. err.      t    P>|t|     [95% conf. interval]
-------------+----------------------------------------------------------------
      female |  -3.561958    .959287    -3.71   0.000    -5.442132   -1.681783
         age |   .1142492   .0057574    19.84   0.000     .1029648    .1255336
             |
female#c.age |
          1  |   .0175835   .0214251     0.82   0.412    -.0244092    .0595761
             |
       _cons |   15.19193   .2622874    57.92   0.000     14.67786    15.70601
------------------------------------------------------------------------------

.  di _b[_cons]
15.191934

.  di _b[female]
-3.5619577

.  di _b[age]
.11424921

.  di _b[1.female#c.age]
.01758346

.  sum age if e(sample)==1

    Variable |        Obs        Mean    Std. dev.       Min        Max
-------------+---------------------------------------------------------
         age |    344,270    44.43783    9.766915         25         59

.  di r(mean)
44.437831

.  
. * Calculate coefficients from (ii) using output from (i)
. summarize age 

    Variable |        Obs        Mean    Std. dev.       Min        Max
-------------+---------------------------------------------------------
         age |    344,270    44.43783    9.766915         25         59

.  local alpha_b = 15.191934 + .11424921* r(mean)

.  local beta1_b = -3.5619577  + .01758346* r(mean)

.  di "`alpha_b'"
20.2689210598557

.  di "`beta1_b'"
-2.780586880127458

.  
. * Regression (ii)
.  reg wage female##c.age_centered

      Source |       SS           df       MS      Number of obs   =   344,270
-------------+----------------------------------   F(3, 344266)    =    206.34
       Model |  624859.068         3  208286.356   Prob > F        =    0.0000
    Residual |   347510252   344,266  1009.42368   R-squared       =    0.0018
-------------+----------------------------------   Adj R-squared   =    0.0018
       Total |   348135111   344,269  1011.22991   Root MSE        =    31.771

---------------------------------------------------------------------------------------
                 wage | Coefficient  Std. err.      t    P>|t|     [95% conf. interval]
----------------------+----------------------------------------------------------------
             1.female |  -2.780587   .2142975   -12.98   0.000    -3.200604    -2.36057
         age_centered |   .1142492   .0057574    19.84   0.000     .1029648    .1255336
                      |
female#c.age_centered |
                   1  |   .0175835   .0214251     0.82   0.412    -.0244092    .0595761
                      |
                _cons |   20.26892    .056122   361.16   0.000     20.15892    20.37892
---------------------------------------------------------------------------------------

.  assert float(_b[_cons])==float(`alpha_b')

.  assert round(float(_b[1.female]), .001) == round(float(`beta1_b'), .001)

. 
.  
.  
. *-------------------------------------------------------------*
. *Estiamteing Models with Logs
. *-------------------------------------------------------------*
. generate ln_wage = ln(wage)
(24,743 missing values generated)

. generate ln_exp  = ln(exp)
(3 missing values generated)

. *Model i
. regress ln_wage schoolyr ln_exp

      Source |       SS           df       MS      Number of obs   =   319,524
-------------+----------------------------------   F(2, 319521)    =   2734.47
       Model |  2112.90311         2  1056.45156   Prob > F        =    0.0000
    Residual |  123445.827   319,521  .386346521   R-squared       =    0.0168
-------------+----------------------------------   Adj R-squared   =    0.0168
       Total |   125558.73   319,523  .392956782   Root MSE        =    .62157

------------------------------------------------------------------------------
     ln_wage | Coefficient  Std. err.      t    P>|t|     [95% conf. interval]
-------------+----------------------------------------------------------------
    schoolyr |   .0218364   .0005279    41.37   0.000     .0208018    .0228711
      ln_exp |   .1603131   .0022974    69.78   0.000     .1558102     .164816
       _cons |   2.085277   .0109069   191.19   0.000       2.0639    2.106654
------------------------------------------------------------------------------

. *Model ii
. regress ln_wage schoolyr ln_exp

      Source |       SS           df       MS      Number of obs   =   319,524
-------------+----------------------------------   F(2, 319521)    =   2734.47
       Model |  2112.90311         2  1056.45156   Prob > F        =    0.0000
    Residual |  123445.827   319,521  .386346521   R-squared       =    0.0168
-------------+----------------------------------   Adj R-squared   =    0.0168
       Total |   125558.73   319,523  .392956782   Root MSE        =    .62157

------------------------------------------------------------------------------
     ln_wage | Coefficient  Std. err.      t    P>|t|     [95% conf. interval]
-------------+----------------------------------------------------------------
    schoolyr |   .0218364   .0005279    41.37   0.000     .0208018    .0228711
      ln_exp |   .1603131   .0022974    69.78   0.000     .1558102     .164816
       _cons |   2.085277   .0109069   191.19   0.000       2.0639    2.106654
------------------------------------------------------------------------------

. *Model iii
. regress ln_wage schoolyr exp

      Source |       SS           df       MS      Number of obs   =   319,527
-------------+----------------------------------   F(2, 319524)    =   2378.63
       Model |  1842.00736         2  921.003678   Prob > F        =    0.0000
    Residual |  123719.526   319,524  .387199477   R-squared       =    0.0147
-------------+----------------------------------   Adj R-squared   =    0.0147
       Total |  125561.533   319,526  .392961866   Root MSE        =    .62225

------------------------------------------------------------------------------
     ln_wage | Coefficient  Std. err.      t    P>|t|     [95% conf. interval]
-------------+----------------------------------------------------------------
    schoolyr |   .0220124   .0005321    41.37   0.000     .0209695    .0230553
         exp |   .0072575   .0001125    64.50   0.000     .0070369     .007478
       _cons |    2.40021   .0079013   303.77   0.000     2.384724    2.415696
------------------------------------------------------------------------------

. *Model iv
. regress wage schoolyr ln_exp

      Source |       SS           df       MS      Number of obs   =   344,267
-------------+----------------------------------   F(2, 344264)    =    333.72
       Model |  673644.325         2  336822.163   Prob > F        =    0.0000
    Residual |   347460994   344,264  1009.28646   R-squared       =    0.0019
-------------+----------------------------------   Adj R-squared   =    0.0019
       Total |   348134638   344,266  1011.23735   Root MSE        =    31.769

------------------------------------------------------------------------------
        wage | Coefficient  Std. err.      t    P>|t|     [95% conf. interval]
-------------+----------------------------------------------------------------
    schoolyr |   .4219413   .0256746    16.43   0.000     .3716199    .4722627
      ln_exp |   2.675559   .1139665    23.48   0.000     2.452188     2.89893
       _cons |   6.468457   .5371123    12.04   0.000     5.415732    7.521181
------------------------------------------------------------------------------

. *Model vi
. generate exp2 = exp^2

. regress wage schoolyr exp exp2

      Source |       SS           df       MS      Number of obs   =   344,270
-------------+----------------------------------   F(3, 344266)    =    223.90
       Model |  677935.739         3   225978.58   Prob > F        =    0.0000
    Residual |   347457175   344,266  1009.26951   R-squared       =    0.0019
-------------+----------------------------------   Adj R-squared   =    0.0019
       Total |   348135111   344,269  1011.22991   Root MSE        =    31.769

------------------------------------------------------------------------------
        wage | Coefficient  Std. err.      t    P>|t|     [95% conf. interval]
-------------+----------------------------------------------------------------
    schoolyr |   .3888415   .0262463    14.82   0.000     .3373995    .4402835
         exp |   .3492509   .0270293    12.92   0.000     .2962743    .4022276
        exp2 |  -.0046226    .000538    -8.59   0.000    -.0056771   -.0035682
       _cons |   9.838475   .4412898    22.29   0.000      8.97356    10.70339
------------------------------------------------------------------------------

. 
. *-------------------------------------------------------------*
. *Estiamteing Models with Logs
. *-------------------------------------------------------------*
. *** base for hs but also dropping PhD since i have none and perfect multicolinarity
. 
. regress wage ib2.educ_cat5 

      Source |       SS           df       MS      Number of obs   =   344,270
-------------+----------------------------------   F(3, 344266)    =     62.48
       Model |   189442.88         3  63147.6266   Prob > F        =    0.0000
    Residual |   347945668   344,266  1010.68845   R-squared       =    0.0005
-------------+----------------------------------   Adj R-squared   =    0.0005
       Total |   348135111   344,269  1011.22991   Root MSE        =    31.791

----------------------------------------------------------------------------------------------------
                              wage | Coefficient  Std. err.      t    P>|t|     [95% conf. interval]
-----------------------------------+----------------------------------------------------------------
                         educ_cat5 |
Less than a high school education  |  -1.367539   .1731828    -7.90   0.000    -1.706972   -1.028106
                   College Degree  |   .8295255   .1184896     7.00   0.000     .5972893    1.061762
                   Masters Degree  |   3.225841    .535027     6.03   0.000     2.177203    4.274478
                                   |
                             _cons |   19.91643   .0752528   264.66   0.000     19.76894    20.06393
----------------------------------------------------------------------------------------------------

. 
. regress wage ib3.educ_cat5

      Source |       SS           df       MS      Number of obs   =   344,270
-------------+----------------------------------   F(3, 344266)    =     62.48
       Model |   189442.88         3  63147.6266   Prob > F        =    0.0000
    Residual |   347945668   344,266  1010.68845   R-squared       =    0.0005
-------------+----------------------------------   Adj R-squared   =    0.0005
       Total |   348135111   344,269  1011.22991   Root MSE        =    31.791

----------------------------------------------------------------------------------------------------
                              wage | Coefficient  Std. err.      t    P>|t|     [95% conf. interval]
-----------------------------------+----------------------------------------------------------------
                         educ_cat5 |
Less than a high school education  |  -2.197064   .1808484   -12.15   0.000    -2.551522   -1.842607
                      High School  |  -.8295255   .1184896    -7.00   0.000    -1.061762   -.5972893
                   Masters Degree  |   2.396315   .5375572     4.46   0.000     1.342719    3.449911
                                   |
                             _cons |   20.74596    .091525   226.67   0.000     20.56657    20.92534
----------------------------------------------------------------------------------------------------

. 
. *-------------------------------------------------------------*
. *Estiamteing Models Question 9
. *-------------------------------------------------------------*
. 
. regress wage exp exp2 i.female##ib3.educ_cat5

      Source |       SS           df       MS      Number of obs   =   344,270
-------------+----------------------------------   F(9, 344260)    =    109.73
       Model |  995802.272         9  110644.697   Prob > F        =    0.0000
    Residual |   347139309   344,260  1008.36376   R-squared       =    0.0029
-------------+----------------------------------   Adj R-squared   =    0.0028
       Total |   348135111   344,269  1011.22991   Root MSE        =    31.755

------------------------------------------------------------------------------------------------------
                                wage | Coefficient  Std. err.      t    P>|t|     [95% conf. interval]
-------------------------------------+----------------------------------------------------------------
                                 exp |   .3731153   .0270088    13.81   0.000     .3201789    .4260517
                                exp2 |  -.0051051   .0005351    -9.54   0.000    -.0061539   -.0040563
                            1.female |  -2.915586   .3133754    -9.30   0.000    -3.529793    -2.30138
                                     |
                           educ_cat5 |
  Less than a high school education  |  -3.051391   .1930766   -15.80   0.000    -3.429816   -2.672967
                        High School  |  -1.345391   .1246411   -10.79   0.000    -1.589684   -1.101098
                     Masters Degree  |   2.185695   .5785201     3.78   0.000     1.051813    3.319578
                                     |
                    female#educ_cat5 |
1#Less than a high school education  |   -1.32849   .7999276    -1.66   0.097    -2.896324     .239345
                      1#High School  |  -.2297563   .4529832    -0.51   0.612     -1.11759    .6580775
                   1#Masters Degree  |   5.219352   1.560788     3.34   0.001     2.160253     8.27845
                                     |
                               _cons |   15.57357   .3167429    49.17   0.000     14.95276    16.19438
------------------------------------------------------------------------------------------------------

. 
. 
. 
. 
. 
. 
. 
. 
. 
. 
. 
. 
. 
end of do-file

. do "/var/folders/2p/d9pc27dj4w77gww54q57sc7r0000gn/T//SD90182.000000"

. *************************************
. *** Problem Set #4.do ***
. *** ------------------------------- ***
. *** Created by Kevin Ruiz ***
. ***************************************
. ********************************************************
. *** This program creates variables and estimates ***
. *** regressions for ECON 5813 Project Assignment #2 ***
. ********************************************************
. **************************
. *** Begin the log file ***
. **************************
. capture log close
