---------------------------------------------------------------------------------------------------------------------------------------------------------------------------------------------------------------------------------------------------------------
      name:  <unnamed>
       log:  /Users/kevin/Documents/Econometrics/econ5813pa4.log
  log type:  text
 opened on:  17 Nov 2025, 09:46:05

. set more off

. set linesize 255

. set varabbrev off

. 
. **#
. *********************
. *** Load in data ***
. *********************
. use econ5813_IPUMS_EXTRACT.dta, clear

. 
. ****************************************************
. *** Check that the data is correct ***
. *** -------------------------------------------- ***
. *** Modify this to be consistent with your data. ***
. *** Add additional data integrity checks as you ***
. *** think of them. ***
. ****************************************************
. * Data includes years 2010 through 2023
. tab year, missing

census year |      Freq.     Percent        Cum.
------------+-----------------------------------
       2010 |  1,047,221        7.13        7.13
       2011 |  1,021,068        6.95       14.07
       2012 |  1,029,359        7.00       21.08
       2013 |  1,047,299        7.13       28.21
       2014 |  1,046,851        7.12       35.33
       2015 |  1,056,267        7.19       42.52
       2016 |  1,061,699        7.22       49.74
       2017 |  1,080,378        7.35       57.09
       2018 |  1,087,020        7.40       64.49
       2019 |  1,091,130        7.42       71.91
       2020 |    846,175        5.76       77.67
       2021 |  1,049,265        7.14       84.81
       2022 |  1,110,277        7.56       92.37
       2023 |  1,121,773        7.63      100.00
------------+-----------------------------------
      Total | 14,695,782      100.00

. assert inrange(year,2010,2023)==1 & r(r)==14

. 
. * Data includes individuals between the ages of 25 and 59
. tab age, missing

                                 age |      Freq.     Percent        Cum.
-------------------------------------+-----------------------------------
                                  25 |    376,540        2.56        2.56
                                  26 |    379,488        2.58        5.14
                                  27 |    387,303        2.64        7.78
                                  28 |    394,697        2.69       10.47
                                  29 |    396,522        2.70       13.16
                                  30 |    416,392        2.83       16.00
                                  31 |    401,691        2.73       18.73
                                  32 |    406,929        2.77       21.50
                                  33 |    402,090        2.74       24.24
                                  34 |    401,619        2.73       26.97
                                  35 |    409,576        2.79       29.76
                                  36 |    399,353        2.72       32.47
                                  37 |    397,609        2.71       35.18
                                  38 |    400,647        2.73       37.91
                                  39 |    400,126        2.72       40.63
                                  40 |    423,093        2.88       43.51
                                  41 |    403,268        2.74       46.25
                                  42 |    408,932        2.78       49.03
                                  43 |    408,490        2.78       51.81
                                  44 |    409,312        2.79       54.60
                                  45 |    425,528        2.90       57.49
                                  46 |    421,135        2.87       60.36
                                  47 |    428,931        2.92       63.28
                                  48 |    436,171        2.97       66.25
                                  49 |    443,175        3.02       69.26
                                  50 |    470,533        3.20       72.46
                                  51 |    454,785        3.09       75.56
                                  52 |    461,492        3.14       78.70
                                  53 |    460,171        3.13       81.83
                                  54 |    460,353        3.13       84.96
                                  55 |    461,735        3.14       88.10
                                  56 |    448,888        3.05       91.16
                                  57 |    443,867        3.02       94.18
                                  58 |    435,618        2.96       97.14
                                  59 |    419,723        2.86      100.00
-------------------------------------+-----------------------------------
                               Total | 14,695,782      100.00

. assert inrange(age,25,59)==1

. 
. * Data includes individuals who are employed
. tab empstat, missing

 employment status |
 [general version] |      Freq.     Percent        Cum.
-------------------+-----------------------------------
          employed | 14,695,782      100.00      100.00
-------------------+-----------------------------------
             Total | 14,695,782      100.00

. assert empstat==1

. 
. *lets do the variable creation from the code given
. generate weeksworked = .
(14,695,782 missing values generated)

.  replace weeksworked = 7 if wkswork2==1
(316,780 real changes made)

.  replace weeksworked = 20 if wkswork2==2
(309,632 real changes made)

.  replace weeksworked = 33 if wkswork2==3
(482,616 real changes made)

.  replace weeksworked = 43.5 if wkswork2==4
(664,777 real changes made)

.  replace weeksworked = 48.5 if wkswork2==5
(250,553 real changes made)

.  replace weeksworked = 51 if wkswork2==6
(12,671,424 real changes made)

.  label variable weeksworked "Weeks worked"

. 
.  tab weeksworked, missing

      Weeks |
     worked |      Freq.     Percent        Cum.
------------+-----------------------------------
          7 |    316,780        2.16        2.16
         20 |    309,632        2.11        4.26
         33 |    482,616        3.28        7.55
       43.5 |    664,777        4.52       12.07
       48.5 |    250,553        1.70       13.78
         51 | 12,671,424       86.22      100.00
------------+-----------------------------------
      Total | 14,695,782      100.00

.  assert inlist(weeksworked,7,20,33,43.5,48.5,51)==1 & r(r)==6

. 
.  *generate wage variable
.  generate wage = incwage / (uhrswork * weeksworked)

. 
. 
. 
. * Lets create the dummy variable for female
. generate female = .
(14,695,782 missing values generated)

. replace female = 1 if sex == 2
(7,046,076 real changes made)

. replace female = 0 if sex == 1
(7,649,706 real changes made)

. 
. ** creating schoolyr variable
.  generate schoolyr = 0

.  replace schoolyr = 2.5 if educd<=17
(193,521 real changes made)

.  replace schoolyr = 5.5 if educd>=20 & educd<=23
(124,865 real changes made)

.  replace schoolyr = 7.5 if educd>=24 & educd<=26
(104,455 real changes made)

.  replace schoolyr = 9 if educd==30
(125,868 real changes made)

.  replace schoolyr = 10 if educd==40
(133,653 real changes made)

.  replace schoolyr = 11 if educd==50
(164,369 real changes made)

.  replace schoolyr = 12 if educd>=60 & educd<=64
(3,550,842 real changes made)

.  replace schoolyr = 13 if educd>=65 & educd<=71
(2,951,493 real changes made)

.  replace schoolyr = 14 if educd>=80 & educd<=90
(1,454,445 real changes made)

.  replace schoolyr = 16 if educd>=100 & educd<=101
(3,607,772 real changes made)

.  replace schoolyr = 18 if educd>=110 & educd<=115
(2,023,343 real changes made)

.  replace schoolyr = 20 if educd==116
(261,156 real changes made)

.  
.  tab schoolyr, missing

   schoolyr |      Freq.     Percent        Cum.
------------+-----------------------------------
        2.5 |    193,521        1.32        1.32
        5.5 |    124,865        0.85        2.17
        7.5 |    104,455        0.71        2.88
          9 |    125,868        0.86        3.73
         10 |    133,653        0.91        4.64
         11 |    164,369        1.12        5.76
         12 |  3,550,842       24.16       29.92
         13 |  2,951,493       20.08       50.01
         14 |  1,454,445        9.90       59.91
         16 |  3,607,772       24.55       84.45
         18 |  2,023,343       13.77       98.22
         20 |    261,156        1.78      100.00
------------+-----------------------------------
      Total | 14,695,782      100.00

.  assert inrange(schoolyr,2.5,20)==1 & r(r)==12

. 
.  *-------------------------------------------------------------*
. * Experience variable
. *-------------------------------------------------------------*
. generate exp = age - schoolyr - 6

. label variable exp "Assumed experience"

. drop if exp == -1
(1,267 observations deleted)

. 
. *-------------------------------------------------------------*
. * Class of worker dummies
. *-------------------------------------------------------------*
. generate govt = 0

. replace govt = 1 if inlist(classwkrd, 21, 27, 28)
(1,938,962 real changes made)

. 
. generate private = 0

. replace private = 1 if inlist(classwkrd, 22)
(9,473,173 real changes made)

. 
. generate otheemp = 0

. replace otheemp = 1 if !inlist(classwkrd, 21,22,27,28)
(3,282,380 real changes made)

. 
. assert private + govt + otheemp == 1

. 
. *-------------------------------------------------------------*
. * Marital status dummy
. *-------------------------------------------------------------*
. generate married = 0

. replace married = 1 if inlist(marst, 1,2)
(9,131,223 real changes made)

. 
. *-------------------------------------------------------------*
. * Foreign-born dummy
. *-------------------------------------------------------------*
. generate foreign = 0

. replace foreign = 1 if !inlist(bpl, 1,2,4,5,6,8,9,10,11,12,13,15,16,17,18,19,20,21,22,23,24,25,26,27,28,29,30,31,32,33,34,35,36,37,38,39,40,41,42,44,45,46,47,48,49,50,51,53,54,55,56)
(2,646,975 real changes made)

. 
. *-------------------------------------------------------------*
. * Race and ethnicity categories
. *-------------------------------------------------------------*
. gen byte hisp = (hispand>=100 & hispand<=499)

. label variable hisp "Hispanic"

. 
. gen byte white = (raced==100 | raced==110) & hisp==0

. gen byte black = raced==200 & hisp==0

. gen byte indian = inrange(raced,300,399)==1 & hisp==0

. gen byte asian = inrange(raced,400,699)==1 & hisp==0

. gen byte other_race = inrange(raced,700,996) & hisp==0

. 
. label variable white "White"

. label variable black "Black"

. label variable indian "Indian"

. label variable asian "Asian"

. label variable other_race "Other Race"

. 
. assert white+hisp+black+asian+indian+other_race==1

. 
. gen byte race_cat6 = 0

. replace race_cat6 = 1 if white==1
(9,910,983 real changes made)

. replace race_cat6 = 2 if hisp==1
(2,111,849 real changes made)

. replace race_cat6 = 3 if black==1
(1,251,258 real changes made)

. replace race_cat6 = 4 if asian==1
(948,689 real changes made)

. replace race_cat6 = 5 if indian==1
(102,842 real changes made)

. replace race_cat6 = 6 if other_race==1
(368,894 real changes made)

. label variable race_cat6 "Race Category (race is non-Hispanic)"

. 
. #delimit ;
delimiter now ;
. label define race_cat6_lbl
>         0 "ERROR!"
>         1 "White"
>         2 "Hispanic"
>         3 "Black"
>         4 "Asian"
>         5 "Indian"
>         6 "Other race";

. #delimit cr
delimiter now cr
. label values race_cat6 race_cat6_lbl

. tab race_cat6, missing

       Race |
   Category |
   (race is |
non-Hispani |
         c) |      Freq.     Percent        Cum.
------------+-----------------------------------
      White |  9,910,983       67.45       67.45
   Hispanic |  2,111,849       14.37       81.82
      Black |  1,251,258        8.52       90.33
      Asian |    948,689        6.46       96.79
     Indian |    102,842        0.70       97.49
 Other race |    368,894        2.51      100.00
------------+-----------------------------------
      Total | 14,694,515      100.00

. assert inlist(race_cat6,1,2,3,4,5,6)==1 & r(r)==6

. 
. *-------------------------------------------------------------*
. * Education categories
. *-------------------------------------------------------------*
. ** Lets just drop straight away the observations with missing educational attainment
. 
. 
. gen elem = (schoolyr < 12)

. gen hs = (schoolyr == 12)

. gen college = (schoolyr > 12 & schoolyr < 18)

. gen ma = (schoolyr >= 18 & schoolyr < 21)

. gen phd = (schoolyr >= 21)

. 
. 
. 
. 
. assert elem+hs+college+ma+phd == 1

. 
. gen byte educ_cat5 = 0

. replace educ_cat5 = 1 if elem==1
(846,731 real changes made)

. replace educ_cat5 = 2 if hs==1
(3,550,842 real changes made)

. replace educ_cat5 = 3 if college==1
(8,013,710 real changes made)

. replace educ_cat5 = 4 if ma==1
(2,283,232 real changes made)

. replace educ_cat5 = 5 if phd==1
(0 real changes made)

. label variable educ_cat5 "Education Level"

. 
. #delimit ;
delimiter now ;
. label define educ_cat5_lbl
>         0 "ERROR!"
>         1 "Less than a high school education"
>         2 "High School"
>         3 "College Degree"
>         4 "Masters Degree"
>         5 "PhD";

. #delimit cr
delimiter now cr
. label values educ_cat5 educ_cat5_lbl

. tab educ_cat5, missing

                  Education Level |      Freq.     Percent        Cum.
----------------------------------+-----------------------------------
Less than a high school education |    846,731        5.76        5.76
                      High School |  3,550,842       24.16       29.93
                   College Degree |  8,013,710       54.54       84.46
                   Masters Degree |  2,283,232       15.54      100.00
----------------------------------+-----------------------------------
                            Total | 14,694,515      100.00

. assert inlist(educ_cat5,1,2,3,4,5)==1

. 
. 
. 
. 
. *-------------------------------------------------------------*
. * Tabulating Classwrkd
. *-------------------------------------------------------------*
. 
. keep if weeksworked >= 26
(626,164 observations deleted)

. keep if uhrswork >= 20 & uhrswork <= 60
(820,782 observations deleted)

. keep if classwkrd == 22
(4,631,308 observations deleted)

. 
. tab classwkrd

      class of worker [detailed |
                       version] |      Freq.     Percent        Cum.
--------------------------------+-----------------------------------
           wage/salary, private |  8,616,261      100.00      100.00
--------------------------------+-----------------------------------
                          Total |  8,616,261      100.00

. 
. 
. *-------------------------------------------------------------*
. * Data Integrity section
. *-------------------------------------------------------------*
. 
. 
. 
. tab race_cat6, missing

       Race |
   Category |
   (race is |
non-Hispani |
         c) |      Freq.     Percent        Cum.
------------+-----------------------------------
      White |  5,721,451       66.40       66.40
   Hispanic |  1,347,017       15.63       82.04
      Black |    703,436        8.16       90.20
      Asian |    591,912        6.87       97.07
     Indian |     46,310        0.54       97.61
 Other race |    206,135        2.39      100.00
------------+-----------------------------------
      Total |  8,616,261      100.00

. assert inlist(race_cat6,1,2,3,4,5,6)==1 & r(r)==6

. 
. tab schoolyr, missing

   schoolyr |      Freq.     Percent        Cum.
------------+-----------------------------------
        2.5 |    127,922        1.48        1.48
        5.5 |     90,714        1.05        2.54
        7.5 |     67,814        0.79        3.32
          9 |     86,664        1.01        4.33
         10 |     89,533        1.04        5.37
         11 |    110,958        1.29        6.66
         12 |  2,348,415       27.26       33.91
         13 |  1,827,738       21.21       55.13
         14 |    878,110       10.19       65.32
         16 |  2,047,361       23.76       89.08
         18 |    845,959        9.82       98.90
         20 |     95,073        1.10      100.00
------------+-----------------------------------
      Total |  8,616,261      100.00

. assert inrange(schoolyr,2.5,20)==1 & r(r)==12

. 
. assert inlist(educ_cat5,1,2,3,4,5)==1

. 
. assert weeksworked >= 26

. 
. assert uhrswork >= 20 & uhrswork <= 60

. 
. assert classwkrd == 22

. 
.  
. *-------------------------------------------------------------*
. * Question 2
. *-------------------------------------------------------------*
. 
. tab statefip, missing

                      state (fips code) |      Freq.     Percent        Cum.
----------------------------------------+-----------------------------------
                                alabama |    119,386        1.39        1.39
                                 alaska |     10,168        0.12        1.50
                                arizona |    171,414        1.99        3.49
                               arkansas |     71,440        0.83        4.32
                             california |  1,040,345       12.07       16.40
                               colorado |    160,254        1.86       18.26
                            connecticut |    102,938        1.19       19.45
                               delaware |     24,286        0.28       19.73
                   district of columbia |     15,321        0.18       19.91
                                florida |    513,444        5.96       25.87
                                georgia |    269,914        3.13       29.00
                                 hawaii |     33,473        0.39       29.39
                                  idaho |     39,232        0.46       29.85
                               illinois |    379,896        4.41       34.26
                                indiana |    196,144        2.28       36.53
                                   iowa |     91,957        1.07       37.60
                                 kansas |     76,992        0.89       38.49
                               kentucky |    115,536        1.34       39.83
                              louisiana |    106,276        1.23       41.07
                                  maine |     30,600        0.36       41.42
                               maryland |    152,872        1.77       43.20
                          massachusetts |    199,540        2.32       45.51
                               michigan |    272,870        3.17       48.68
                              minnesota |    160,024        1.86       50.54
                            mississippi |     65,215        0.76       51.29
                               missouri |    169,103        1.96       53.26
                                montana |     21,021        0.24       53.50
                               nebraska |     53,036        0.62       54.12
                                 nevada |     83,629        0.97       55.09
                          new hampshire |     39,324        0.46       55.54
                             new jersey |    272,522        3.16       58.70
                             new mexico |     37,436        0.43       59.14
                               new york |    510,955        5.93       65.07
                         north carolina |    267,257        3.10       68.17
                           north dakota |     18,482        0.21       68.39
                                   ohio |    336,770        3.91       72.29
                               oklahoma |     90,632        1.05       73.35
                                 oregon |    104,298        1.21       74.56
                           pennsylvania |    363,476        4.22       78.78
                           rhode island |     28,882        0.34       79.11
                         south carolina |    125,838        1.46       80.57
                           south dakota |     21,391        0.25       80.82
                              tennessee |    178,745        2.07       82.89
                                  texas |    726,041        8.43       91.32
                                   utah |     80,454        0.93       92.25
                                vermont |     15,190        0.18       92.43
                               virginia |    220,171        2.56       94.99
                             washington |    199,892        2.32       97.31
                          west virginia |     40,605        0.47       97.78
                              wisconsin |    178,278        2.07       99.85
                                wyoming |     13,296        0.15      100.00
----------------------------------------+-----------------------------------
                                  Total |  8,616,261      100.00

. assert inrange(statefip, 1, 56)

. 
. *-------------------------------------------------------------*
. * Question 3
. *-------------------------------------------------------------*
. 
. preserve

. gen samplesize = 1

. tabulate statefip year, missing

                      |                                                                        census year
    state (fips code) |      2010       2011       2012       2013       2014       2015       2016       2017       2018       2019       2020       2021       2022       2023 |     Total
----------------------+----------------------------------------------------------------------------------------------------------------------------------------------------------+----------
              alabama |     8,692      8,370      8,536      8,661      8,671      8,697      8,728      8,673      8,840      8,754      6,658      8,286      8,803      9,017 |   119,386 
               alaska |       845        789        684        753        745        718        692        748        745        733        661        689        695        671 |    10,168 
              arizona |    11,531     11,273     11,635     11,931     12,005     12,282     12,511     13,041     13,090     12,968      9,146     12,808     13,555     13,638 |   171,414 
             arkansas |     5,161      4,904      5,119      5,148      5,040      5,214      5,319      5,335      5,366      5,283      3,986      5,015      5,168      5,382 |    71,440 
           california |    69,521     68,985     70,496     73,643     75,033     76,700     77,993     79,853     80,318     79,483     58,526     72,991     78,080     78,723 | 1,040,345 
             colorado |    10,352     10,076     10,499     10,926     11,283     11,758     11,715     12,016     12,341     12,141      9,750     11,662     12,857     12,878 |   160,254 
          connecticut |     7,545      7,455      7,440      7,553      7,582      7,580      7,506      7,661      7,793      7,278      5,675      6,992      7,420      7,458 |   102,938 
             delaware |     1,711      1,789      1,733      1,742      1,766      1,815      1,877      1,800      1,751      1,772      1,397      1,648      1,761      1,724 |    24,286 
 district of columbia |       885        924        970      1,052      1,132      1,148      1,143      1,172      1,242      1,228        868      1,185      1,208      1,164 |    15,321 
              florida |    35,124     34,731     34,728     36,368     36,659     37,501     38,008     39,400     40,277     40,064     23,432     36,317     40,426     40,409 |   513,444 
              georgia |    18,980     17,455     18,612     18,791     19,304     19,869     20,044     20,618     21,402     20,759     12,031     18,148     21,589     22,312 |   269,914 
               hawaii |     2,407      2,404      2,386      2,476      2,472      2,539      2,567      2,501      2,517      2,402      2,122      2,091      2,304      2,285 |    33,473 
                idaho |     2,778      2,537      2,538      2,671      2,664      2,704      2,713      2,871      2,893      2,918      2,384      2,848      3,315      3,398 |    39,232 
             illinois |    27,165     26,258     27,222     27,951     27,692     28,307     28,099     28,465     28,860     27,381     23,563     25,237     26,720     26,976 |   379,896 
              indiana |    14,031     13,618     14,137     14,057     14,400     14,386     14,495     14,871     14,933     14,278     11,026     13,181     14,351     14,380 |   196,144 
                 iowa |     6,656      6,650      6,449      6,753      6,631      6,759      6,676      6,945      6,982      6,534      6,239      6,021      6,314      6,348 |    91,957 
               kansas |     5,528      5,367      5,563      5,748      5,561      5,690      5,671      5,719      5,697      5,718      5,119      5,029      5,317      5,265 |    76,992 
             kentucky |     8,097      7,904      8,248      8,375      8,408      8,379      8,714      8,723      8,824      8,309      6,775      7,939      8,380      8,461 |   115,536 
            louisiana |     8,171      7,699      8,028      8,230      8,070      8,160      7,957      8,105      8,136      7,631      4,869      6,778      7,152      7,290 |   106,276 
                maine |     2,290      2,314      2,246      2,146      2,200      2,240      2,173      2,161      2,282      2,128      1,950      2,032      2,220      2,218 |    30,600 
             maryland |    11,120     10,767     10,991     11,176     11,212     11,251     11,458     11,478     11,545     10,886      8,460     10,494     10,980     11,054 |   152,872 
        massachusetts |    13,563     13,789     13,851     14,260     14,117     14,551     14,855     14,965     15,239     14,885     11,055     14,172     15,063     15,175 |   199,540 
             michigan |    18,939     18,747     18,927     19,682     19,639     19,896     20,333     20,801     20,733     19,997     18,483     17,890     19,141     19,662 |   272,870 
            minnesota |    11,559     11,412     11,406     11,800     11,514     11,872     11,731     12,019     11,798     11,395     10,445     10,741     11,235     11,097 |   160,024 
          mississippi |     4,829      4,742      4,653      4,955      4,858      4,896      4,836      4,997      4,975      4,877      3,006      4,276      4,645      4,670 |    65,215 
             missouri |    12,235     11,656     11,781     12,354     12,106     12,297     12,387     12,650     12,671     12,313     10,629     11,537     12,228     12,259 |   169,103 
              montana |     1,580      1,472      1,462      1,468      1,368      1,467      1,552      1,594      1,571      1,503      1,379      1,399      1,590      1,616 |    21,021 
             nebraska |     3,729      3,665      3,846      3,796      3,958      3,921      3,865      4,061      3,896      3,735      3,478      3,621      3,649      3,816 |    53,036 
               nevada |     5,862      5,440      5,700      5,854      5,784      5,960      6,145      6,502      6,588      6,546      4,355      5,648      6,553      6,692 |    83,629 
        new hampshire |     2,873      2,814      2,868      2,860      2,912      2,864      2,887      2,955      2,877      2,883      2,364      2,627      2,716      2,824 |    39,324 
           new jersey |    19,264     19,045     18,928     19,640     19,691     20,058     20,075     20,451     20,589     20,094     14,538     19,190     20,136     20,823 |   272,522 
           new mexico |     2,935      2,839      2,826      2,707      2,704      2,735      2,742      2,693      2,853      2,675      1,973      2,332      2,584      2,838 |    37,436 
             new york |    35,755     35,849     36,265     37,460     37,695     38,046     38,015     38,787     38,840     38,492     27,995     33,304     36,718     37,734 |   510,955 
       north carolina |    18,219     17,576     18,423     18,792     19,286     19,421     19,539     20,684     20,824     20,215     13,656     18,796     20,540     21,286 |   267,257 
         north dakota |     1,272      1,184      1,225      1,326      1,321      1,400      1,404      1,455      1,391      1,329      1,239      1,218      1,336      1,382 |    18,482 
                 ohio |    24,690     23,597     23,758     24,834     24,629     24,840     24,832     25,296     25,438     24,481     19,390     22,820     23,882     24,283 |   336,770 
             oklahoma |     6,585      6,505      6,553      6,746      6,684      6,697      6,600      6,499      6,714      6,419      5,919      6,028      6,323      6,360 |    90,632 
               oregon |     6,826      6,853      6,908      7,208      7,152      7,580      7,727      8,056      8,243      7,890      6,092      7,530      8,203      8,030 |   104,298 
         pennsylvania |    26,032     25,688     26,397     26,700     26,558     26,514     26,627     27,009     27,211     25,899     24,010     23,890     25,355     25,586 |   363,476 
         rhode island |     2,109      2,094      2,142      2,127      2,193      2,172      2,071      2,193      2,179      2,135      1,473      2,000      1,982      2,012 |    28,882 
       south carolina |     8,846      8,360      8,744      8,765      9,037      9,141      9,331      9,605      9,692      9,502      6,231      8,874      9,603     10,107 |   125,838 
         south dakota |     1,485      1,447      1,480      1,501      1,530      1,561      1,529      1,672      1,590      1,571      1,455      1,388      1,553      1,629 |    21,391 
            tennessee |    12,319     11,805     12,254     12,650     12,618     12,898     12,936     13,614     13,786     13,637      9,363     12,804     14,102     13,959 |   178,745 
                texas |    49,557     46,972     48,826     51,730     51,917     53,794     54,363     55,843     56,701     55,162     33,697     49,199     57,923     60,357 |   726,041 
                 utah |     5,125      4,998      5,150      5,243      5,480      5,413      5,576      5,726      6,102      6,127      5,606      6,185      6,690      7,033 |    80,454 
              vermont |     1,133      1,124      1,207      1,139      1,109      1,156      1,168      1,064      1,063      1,066        939        979        996      1,047 |    15,190 
             virginia |    15,714     15,156     16,019     16,343     15,951     16,265     16,289     16,388     16,467     16,085     12,076     15,173     15,950     16,295 |   220,171 
           washington |    13,058     12,923     13,119     13,357     13,743     14,088     14,540     14,968     15,645     15,480     12,176     14,746     15,858     16,191 |   199,892 
        west virginia |     3,218      3,062      3,161      3,063      3,035      3,087      2,968      2,998      2,977      2,815      2,062      2,481      2,832      2,846 |    40,605 
            wisconsin |    13,109     12,773     12,808     13,102     12,909     13,096     12,974     13,136     13,480     12,670     11,692     11,941     12,226     12,362 |   178,278 
              wyoming |     1,030      1,035      1,028      1,029        984        967        966        985        961        940        776        832        911        852 |    13,296 
----------------------+----------------------------------------------------------------------------------------------------------------------------------------------------------+----------
                Total |   602,040    586,891    599,975    618,642    621,012    632,350    636,922    651,822    658,928    641,466    482,189    591,012    641,138    651,874 | 8,616,261 

. collapse (count) samplesize (mean) age, by(statefip year)

. tsset statefip year

Panel variable: statefip (strongly balanced)
 Time variable: year, 2010 to 2023
         Delta: 1 unit

. assert !missing(statefip, year)

. restore

. 
. 
. preserve

. drop if statefip==8 & year==2012
(10,499 observations deleted)

. tabulate statefip year, missing

                      |                                                                        census year
    state (fips code) |      2010       2011       2012       2013       2014       2015       2016       2017       2018       2019       2020       2021       2022       2023 |     Total
----------------------+----------------------------------------------------------------------------------------------------------------------------------------------------------+----------
              alabama |     8,692      8,370      8,536      8,661      8,671      8,697      8,728      8,673      8,840      8,754      6,658      8,286      8,803      9,017 |   119,386 
               alaska |       845        789        684        753        745        718        692        748        745        733        661        689        695        671 |    10,168 
              arizona |    11,531     11,273     11,635     11,931     12,005     12,282     12,511     13,041     13,090     12,968      9,146     12,808     13,555     13,638 |   171,414 
             arkansas |     5,161      4,904      5,119      5,148      5,040      5,214      5,319      5,335      5,366      5,283      3,986      5,015      5,168      5,382 |    71,440 
           california |    69,521     68,985     70,496     73,643     75,033     76,700     77,993     79,853     80,318     79,483     58,526     72,991     78,080     78,723 | 1,040,345 
             colorado |    10,352     10,076          0     10,926     11,283     11,758     11,715     12,016     12,341     12,141      9,750     11,662     12,857     12,878 |   149,755 
          connecticut |     7,545      7,455      7,440      7,553      7,582      7,580      7,506      7,661      7,793      7,278      5,675      6,992      7,420      7,458 |   102,938 
             delaware |     1,711      1,789      1,733      1,742      1,766      1,815      1,877      1,800      1,751      1,772      1,397      1,648      1,761      1,724 |    24,286 
 district of columbia |       885        924        970      1,052      1,132      1,148      1,143      1,172      1,242      1,228        868      1,185      1,208      1,164 |    15,321 
              florida |    35,124     34,731     34,728     36,368     36,659     37,501     38,008     39,400     40,277     40,064     23,432     36,317     40,426     40,409 |   513,444 
              georgia |    18,980     17,455     18,612     18,791     19,304     19,869     20,044     20,618     21,402     20,759     12,031     18,148     21,589     22,312 |   269,914 
               hawaii |     2,407      2,404      2,386      2,476      2,472      2,539      2,567      2,501      2,517      2,402      2,122      2,091      2,304      2,285 |    33,473 
                idaho |     2,778      2,537      2,538      2,671      2,664      2,704      2,713      2,871      2,893      2,918      2,384      2,848      3,315      3,398 |    39,232 
             illinois |    27,165     26,258     27,222     27,951     27,692     28,307     28,099     28,465     28,860     27,381     23,563     25,237     26,720     26,976 |   379,896 
              indiana |    14,031     13,618     14,137     14,057     14,400     14,386     14,495     14,871     14,933     14,278     11,026     13,181     14,351     14,380 |   196,144 
                 iowa |     6,656      6,650      6,449      6,753      6,631      6,759      6,676      6,945      6,982      6,534      6,239      6,021      6,314      6,348 |    91,957 
               kansas |     5,528      5,367      5,563      5,748      5,561      5,690      5,671      5,719      5,697      5,718      5,119      5,029      5,317      5,265 |    76,992 
             kentucky |     8,097      7,904      8,248      8,375      8,408      8,379      8,714      8,723      8,824      8,309      6,775      7,939      8,380      8,461 |   115,536 
            louisiana |     8,171      7,699      8,028      8,230      8,070      8,160      7,957      8,105      8,136      7,631      4,869      6,778      7,152      7,290 |   106,276 
                maine |     2,290      2,314      2,246      2,146      2,200      2,240      2,173      2,161      2,282      2,128      1,950      2,032      2,220      2,218 |    30,600 
             maryland |    11,120     10,767     10,991     11,176     11,212     11,251     11,458     11,478     11,545     10,886      8,460     10,494     10,980     11,054 |   152,872 
        massachusetts |    13,563     13,789     13,851     14,260     14,117     14,551     14,855     14,965     15,239     14,885     11,055     14,172     15,063     15,175 |   199,540 
             michigan |    18,939     18,747     18,927     19,682     19,639     19,896     20,333     20,801     20,733     19,997     18,483     17,890     19,141     19,662 |   272,870 
            minnesota |    11,559     11,412     11,406     11,800     11,514     11,872     11,731     12,019     11,798     11,395     10,445     10,741     11,235     11,097 |   160,024 
          mississippi |     4,829      4,742      4,653      4,955      4,858      4,896      4,836      4,997      4,975      4,877      3,006      4,276      4,645      4,670 |    65,215 
             missouri |    12,235     11,656     11,781     12,354     12,106     12,297     12,387     12,650     12,671     12,313     10,629     11,537     12,228     12,259 |   169,103 
              montana |     1,580      1,472      1,462      1,468      1,368      1,467      1,552      1,594      1,571      1,503      1,379      1,399      1,590      1,616 |    21,021 
             nebraska |     3,729      3,665      3,846      3,796      3,958      3,921      3,865      4,061      3,896      3,735      3,478      3,621      3,649      3,816 |    53,036 
               nevada |     5,862      5,440      5,700      5,854      5,784      5,960      6,145      6,502      6,588      6,546      4,355      5,648      6,553      6,692 |    83,629 
        new hampshire |     2,873      2,814      2,868      2,860      2,912      2,864      2,887      2,955      2,877      2,883      2,364      2,627      2,716      2,824 |    39,324 
           new jersey |    19,264     19,045     18,928     19,640     19,691     20,058     20,075     20,451     20,589     20,094     14,538     19,190     20,136     20,823 |   272,522 
           new mexico |     2,935      2,839      2,826      2,707      2,704      2,735      2,742      2,693      2,853      2,675      1,973      2,332      2,584      2,838 |    37,436 
             new york |    35,755     35,849     36,265     37,460     37,695     38,046     38,015     38,787     38,840     38,492     27,995     33,304     36,718     37,734 |   510,955 
       north carolina |    18,219     17,576     18,423     18,792     19,286     19,421     19,539     20,684     20,824     20,215     13,656     18,796     20,540     21,286 |   267,257 
         north dakota |     1,272      1,184      1,225      1,326      1,321      1,400      1,404      1,455      1,391      1,329      1,239      1,218      1,336      1,382 |    18,482 
                 ohio |    24,690     23,597     23,758     24,834     24,629     24,840     24,832     25,296     25,438     24,481     19,390     22,820     23,882     24,283 |   336,770 
             oklahoma |     6,585      6,505      6,553      6,746      6,684      6,697      6,600      6,499      6,714      6,419      5,919      6,028      6,323      6,360 |    90,632 
               oregon |     6,826      6,853      6,908      7,208      7,152      7,580      7,727      8,056      8,243      7,890      6,092      7,530      8,203      8,030 |   104,298 
         pennsylvania |    26,032     25,688     26,397     26,700     26,558     26,514     26,627     27,009     27,211     25,899     24,010     23,890     25,355     25,586 |   363,476 
         rhode island |     2,109      2,094      2,142      2,127      2,193      2,172      2,071      2,193      2,179      2,135      1,473      2,000      1,982      2,012 |    28,882 
       south carolina |     8,846      8,360      8,744      8,765      9,037      9,141      9,331      9,605      9,692      9,502      6,231      8,874      9,603     10,107 |   125,838 
         south dakota |     1,485      1,447      1,480      1,501      1,530      1,561      1,529      1,672      1,590      1,571      1,455      1,388      1,553      1,629 |    21,391 
            tennessee |    12,319     11,805     12,254     12,650     12,618     12,898     12,936     13,614     13,786     13,637      9,363     12,804     14,102     13,959 |   178,745 
                texas |    49,557     46,972     48,826     51,730     51,917     53,794     54,363     55,843     56,701     55,162     33,697     49,199     57,923     60,357 |   726,041 
                 utah |     5,125      4,998      5,150      5,243      5,480      5,413      5,576      5,726      6,102      6,127      5,606      6,185      6,690      7,033 |    80,454 
              vermont |     1,133      1,124      1,207      1,139      1,109      1,156      1,168      1,064      1,063      1,066        939        979        996      1,047 |    15,190 
             virginia |    15,714     15,156     16,019     16,343     15,951     16,265     16,289     16,388     16,467     16,085     12,076     15,173     15,950     16,295 |   220,171 
           washington |    13,058     12,923     13,119     13,357     13,743     14,088     14,540     14,968     15,645     15,480     12,176     14,746     15,858     16,191 |   199,892 
        west virginia |     3,218      3,062      3,161      3,063      3,035      3,087      2,968      2,998      2,977      2,815      2,062      2,481      2,832      2,846 |    40,605 
            wisconsin |    13,109     12,773     12,808     13,102     12,909     13,096     12,974     13,136     13,480     12,670     11,692     11,941     12,226     12,362 |   178,278 
              wyoming |     1,030      1,035      1,028      1,029        984        967        966        985        961        940        776        832        911        852 |    13,296 
----------------------+----------------------------------------------------------------------------------------------------------------------------------------------------------+----------
                Total |   602,040    586,891    589,476    618,642    621,012    632,350    636,922    651,822    658,928    641,466    482,189    591,012    641,138    651,874 | 8,605,762 

. gen samplesize = 1

. collapse (count) samplesize (mean) age, by(statefip year)

. tsset statefip year

Panel variable: statefip (unbalanced)
 Time variable: year, 2010 to 2023, but with a gap
         Delta: 1 unit

. assert !missing(statefip, year)

. restore

. 
. 
. *-------------------------------------------------------------*
. * Question 4
. *-------------------------------------------------------------*
. 
. keep if age >= 25 & age <= 30
(7,099,931 observations deleted)

. 
. gen year16 = year - (age-16)

. assert inrange(year16, 1996, 2014)

. 
. ** The way this is calculated is that we have our year of the survery which they were
. ** a specific age there then we figure out that the difference between when they were
. ** 16 up to their current years of age and this difference then in terms of years from the sruvey gives us year they were 16
. 
. 
. 
. *-------------------------------------------------------------*
. * Question 5
. *-------------------------------------------------------------*
. 
. gen statefips = string(statefip,"%02.0f")

. label variable statefips "State FIPS code (str)"

. describe statefip statefips

Variable      Storage   Display    Value
    name         type    format    label      Variable label
---------------------------------------------------------------------------------------------------------------------------------------------------------------------------------------------------------------------------------------------------------------
statefip        byte    %8.0g      STATEFIP   state (fips code)
statefips       str2    %9s                   State FIPS code (str)

. 
. 
. *-------------------------------------------------------------*
. * Question 6
. *-------------------------------------------------------------*
. 
. #delimit ;
delimiter now ;
. d,s;

Contains data from econ5813_IPUMS_EXTRACT.dta
 Observations:     1,516,330                  
    Variables:            76                  15 NOV 2025 20:54
Sorted by: 
     Note: Dataset has changed since last saved.

. merge m:1 statefips year16
>  using BLS-State-Annual-Unemployment_1976-2017.dta
>  ,keep(master match) keepusing(unemployment_rate);

    Result                      Number of obs
    -----------------------------------------
    Not matched                             0
    Matched                         1,516,330  (_merge==3)
    -----------------------------------------

.  d,s;

Contains data from econ5813_IPUMS_EXTRACT.dta
 Observations:     1,516,330                  
    Variables:            78                  15 NOV 2025 20:54
Sorted by: 
     Note: Dataset has changed since last saved.

. assert _merge == 3 ;

. drop _merge;

. #delimit cr;
delimiter now cr
. 
. 
. *-------------------------------------------------------------*
. * Question 7
. *-------------------------------------------------------------*
. 
. gen unemp_cat3 = .
(1,516,330 missing values generated)

. replace unemp_cat3 = 1 if unemployment_rate < 4
(160,577 real changes made)

. replace unemp_cat3 = 2 if unemployment_rate >= 4   & unemployment_rate < 6
(760,729 real changes made)

. replace unemp_cat3 = 3 if unemployment_rate >= 6
(595,024 real changes made)

. 
. label variable unemp_cat3 "Unemployment rate category"

. 
. 
. label define unemp3 ///
>     1 "Less than 4%" ///
>     2 "4% to 5.9%" ///
>     3 "6% or more"

. 
. 
. label values unemp_cat3 unemp3

. 
. tab unemp_cat3, missing

Unemployment |
        rate |
    category |      Freq.     Percent        Cum.
-------------+-----------------------------------
Less than 4% |    160,577       10.59       10.59
  4% to 5.9% |    760,729       50.17       60.76
  6% or more |    595,024       39.24      100.00
-------------+-----------------------------------
       Total |  1,516,330      100.00

. 
. assert inlist(unemp_cat3,1,2,3)==1 & r(r)==3

. 
. save econ5813_IPUMS_EXTRACT_merged.dta, replace 
file econ5813_IPUMS_EXTRACT_merged.dta saved

. 
. *-------------------------------------------------------------*
. * Question 8
. *-------------------------------------------------------------*
. use County_Population1996-2010.dta, replace

. 
. collapse (sum) population, by(statefip countyfip year)

. 
. collapse (sum) population, by(statefip year)

. 
. rename year year16

. 
. save County_Population1996-2010_cleaned.dta, replace
file County_Population1996-2010_cleaned.dta saved

. 
. use econ5813_IPUMS_EXTRACT_merged, clear

. 
. keep if year16 >= 1996 & year16 <= 2010
(179,832 observations deleted)

. 
. merge m:1 statefip year16 using County_Population1996-2010_cleaned.dta ///
>     , keep(master match) keepusing(population)

    Result                      Number of obs
    -----------------------------------------
    Not matched                             0
    Matched                         1,336,498  (_merge==3)
    -----------------------------------------

. 
. assert _merge == 3

. drop _merge

. 
. 
. gen population10 = population / 10000

. label variable population10 "State population (in tens of thousands)"

. 
. assert float(population10)==float(432.6921) if year16==2000 & statefip==8

. 
. *-------------------------------------------------------------*
. * Question 9
. *-------------------------------------------------------------*
. tabstat wage age, by(race_cat6) ///
>     stats(n mean semean min max) ///
>     longstub columns(statistics)

race_cat6      Variable |         N      Mean  se(mean)       Min       Max
------------------------+--------------------------------------------------
White              wage |    842297  21.00942  .0171985  .0015686  777.0563
                    age |    842297   27.7268  .0018382        25        30
------------------------+--------------------------------------------------
Hispanic           wage |    247930  16.68312  .0242487  .0043573  562.7451
                    age |    247930  27.72191  .0034108        25        30
------------------------+--------------------------------------------------
Black              wage |    112578   15.9638   .038276  .0408497  579.5455
                    age |    112578  27.69354  .0050788        25        30
------------------------+--------------------------------------------------
Asian              wage |     87711  28.40896  .0791347  .0098039  593.1373
                    age |     87711  27.89197  .0056072        25        30
------------------------+--------------------------------------------------
Indian             wage |      7563  15.84875  .1389794  .1136364  307.3529
                    age |      7563   27.7263  .0193715        25        30
------------------------+--------------------------------------------------
Other race         wage |     38419  21.52694  .0891854  .0784314  466.6667
                    age |     38419  27.83755  .0084584        25        30
------------------------+--------------------------------------------------
Total              wage |   1336498  20.25314  .0137425  .0015686  777.0563
                    age |   1336498  27.73711  .0014607        25        30
---------------------------------------------------------------------------

. 
. tabstat wage age, by(race_cat6) ///
>     stats(n mean semean min max) ///
>     longstub columns(variables)

race_cat6     Stats |      wage       age
--------------------+--------------------
White             N |    842297    842297
               Mean |  21.00942   27.7268
           se(mean) |  .0171985  .0018382
                Min |  .0015686        25
                Max |  777.0563        30
--------------------+--------------------
Hispanic          N |    247930    247930
               Mean |  16.68312  27.72191
           se(mean) |  .0242487  .0034108
                Min |  .0043573        25
                Max |  562.7451        30
--------------------+--------------------
Black             N |    112578    112578
               Mean |   15.9638  27.69354
           se(mean) |   .038276  .0050788
                Min |  .0408497        25
                Max |  579.5455        30
--------------------+--------------------
Asian             N |     87711     87711
               Mean |  28.40896  27.89197
           se(mean) |  .0791347  .0056072
                Min |  .0098039        25
                Max |  593.1373        30
--------------------+--------------------
Indian            N |      7563      7563
               Mean |  15.84875   27.7263
           se(mean) |  .1389794  .0193715
                Min |  .1136364        25
                Max |  307.3529        30
--------------------+--------------------
Other race        N |     38419     38419
               Mean |  21.52694  27.83755
           se(mean) |  .0891854  .0084584
                Min |  .0784314        25
                Max |  466.6667        30
--------------------+--------------------
Total             N |   1336498   1336498
               Mean |  20.25314  27.73711
           se(mean) |  .0137425  .0014607
                Min |  .0015686        25
                Max |  777.0563        30
-----------------------------------------

. 
. tabstat wage age, by(race_cat6) ///
>     stats(n mean semean min max) ///
>     longstub columns(statistics) ///
>     format(%9.3g)

race_cat6      Variable |         N      Mean  se(mean)       Min       Max
------------------------+--------------------------------------------------
White              wage |    842297        21     .0172    .00157       777
                    age |    842297      27.7    .00184        25        30
------------------------+--------------------------------------------------
Hispanic           wage |    247930      16.7     .0242    .00436       563
                    age |    247930      27.7    .00341        25        30
------------------------+--------------------------------------------------
Black              wage |    112578        16     .0383     .0408       580
                    age |    112578      27.7    .00508        25        30
------------------------+--------------------------------------------------
Asian              wage |     87711      28.4     .0791     .0098       593
                    age |     87711      27.9    .00561        25        30
------------------------+--------------------------------------------------
Indian             wage |      7563      15.8      .139      .114       307
                    age |      7563      27.7     .0194        25        30
------------------------+--------------------------------------------------
Other race         wage |     38419      21.5     .0892     .0784       467
                    age |     38419      27.8    .00846        25        30
------------------------+--------------------------------------------------
Total              wage |   1336498      20.3     .0137    .00157       777
                    age |   1336498      27.7    .00146        25        30
---------------------------------------------------------------------------

.         
. *-------------------------------------------------------------*
. * Question 11
. *-------------------------------------------------------------*
. preserve

. collapse (mean) unemployment_rate schoolyr wage, by(year16)

. #delimit ;
delimiter now ;
. twoway line unemployment_rate year16,
>  graphregion(color(white)) bgcolor(white) name(PanelA, replace) title("Panel A: Unemp vs Year") graphregion(color(white)) bgcolor(white);

. twoway line wage year16,
>  graphregion(color(white)) bgcolor(white) name(PanelB, replace) title("Panel B: Wage vs Year");

. graph combine PanelA PanelB, col(1)
>  graphregion(color(white)) name(Figure1, replace) title("Figure 1") note("U.S. State-Level Average, 1976–2017");

. graph save Figure1 Econ5813PA3-Figure1.gph, replace;
file Econ5813PA3-Figure1.gph saved

. #delimit cr;
delimiter now cr
. 
. restore

. 
. 
. 
.         
. *-------------------------------------------------------------*
. * Question 11
. *-------------------------------------------------------------*
. 
. regress wage i.unemp_cat3 $rhs

      Source |       SS           df       MS      Number of obs   = 1,336,498
-------------+----------------------------------   F(14, 1336483)  =   7863.85
       Model |  25673788.2        14  1833842.01   Prob > F        =    0.0000
    Residual |   311666633 1,336,483    233.1991   R-squared       =    0.0761
-------------+----------------------------------   Adj R-squared   =    0.0761
       Total |   337340421 1,336,497  252.406418   Root MSE        =    15.271

------------------------------------------------------------------------------
        wage | Coefficient  Std. err.      t    P>|t|     [95% conf. interval]
-------------+----------------------------------------------------------------
  unemp_cat3 |
 4% to 5.9%  |   .8411331   .0430166    19.55   0.000     .7568221    .9254441
 6% or more  |   3.295805   .0465169    70.85   0.000     3.204634    3.386977
             |
         age |
         26  |   1.509978   .0501849    30.09   0.000     1.411617    1.608338
         27  |   3.055091   .0491072    62.21   0.000     2.958842    3.151339
         28  |   4.639206   .0480674    96.51   0.000     4.544996    4.733417
         29  |   6.341496   .0473096   134.04   0.000     6.248771    6.434221
         30  |   7.487464   .0469788   159.38   0.000     7.395387    7.579541
             |
   race_cat6 |
   Hispanic  |  -5.510176   .0367183  -150.07   0.000    -5.582143    -5.43821
      Black  |  -4.912627   .0485212  -101.25   0.000    -5.007727   -4.817527
      Asian  |   6.061007   .0552986   109.61   0.000     5.952623     6.16939
     Indian  |  -4.737601   .1764502   -26.85   0.000    -5.083437   -4.391765
 Other race  |  -.1568898   .0797829    -1.97   0.049    -.3132615    -.000518
             |
      female |   -2.11968   .0265978   -79.69   0.000    -2.171811   -2.067549
population10 |   .0010786   .0000137    78.53   0.000     .0010517    .0011055
       _cons |    15.1073   .0549072   275.14   0.000     14.99968    15.21491
------------------------------------------------------------------------------

. 
. 
. global rhs "i.age i.race_cat6 female population10"

. * (Model 1) Baseline wage regression.
. eststo : regress wage i.unemp_cat3 $rhs, ///
>  baselevels vce(cluster statefip)

Linear regression                               Number of obs     =  1,336,498
                                                F(14, 50)         =     476.06
                                                Prob > F          =     0.0000
                                                R-squared         =     0.0761
                                                Root MSE          =     15.271

                               (Std. err. adjusted for 51 clusters in statefip)
-------------------------------------------------------------------------------
              |               Robust
         wage | Coefficient  std. err.      t    P>|t|     [95% conf. interval]
--------------+----------------------------------------------------------------
   unemp_cat3 |
Less than 4%  |          0  (base)
  4% to 5.9%  |   .8411331   .5492757     1.53   0.132    -.2621195    1.944386
  6% or more  |   3.295805    .559513     5.89   0.000      2.17199     4.41962
              |
          age |
          25  |          0  (base)
          26  |   1.509978   .0598287    25.24   0.000     1.389808    1.630147
          27  |   3.055091    .122343    24.97   0.000     2.809358    3.300824
          28  |   4.639206   .2200968    21.08   0.000     4.197129    5.081284
          29  |   6.341496   .2912447    21.77   0.000     5.756514    6.926478
          30  |   7.487464   .3036189    24.66   0.000     6.877628    8.097301
              |
    race_cat6 |
       White  |          0  (base)
    Hispanic  |  -5.510176   .8803774    -6.26   0.000    -7.278466   -3.741886
       Black  |  -4.912627   .3137251   -15.66   0.000    -5.542762   -4.282492
       Asian  |   6.061007   .5840177    10.38   0.000     4.887973    7.234041
      Indian  |  -4.737601   .5374628    -8.81   0.000    -5.817127   -3.658075
  Other race  |  -.1568898   .1616751    -0.97   0.337    -.4816239    .1678443
              |
       female |   -2.11968   .1108622   -19.12   0.000    -2.342353   -1.897007
 population10 |   .0010786   .0002272     4.75   0.000     .0006223    .0015348
        _cons |    15.1073   .6034963    25.03   0.000     13.89514    16.31945
-------------------------------------------------------------------------------
(est5 stored)

. estadd ysumm, mean

added scalars:
              e(ymean) =  20.253137

. estadd local State_FE "No", replace

added macro:
           e(State_FE) : "No"

. estadd local Year_FE "No", replace

added macro:
            e(Year_FE) : "No"

. test 2.unemp_cat3 3.unemp_cat3

 ( 1)  2.unemp_cat3 = 0
 ( 2)  3.unemp_cat3 = 0

       F(  2,    50) =   38.49
            Prob > F =    0.0000

. * (Model 2) Add state fixed effects.
. eststo : regress wage i.unemp_cat3 i.statefip $rhs, ///
>  baselevels vce(cluster statefip)

Linear regression                               Number of obs     =  1,336,498
                                                F(13, 50)         =          .
                                                Prob > F          =          .
                                                R-squared         =     0.1016
                                                Root MSE          =     15.059

                                       (Std. err. adjusted for 51 clusters in statefip)
---------------------------------------------------------------------------------------
                      |               Robust
                 wage | Coefficient  std. err.      t    P>|t|     [95% conf. interval]
----------------------+----------------------------------------------------------------
           unemp_cat3 |
        Less than 4%  |          0  (base)
          4% to 5.9%  |   1.463325   .3407106     4.29   0.000     .7789878    2.147663
          6% or more  |   3.330003   .4119686     8.08   0.000      2.50254    4.157466
                      |
             statefip |
             alabama  |          0  (base)
              alaska  |   10.57929   1.589863     6.65   0.000     7.385956    13.77262
             arizona  |   .5464513   .4171192     1.31   0.196    -.2913573     1.38426
            arkansas  |    3.56014   .6981891     5.10   0.000     2.157786    4.962494
          california  |  -60.64959   11.79555    -5.14   0.000    -84.34166   -36.95753
            colorado  |   4.640371   .1550807    29.92   0.000     4.328882    4.951859
         connecticut  |   8.482116   .4536068    18.70   0.000     7.571019    9.393212
            delaware  |   11.88341   1.453972     8.17   0.000     8.963023     14.8038
district of columbia  |   21.96376   1.591159    13.80   0.000     18.76782     25.1597
             florida  |  -25.22184   4.874695    -5.17   0.000    -35.01295   -15.43073
             georgia  |  -6.912558   1.634772    -4.23   0.000    -10.19609   -3.629022
              hawaii  |   6.946601   1.238369     5.61   0.000     4.459264    9.433939
               idaho  |    6.42047   1.231483     5.21   0.000     3.946964    8.893976
            illinois  |  -13.72004   3.052339    -4.49   0.000    -19.85084   -7.589233
             indiana  |  -2.646216   .6584783    -4.02   0.000    -3.968809   -1.323624
                iowa  |   4.486112   .6203925     7.23   0.000     3.240017    5.732207
              kansas  |   5.123294   .7145365     7.17   0.000     3.688106    6.558483
            kentucky  |    .701806   .1517937     4.62   0.000     .3969193    1.006693
           louisiana  |   1.784018   .0958354    18.62   0.000     1.591526    1.976509
               maine  |   6.961644   1.239348     5.62   0.000     4.472341    9.450947
            maryland  |   3.599888    .373853     9.63   0.000     2.848982    4.350794
       massachusetts  |   4.181675   .7202215     5.81   0.000     2.735067    5.628282
            michigan  |  -11.60113   2.065145    -5.62   0.000     -15.7491   -7.453166
           minnesota  |   1.736482   .2383671     7.28   0.000     1.257708    2.215256
         mississippi  |   2.033686   .7023283     2.90   0.006     .6230184    3.444354
            missouri  |  -1.906601   .4721211    -4.04   0.000    -2.854884   -.9583176
             montana  |   7.752528   1.392319     5.57   0.000     4.955973    10.54908
            nebraska  |    8.25119   1.115011     7.40   0.000     6.011625    10.49076
              nevada  |   7.267267    .952299     7.63   0.000     5.354518    9.180016
       new hampshire  |    11.1545   1.265044     8.82   0.000     8.613584    13.69541
          new jersey  |  -1.845841   1.526116    -1.21   0.232    -4.911134    1.219452
          new mexico  |   7.456792   1.231999     6.05   0.000      4.98225    9.931334
            new york  |  -25.20798   5.582383    -4.52   0.000    -36.42052   -13.99543
      north carolina  |  -7.258682   1.564793    -4.64   0.000    -10.40166   -4.115703
        north dakota  |   12.32031   1.517817     8.12   0.000     9.271682    15.36893
                ohio  |  -14.32371   2.652386    -5.40   0.000    -19.65119   -8.996238
            oklahoma  |   3.099724   .4377675     7.08   0.000     2.220442    3.979006
              oregon  |   3.245032   .4287931     7.57   0.000     2.383776    4.106289
        pennsylvania  |  -14.84628   3.052063    -4.86   0.000    -20.97653   -8.716027
        rhode island  |   10.78237   1.372751     7.85   0.000     8.025117    13.53962
      south carolina  |   .7759118   .1920776     4.04   0.000     .3901126    1.161711
        south dakota  |   9.570853   1.473967     6.49   0.000     6.610303     12.5314
           tennessee  |  -2.492651   .5407521    -4.61   0.000    -3.578784   -1.406518
               texas  |  -35.14602   6.863987    -5.12   0.000    -48.93275    -21.3593
                utah  |   6.935439   .8419448     8.24   0.000     5.244343    8.626535
             vermont  |   9.382353   1.512576     6.20   0.000     6.344254    12.42045
            virginia  |   -.755637   1.145528    -0.66   0.513    -3.056499    1.545225
          washington  |   2.100959     .63717     3.30   0.002     .8211658    3.380753
       west virginia  |   4.729403   1.048415     4.51   0.000     2.623599    6.835207
           wisconsin  |  -.5422533   .3830208    -1.42   0.163    -1.311573    .2270666
             wyoming  |   11.78785   1.578029     7.47   0.000     8.618284    14.95741
                      |
                  age |
                  25  |          0  (base)
                  26  |   1.670413   .0817897    20.42   0.000     1.506134    1.834692
                  27  |   3.364857   .1745149    19.28   0.000     3.014334    3.715381
                  28  |   5.071343   .3117365    16.27   0.000     4.445202    5.697484
                  29  |   6.907412   .4292071    16.09   0.000     6.045324      7.7695
                  30  |   8.321419   .5200537    16.00   0.000      7.27686    9.365977
                      |
            race_cat6 |
               White  |          0  (base)
            Hispanic  |  -5.849232   .8270169    -7.07   0.000    -7.510345    -4.18812
               Black  |  -4.868055   .2205609   -22.07   0.000    -5.311064   -4.425045
               Asian  |   5.198457    .425044    12.23   0.000     4.344731    6.052183
              Indian  |  -4.542065   .6401625    -7.10   0.000    -5.827869    -3.25626
          Other race  |  -.6326321   .1195135    -5.29   0.000    -.8726821   -.3925822
                      |
               female |  -2.158721   .1108159   -19.48   0.000    -2.381301   -1.936141
         population10 |   .0215155   .0038569     5.58   0.000     .0137687    .0292624
                _cons |   2.781641   1.907716     1.46   0.151    -1.050119    6.613401
---------------------------------------------------------------------------------------
(est6 stored)

. estadd ysumm, mean

added scalars:
              e(ymean) =  20.253137

. estadd local State_FE "Yes", replace

added macro:
           e(State_FE) : "Yes"

. estadd local Year_FE "No", replace

added macro:
            e(Year_FE) : "No"

. test 2.unemp_cat3 3.unemp_cat3

 ( 1)  2.unemp_cat3 = 0
 ( 2)  3.unemp_cat3 = 0

       F(  2,    50) =   34.16
            Prob > F =    0.0000

. * (Model 3) Add state and birth-year fixed effects.
. eststo : regress wage i.unemp_cat3 i.statefip i.year16 $rhs, ///
>  baselevels vce(cluster statefip)

Linear regression                               Number of obs     =  1,336,498
                                                F(27, 50)         =          .
                                                Prob > F          =          .
                                                R-squared         =     0.1132
                                                Root MSE          =     14.962

                                       (Std. err. adjusted for 51 clusters in statefip)
---------------------------------------------------------------------------------------
                      |               Robust
                 wage | Coefficient  std. err.      t    P>|t|     [95% conf. interval]
----------------------+----------------------------------------------------------------
           unemp_cat3 |
        Less than 4%  |          0  (base)
          4% to 5.9%  |   .1492802   .1324152     1.13   0.265    -.1166835    .4152439
          6% or more  |  -.0502428   .2640916    -0.19   0.850    -.5806865    .4802008
                      |
             statefip |
             alabama  |          0  (base)
              alaska  |   5.039076   1.215055     4.15   0.000     2.598566    7.479586
             arizona  |   2.765672   .2473719    11.18   0.000     2.268811    3.262533
            arkansas  |   -.007998    .547016    -0.01   0.988    -1.106712    1.090716
          california  |  -1.816054   9.014713    -0.20   0.841    -19.92264    16.29053
            colorado  |   4.196369   .0718621    58.39   0.000     4.052029    4.340708
         connecticut  |   5.975193   .3728094    16.03   0.000     5.226384    6.724003
            delaware  |   4.223561   1.128209     3.74   0.000     1.957488    6.489635
district of columbia  |   15.44887    1.23223    12.54   0.000     12.97387    17.92388
             florida  |  -1.408264   3.701583    -0.38   0.705    -8.843113    6.026584
             georgia  |   1.010875   1.243145     0.81   0.420    -1.486055    3.507806
              hawaii  |   .5499883   .9664175     0.57   0.572    -1.391118    2.491095
               idaho  |   .0046758   .9626408     0.00   0.996    -1.928845    1.938197
            illinois  |   1.968357   2.333628     0.84   0.403    -2.718872    6.655586
             indiana  |   .1161538   .5112131     0.23   0.821    -.9106478    1.142955
                iowa  |   .7666346   .4613417     1.66   0.103    -.1599974    1.693267
              kansas  |     1.3299   .5594264     2.38   0.021     .2062588    2.453541
            kentucky  |    .079824   .1102619     0.72   0.472    -.1416436    .3012915
           louisiana  |   2.221943   .0671336    33.10   0.000     2.087101    2.356784
               maine  |   .3883723   .9397202     0.41   0.681    -1.499111    2.275856
            maryland  |   4.939241   .2595835    19.03   0.000     4.417852     5.46063
       massachusetts  |   7.112645   .5454842    13.04   0.000     6.017008    8.208282
            michigan  |   -.627393   1.605558    -0.39   0.698    -3.852252    2.597466
           minnesota  |   2.264914   .1940976    11.67   0.000     1.875058    2.654771
         mississippi  |   .0280884   .5287125     0.05   0.958    -1.033862    1.090039
            missouri  |   .2132669   .3764436     0.57   0.574    -.5428422    .9693761
             montana  |   .4652146   1.060791     0.44   0.663    -1.665447    2.595876
            nebraska  |   1.450282   .8411506     1.72   0.091    -.2392186    3.139783
              nevada  |    3.08731   .8114342     3.80   0.000     1.457497    4.717124
       new hampshire  |   3.652728   .9558566     3.82   0.000     1.732834    5.572623
          new jersey  |   5.534957   1.137433     4.87   0.000     3.250356    7.819557
          new mexico  |   2.540598    1.07472     2.36   0.022     .3819583    4.699237
            new york  |   2.524539   4.283046     0.59   0.558    -6.078212    11.12729
      north carolina  |   .5623596   1.194411     0.47   0.640    -1.836686    2.961405
        north dakota  |    3.22874   1.144058     2.82   0.007     .9308322    5.526647
                ohio  |  -1.017705   2.061696    -0.49   0.624    -5.158743    3.123333
            oklahoma  |   .7928634   .3472159     2.28   0.027     .0954597    1.490267
              oregon  |   2.180792   .3279064     6.65   0.000     1.522173    2.839412
        pennsylvania  |  -.1526023   2.362186    -0.06   0.949    -4.897193    4.591988
        rhode island  |   4.246684   1.078169     3.94   0.000     2.081118     6.41225
      south carolina  |   .7717463   .1223615     6.31   0.000     .5259761    1.017517
        south dakota  |   .7856992   1.115201     0.70   0.484    -1.454247    3.025646
           tennessee  |   .0150179   .4185192     0.04   0.972    -.8256026    .8556384
               texas  |  -.8773192   5.211746    -0.17   0.867    -11.34542    9.590781
                utah  |   2.094226    .649579     3.22   0.002     .7895087    3.398944
             vermont  |   1.162911   1.147968     1.01   0.316     -1.14285    3.468673
            virginia  |   3.725922   .8632082     4.32   0.000     1.992117    5.459726
          washington  |    5.66545   .4777386    11.86   0.000     4.705884    6.625017
       west virginia  |  -.0342159   .7879529    -0.04   0.966    -1.616866    1.548434
           wisconsin  |   .8545774   .3028876     2.82   0.007     .2462098    1.462945
             wyoming  |   3.398477   1.210187     2.81   0.007     .9677447    5.829209
                      |
               year16 |
                1996  |          0  (base)
                1997  |    .403473   .1183637     3.41   0.001     .1657326    .6412135
                1998  |   1.055781   .2102617     5.02   0.000     .6334584    1.478104
                1999  |   1.480999   .2325504     6.37   0.000     1.013907     1.94809
                2000  |   2.053618   .2506026     8.19   0.000     1.550268    2.556969
                2001  |   2.631695   .2968439     8.87   0.000     2.035466    3.227923
                2002  |   2.921372   .2920683    10.00   0.000     2.334735    3.508008
                2003  |   3.326508   .3449058     9.64   0.000     2.633744    4.019272
                2004  |    3.78428   .3216015    11.77   0.000     3.138325    4.430236
                2005  |    4.46102   .3728323    11.97   0.000     3.712164    5.209875
                2006  |   5.268052   .3850255    13.68   0.000     4.494706    6.041399
                2007  |   6.048294   .3831828    15.78   0.000     5.278648    6.817939
                2008  |   7.373668     .39082    18.87   0.000     6.588683    8.158653
                2009  |   8.879324   .4617051    19.23   0.000     7.951962    9.806686
                2010  |   9.800278   .5117796    19.15   0.000     8.772338    10.82822
                      |
                  age |
                  25  |          0  (base)
                  26  |   1.777812   .0806003    22.06   0.000     1.615921    1.939702
                  27  |    3.57143   .1667232    21.42   0.000     3.236556    3.906303
                  28  |   5.375945   .2745245    19.58   0.000     4.824546    5.927344
                  29  |   7.350072   .3739476    19.66   0.000     6.598976    8.101168
                  30  |   9.078398   .4474058    20.29   0.000     8.179757    9.977039
                      |
            race_cat6 |
               White  |          0  (base)
            Hispanic  |  -5.921496   .8319481    -7.12   0.000    -7.592513   -4.250479
               Black  |   -4.84721   .2148685   -22.56   0.000    -5.278786   -4.415634
               Asian  |    5.07583   .4181672    12.14   0.000     4.235917    5.915744
              Indian  |  -4.640201   .6314556    -7.35   0.000    -5.908517   -3.371885
          Other race  |  -1.057802   .1302115    -8.12   0.000    -1.319339   -.7962642
                      |
               female |  -2.140889   .1089943   -19.64   0.000    -2.359811   -1.921968
         population10 |   .0026488   .0029794     0.89   0.378    -.0033355    .0086331
                _cons |   8.240738   1.217097     6.77   0.000     5.796126    10.68535
---------------------------------------------------------------------------------------
(est7 stored)

. estadd ysumm, mean

added scalars:
              e(ymean) =  20.253137

. estadd local State_FE "Yes", replace

added macro:
           e(State_FE) : "Yes"

. estadd local Year_FE "Yes", replace

added macro:
            e(Year_FE) : "Yes"

. test 2.unemp_cat3 3.unemp_cat3

 ( 1)  2.unemp_cat3 = 0
 ( 2)  3.unemp_cat3 = 0

       F(  2,    50) =    4.31
            Prob > F =    0.0187

. * (Model 4) Add state and birth-year fixed effects.
. eststo : regress schoolyr i.unemp_cat3 i.statefip i.year16 $rhs, ///
>  baselevels vce(cluster statefip)

Linear regression                               Number of obs     =  1,336,498
                                                F(27, 50)         =          .
                                                Prob > F          =          .
                                                R-squared         =     0.1300
                                                Root MSE          =     2.3077

                                       (Std. err. adjusted for 51 clusters in statefip)
---------------------------------------------------------------------------------------
                      |               Robust
             schoolyr | Coefficient  std. err.      t    P>|t|     [95% conf. interval]
----------------------+----------------------------------------------------------------
           unemp_cat3 |
        Less than 4%  |          0  (base)
          4% to 5.9%  |   .0133369   .0147071     0.91   0.369    -.0162031    .0428769
          6% or more  |   .0002785   .0239793     0.01   0.991    -.0478854    .0484423
                      |
             statefip |
             alabama  |          0  (base)
              alaska  |   .1637296   .1092913     1.50   0.140    -.0557885    .3832477
             arizona  |   .4202358   .0295192    14.24   0.000     .3609448    .4795268
            arkansas  |  -.0008801   .0482165    -0.02   0.986    -.0977258    .0959657
          california  |  -1.709781   .7493972    -2.28   0.027     -3.21499   -.2045729
            colorado  |   .7944035   .0155229    51.18   0.000     .7632249    .8255822
         connecticut  |   1.005332   .0376129    26.73   0.000     .9297846     1.08088
            delaware  |   .7245555   .0987377     7.34   0.000     .5262351    .9228759
district of columbia  |   2.606687   .1077621    24.19   0.000     2.390241    2.823134
             florida  |  -.4570459   .3093182    -1.48   0.146     -1.07833    .1642379
             georgia  |   .0154631   .1029301     0.15   0.881    -.1912782    .2222044
              hawaii  |  -.0817279   .1109724    -0.74   0.465    -.3046226    .1411668
               idaho  |   .1210503   .0849873     1.42   0.161    -.0496517    .2917523
            illinois  |   .0986885   .1934361     0.51   0.612    -.2898395    .4872164
             indiana  |  -.1224629   .0419897    -2.92   0.005    -.2068016   -.0381242
                iowa  |   .2277312   .0415636     5.48   0.000     .1442484    .3112141
              kansas  |   .3895634   .0506109     7.70   0.000     .2879083    .4912184
            kentucky  |   .1352707   .0109527    12.35   0.000     .1132716    .1572699
           louisiana  |   .1742076    .006363    27.38   0.000     .1614272     .186988
               maine  |    .341047   .0807127     4.23   0.000     .1789308    .5031632
            maryland  |   .5708144   .0194016    29.42   0.000      .531845    .6097838
       massachusetts  |   1.057292    .040688    25.99   0.000     .9755674    1.139016
            michigan  |  -.1968014   .1343868    -1.46   0.149    -.4667252    .0731223
           minnesota  |   .3584081   .0140705    25.47   0.000     .3301467    .3866696
         mississippi  |   .0971436   .0433045     2.24   0.029     .0101638    .1841233
            missouri  |   .1294721   .0309221     4.19   0.000     .0673632    .1915809
             montana  |   .2509001   .0914096     2.74   0.008     .0672985    .4345016
            nebraska  |   .5480489   .0742096     7.39   0.000     .3989945    .6971033
              nevada  |   .1883375   .0823896     2.29   0.027     .0228532    .3538218
       new hampshire  |   .6652323   .0837576     7.94   0.000     .4970002    .8334644
          new jersey  |   .7064126   .0886437     7.97   0.000     .5283665    .8844586
          new mexico  |   .7364975   .1061972     6.94   0.000     .5231941     .949801
            new york  |  -.2291937   .3556923    -0.64   0.522    -.9436227    .4852353
      north carolina  |   .0827132   .0990399     0.84   0.408    -.1162144    .2816407
        north dakota  |   .4370161   .0993332     4.40   0.000     .2374994    .6365327
                ohio  |  -.3262185   .1735512    -1.88   0.066    -.6748063    .0223693
            oklahoma  |  -.1182027    .034496    -3.43   0.001      -.18749   -.0489154
              oregon  |   .3766677   .0336388    11.20   0.000     .3091021    .4442332
        pennsylvania  |  -.2269867   .1977817    -1.15   0.257    -.6242429    .1702695
        rhode island  |   .9818633   .0950855    10.33   0.000     .7908783    1.172848
      south carolina  |   .2259295   .0106369    21.24   0.000     .2045646    .2472944
        south dakota  |   .3608968   .0967122     3.73   0.000     .1666446    .5551491
           tennessee  |   .0923935   .0342785     2.70   0.010     .0235432    .1612438
               texas  |  -.8496849   .4345717    -1.96   0.056    -1.722548    .0231781
                utah  |    .433254   .0596035     7.27   0.000     .3135368    .5529711
             vermont  |   .5148864   .0986685     5.22   0.000     .3167048    .7130679
            virginia  |   .4732935   .0687793     6.88   0.000     .3351462    .6114409
          washington  |   .2384758   .0348467     6.84   0.000     .1684843    .3084674
       west virginia  |   .0344827     .06717     0.51   0.610    -.1004323    .1693976
           wisconsin  |   .0552097   .0242269     2.28   0.027     .0065486    .1038709
             wyoming  |   .1527396   .1046395     1.46   0.151     -.057435    .3629142
                      |
               year16 |
                1996  |          0  (base)
                1997  |   .0366356   .0279538     1.31   0.196    -.0195113    .0927825
                1998  |   .0745405   .0265271     2.81   0.007     .0212592    .1278218
                1999  |   .1161481   .0319163     3.64   0.001     .0520424    .1802539
                2000  |   .1659421   .0300139     5.53   0.000     .1056575    .2262268
                2001  |   .2079452   .0312389     6.66   0.000     .1452001    .2706903
                2002  |   .2335709   .0275809     8.47   0.000     .1781731    .2889687
                2003  |   .2937534   .0303407     9.68   0.000     .2328123    .3546945
                2004  |   .3100799   .0326379     9.50   0.000     .2445248    .3756351
                2005  |   .3348873   .0359059     9.33   0.000     .2627682    .4070064
                2006  |   .3764426   .0382891     9.83   0.000     .2995367    .4533484
                2007  |    .395822   .0386033    10.25   0.000      .318285     .473359
                2008  |   .4432651    .039494    11.22   0.000      .363939    .5225911
                2009  |   .4660884   .0431642    10.80   0.000     .3793906    .5527862
                2010  |   .4990636   .0440717    11.32   0.000     .4105429    .5875842
                      |
                  age |
                  25  |          0  (base)
                  26  |   .1407179   .0079606    17.68   0.000     .1247286    .1567072
                  27  |   .2296901    .011832    19.41   0.000     .2059249    .2534554
                  28  |   .3086051    .012639    24.42   0.000      .283219    .3339913
                  29  |   .3866391   .0172223    22.45   0.000      .352047    .4212312
                  30  |   .4066179    .016054    25.33   0.000     .3743724    .4388634
                      |
            race_cat6 |
               White  |          0  (base)
            Hispanic  |  -1.812742   .1131202   -16.02   0.000    -2.039951   -1.585533
               Black  |   -.851816   .0340394   -25.02   0.000    -.9201862   -.7834457
               Asian  |   .9245098   .0954341     9.69   0.000     .7328248    1.116195
              Indian  |  -1.164894   .1339466    -8.70   0.000    -1.433934   -.8958548
          Other race  |  -.1644548   .0301074    -5.46   0.000    -.2249274   -.1039822
                      |
               female |    .588788   .0127434    46.20   0.000     .5631922    .6143839
         population10 |   .0007887   .0002523     3.13   0.003      .000282    .0012954
                _cons |   12.56635   .1000543   125.60   0.000     12.36538    12.76731
---------------------------------------------------------------------------------------
(est8 stored)

. estadd ysumm, mean

added scalars:
              e(ymean) =  13.910771

. estadd local State_FE "Yes", replace

added macro:
           e(State_FE) : "Yes"

. estadd local Year_FE "Yes", replace

added macro:
            e(Year_FE) : "Yes"

. test 2.unemp_cat3 3.unemp_cat3///

 ( 1)  2.unemp_cat3 = 0
 ( 2)  3.unemp_cat3 = 0
 ( 3)  _cons = 0

       F(  3,    50) = 5480.41
            Prob > F =    0.0000

.  baselevels vce(cluster statefip
command baselevels is unrecognized
r(199);

end of do-file

r(199);

. cd "/Users/kevin/Documents/RA Stuff"
/Users/kevin/Documents/RA Stuff

. do "/Users/kevin/Documents/RA Stuff/Data_Set_Creation.do"

. *************************************
. *** Data_Set_Creation.do ***
. *** ------------------------------- ***
. *** Created by Kevin Ruiz ***
. ***************************************
. ********************************************************
. *** Cleans and Transaltes Clues ***
. ***********************************
. ********************************************************
. **************************
. *** Begin the log file ***
. **************************
. capture log close
