---------------------------------------------------------------------------------------------------------------------------------------------------------------------------------------------------------------------------------------------------------------
      name:  <unnamed>
       log:  /Users/kevin/Documents/Econometrics/econ5813ProblemSet5.log
  log type:  text
 opened on:  24 Oct 2025, 23:01:03

. set more off

. set linesize 255

. set varabbrev off

. 
. 
. *********************
. *** Load in data ***
. *********************
. use econ5813_IPUMS_EXTRACT.dta, clear

. 
. ****************************************************
. *** Check that the data is correct ***
. *** -------------------------------------------- ***
. *** Modify this to be consistent with your data. ***
. *** Add additional data integrity checks as you ***
. *** think of them. ***
. ****************************************************
. * Data includes years 2010 through 2023
. tab year, missing

census year |      Freq.     Percent        Cum.
------------+-----------------------------------
       2010 |     22,859        6.64        6.64
       2011 |     23,226        6.75       13.39
       2012 |     24,296        7.06       20.44
       2013 |     24,125        7.01       27.45
       2014 |     24,366        7.08       34.53
       2015 |     24,351        7.07       41.60
       2016 |     24,326        7.07       48.67
       2017 |     24,575        7.14       55.81
       2018 |     27,459        7.98       63.78
       2019 |     26,485        7.69       71.48
       2020 |     20,241        5.88       77.35
       2021 |     25,075        7.28       84.64
       2022 |     26,535        7.71       92.35
       2023 |     26,352        7.65      100.00
------------+-----------------------------------
      Total |    344,271      100.00

. assert inrange(year,2010,2023)==1 & r(r)==14

. 
. * Data includes individuals between the ages of 25 and 59
. tab age, missing

                                 age |      Freq.     Percent        Cum.
-------------------------------------+-----------------------------------
                                  25 |      6,168        1.79        1.79
                                  26 |      6,322        1.84        3.63
                                  27 |      6,550        1.90        5.53
                                  28 |      6,652        1.93        7.46
                                  29 |      6,768        1.97        9.43
                                  30 |      7,301        2.12       11.55
                                  31 |      6,999        2.03       13.58
                                  32 |      7,404        2.15       15.73
                                  33 |      7,496        2.18       17.91
                                  34 |      7,485        2.17       20.08
                                  35 |      8,089        2.35       22.43
                                  36 |      7,959        2.31       24.75
                                  37 |      8,093        2.35       27.10
                                  38 |      8,450        2.45       29.55
                                  39 |      8,635        2.51       32.06
                                  40 |      9,680        2.81       34.87
                                  41 |      9,051        2.63       37.50
                                  42 |      9,618        2.79       40.29
                                  43 |      9,769        2.84       43.13
                                  44 |     10,080        2.93       46.06
                                  45 |     10,919        3.17       49.23
                                  46 |     10,941        3.18       52.41
                                  47 |     11,219        3.26       55.67
                                  48 |     11,621        3.38       59.04
                                  49 |     12,119        3.52       62.56
                                  50 |     13,199        3.83       66.40
                                  51 |     12,570        3.65       70.05
                                  52 |     13,152        3.82       73.87
                                  53 |     13,070        3.80       77.67
                                  54 |     13,100        3.81       81.47
                                  55 |     13,105        3.81       85.28
                                  56 |     12,859        3.74       89.01
                                  57 |     12,803        3.72       92.73
                                  58 |     12,609        3.66       96.39
                                  59 |     12,416        3.61      100.00
-------------------------------------+-----------------------------------
                               Total |    344,271      100.00

. assert inrange(age,25,59)==1

. 
. * Data includes individuals who are employed
. tab empstat, missing

 employment status |
 [general version] |      Freq.     Percent        Cum.
-------------------+-----------------------------------
          employed |    344,271      100.00      100.00
-------------------+-----------------------------------
             Total |    344,271      100.00

. assert empstat==1

. 
. *lets do the variable creation from the code given
. generate weeksworked = .
(344,271 missing values generated)

.  replace weeksworked = 7 if wkswork2==1
(7,542 real changes made)

.  replace weeksworked = 20 if wkswork2==2
(7,287 real changes made)

.  replace weeksworked = 33 if wkswork2==3
(11,741 real changes made)

.  replace weeksworked = 43.5 if wkswork2==4
(15,707 real changes made)

.  replace weeksworked = 48.5 if wkswork2==5
(6,141 real changes made)

.  replace weeksworked = 51 if wkswork2==6
(295,853 real changes made)

.  label variable weeksworked "Weeks worked"

. 
.  tab weeksworked, missing

      Weeks |
     worked |      Freq.     Percent        Cum.
------------+-----------------------------------
          7 |      7,542        2.19        2.19
         20 |      7,287        2.12        4.31
         33 |     11,741        3.41        7.72
       43.5 |     15,707        4.56       12.28
       48.5 |      6,141        1.78       14.06
         51 |    295,853       85.94      100.00
------------+-----------------------------------
      Total |    344,271      100.00

.  assert inlist(weeksworked,7,20,33,43.5,48.5,51)==1 & r(r)==6

. 
.  *generate wage variable
.  generate wage = incwage / (uhrswork * weeksworked)

. 
. 
. 
. * Lets create the dummy variable for female
. generate female = .
(344,271 missing values generated)

. replace female = 1 if sex == 2
(23,772 real changes made)

. replace female = 0 if sex == 1
(320,499 real changes made)

. 
. generate male = .
(344,271 missing values generated)

. replace male = 0 if sex == 2
(23,772 real changes made)

. replace male = 1 if sex == 1
(320,499 real changes made)

. 
. 
. ** creating schoolyr variable
.  generate schoolyr = 0

.  replace schoolyr = 2.5 if educd<=17
(7,555 real changes made)

.  replace schoolyr = 5.5 if educd>=20 & educd<=23
(3,898 real changes made)

.  replace schoolyr = 7.5 if educd>=24 & educd<=26
(4,784 real changes made)

.  replace schoolyr = 9 if educd==30
(6,428 real changes made)

.  replace schoolyr = 10 if educd==40
(8,531 real changes made)

.  replace schoolyr = 11 if educd==50
(10,346 real changes made)

.  replace schoolyr = 12 if educd>=60 & educd<=64
(178,473 real changes made)

.  replace schoolyr = 13 if educd>=65 & educd<=71
(79,712 real changes made)

.  replace schoolyr = 14 if educd>=80 & educd<=90
(22,477 real changes made)

.  replace schoolyr = 16 if educd>=100 & educd<=101
(18,464 real changes made)

.  replace schoolyr = 18 if educd>=110 & educd<=115
(3,348 real changes made)

.  replace schoolyr = 20 if educd==116
(255 real changes made)

.  
.  tab schoolyr, missing

   schoolyr |      Freq.     Percent        Cum.
------------+-----------------------------------
        2.5 |      7,555        2.19        2.19
        5.5 |      3,898        1.13        3.33
        7.5 |      4,784        1.39        4.72
          9 |      6,428        1.87        6.58
         10 |      8,531        2.48        9.06
         11 |     10,346        3.01       12.07
         12 |    178,473       51.84       63.91
         13 |     79,712       23.15       87.06
         14 |     22,477        6.53       93.59
         16 |     18,464        5.36       98.95
         18 |      3,348        0.97       99.93
         20 |        255        0.07      100.00
------------+-----------------------------------
      Total |    344,271      100.00

.  assert inrange(schoolyr,2.5,20)==1 & r(r)==12

. 
.  *-------------------------------------------------------------*
. * Experience variable
. *-------------------------------------------------------------*
. generate exp = age - schoolyr - 6

. label variable exp "Assumed experience"

. drop if exp == -1
(1 observation deleted)

. 
. *-------------------------------------------------------------*
. * Class of worker dummies
. *-------------------------------------------------------------*
. generate govt = 0

. replace govt = 1 if inlist(classwkrd, 21, 27, 28)
(10,170 real changes made)

. 
. generate private = 0

. replace private = 1 if inlist(classwkrd, 22)
(281,114 real changes made)

. 
. generate otheemp = 0

. replace otheemp = 1 if !inlist(classwkrd, 21,22,27,28)
(52,986 real changes made)

. 
. assert private + govt + otheemp == 1

. 
. *-------------------------------------------------------------*
. * Marital status dummy
. *-------------------------------------------------------------*
. generate married = 0

. replace married = 1 if inlist(marst, 1,2)
(215,903 real changes made)

. 
. *-------------------------------------------------------------*
. * Foreign-born dummy
. *-------------------------------------------------------------*
. generate foreign = 0

. replace foreign = 1 if !inlist(bpl, 1,2,4,5,6,8,9,10,11,12,13,15,16,17,18,19,20,21,22,23,24,25,26,27,28,29,30,31,32,33,34,35,36,37,38,39,40,41,42,44,45,46,47,48,49,50,51,53,54,55,56)
(63,255 real changes made)

. 
. *-------------------------------------------------------------*
. * Race and ethnicity categories
. *-------------------------------------------------------------*
. gen byte hisp = (hispand>=100 & hispand<=499)

. label variable hisp "Hispanic"

. 
. gen byte white = (raced==100 | raced==110) & hisp==0

. gen byte black = raced==200 & hisp==0

. gen byte indian = inrange(raced,300,399)==1 & hisp==0

. gen byte asian = inrange(raced,400,699)==1 & hisp==0

. gen byte other_race = inrange(raced,700,996) & hisp==0

. 
. label variable white "White"

. label variable black "Black"

. label variable indian "Indian"

. label variable asian "Asian"

. label variable other_race "Other Race"

. 
. assert white+hisp+black+asian+indian+other_race==1

. 
. gen byte race_cat6 = 0

. replace race_cat6 = 1 if white==1
(217,857 real changes made)

. replace race_cat6 = 2 if hisp==1
(64,936 real changes made)

. replace race_cat6 = 3 if black==1
(41,885 real changes made)

. replace race_cat6 = 4 if asian==1
(9,167 real changes made)

. replace race_cat6 = 5 if indian==1
(2,604 real changes made)

. replace race_cat6 = 6 if other_race==1
(7,821 real changes made)

. label variable race_cat6 "Race Category (race is non-Hispanic)"

. 
. #delimit ;
delimiter now ;
. label define race_cat6_lbl
>         0 "ERROR!"
>         1 "White"
>         2 "Hispanic"
>         3 "Black"
>         4 "Asian"
>         5 "Indian"
>         6 "Other race";

. #delimit cr
delimiter now cr
. label values race_cat6 race_cat6_lbl

. tab race_cat6, missing

       Race |
   Category |
   (race is |
non-Hispani |
         c) |      Freq.     Percent        Cum.
------------+-----------------------------------
      White |    217,857       63.28       63.28
   Hispanic |     64,936       18.86       82.14
      Black |     41,885       12.17       94.31
      Asian |      9,167        2.66       96.97
     Indian |      2,604        0.76       97.73
 Other race |      7,821        2.27      100.00
------------+-----------------------------------
      Total |    344,270      100.00

. assert inlist(race_cat6,1,2,3,4,5,6)==1 & r(r)==6

. 
. *-------------------------------------------------------------*
. * Education categories
. *-------------------------------------------------------------*
. ** Lets just drop straight away the observations with missing educational attainment
. 
. 
. gen elem = (schoolyr < 12)

. gen hs = (schoolyr == 12)

. gen college = (schoolyr > 12 & schoolyr < 18)

. gen ma = (schoolyr >= 18 & schoolyr < 21)

. gen phd = (schoolyr >= 21)

. 
. 
. 
. 
. assert elem+hs+college+ma+phd == 1

. 
. gen byte educ_cat5 = 0

. replace educ_cat5 = 1 if elem==1
(41,542 real changes made)

. replace educ_cat5 = 2 if hs==1
(178,473 real changes made)

. replace educ_cat5 = 3 if college==1
(120,653 real changes made)

. replace educ_cat5 = 4 if ma==1
(3,602 real changes made)

. replace educ_cat5 = 5 if phd==1
(0 real changes made)

. label variable educ_cat5 "Education Level"

. 
. #delimit ;
delimiter now ;
. label define educ_cat5_lbl
>         0 "ERROR!"
>         1 "Less than a high school education"
>         2 "High School"
>         3 "College Degree"
>         4 "Masters Degree"
>         5 "PhD";

. #delimit cr
delimiter now cr
. label values educ_cat5 educ_cat5_lbl

. tab educ_cat5, missing

                  Education Level |      Freq.     Percent        Cum.
----------------------------------+-----------------------------------
Less than a high school education |     41,542       12.07       12.07
                      High School |    178,473       51.84       63.91
                   College Degree |    120,653       35.05       98.95
                   Masters Degree |      3,602        1.05      100.00
----------------------------------+-----------------------------------
                            Total |    344,270      100.00

. assert inlist(educ_cat5,1,2,3,4,5)==1

. 
. *-------------------------------------------------------------*
. * Problem #4
. *-------------------------------------------------------------*
. ************************************
. ********* Creating variables *********
. ************************************
. gen lnwage = log(wage)
(24,743 missing values generated)

. 
. gen exp2 = exp^2

. 
. reg lnwage female exp exp2 hs elem ma college hisp black asian other_race
note: elem omitted because of collinearity.

      Source |       SS           df       MS      Number of obs   =   319,527
-------------+----------------------------------   F(10, 319516)   =    896.95
       Model |   3428.5494        10   342.85494   Prob > F        =    0.0000
    Residual |  122132.984   319,516  .382243718   R-squared       =    0.0273
-------------+----------------------------------   Adj R-squared   =    0.0273
       Total |  125561.533   319,526  .392961866   Root MSE        =    .61826

------------------------------------------------------------------------------
      lnwage | Coefficient  Std. err.      t    P>|t|     [95% conf. interval]
-------------+----------------------------------------------------------------
      female |   -.227286   .0043294   -52.50   0.000    -.2357715   -.2188004
         exp |   .0219043   .0005444    40.24   0.000     .0208373    .0229713
        exp2 |  -.0002995   .0000108   -27.70   0.000    -.0003207   -.0002783
          hs |   .1171677   .0036806    31.83   0.000     .1099538    .1243816
        elem |          0  (omitted)
          ma |   .2382657   .0114424    20.82   0.000     .2158389    .2606926
     college |   .1749842   .0039156    44.69   0.000     .1673097    .1826588
        hisp |   .0133202   .0029559     4.51   0.000     .0075267    .0191137
       black |  -.0343448   .0034127   -10.06   0.000    -.0410335   -.0276561
       asian |  -.0442557   .0069902    -6.33   0.000    -.0579562   -.0305551
  other_race |   .0389782   .0073674     5.29   0.000     .0245383     .053418
       _cons |   2.413792   .0071088   339.55   0.000     2.399859    2.427725
------------------------------------------------------------------------------

. 
. ***************************
. **** Roboust*********
. ********************************
. reg lnwage female exp exp2 elem hs college ma hisp black asian other_race, robust
note: elem omitted because of collinearity.

Linear regression                               Number of obs     =    319,527
                                                F(10, 319516)     =     833.36
                                                Prob > F          =     0.0000
                                                R-squared         =     0.0273
                                                Root MSE          =     .61826

------------------------------------------------------------------------------
             |               Robust
      lnwage | Coefficient  std. err.      t    P>|t|     [95% conf. interval]
-------------+----------------------------------------------------------------
      female |   -.227286    .004885   -46.53   0.000    -.2368603   -.2177116
         exp |   .0219043    .000558    39.26   0.000     .0208107    .0229979
        exp2 |  -.0002995   .0000111   -27.05   0.000    -.0003212   -.0002778
        elem |          0  (omitted)
          hs |   .1171677   .0037999    30.83   0.000     .1097201    .1246154
     college |   .1749842   .0040557    43.15   0.000     .1670353    .1829332
          ma |   .2382657   .0147405    16.16   0.000     .2093748    .2671566
        hisp |   .0133202    .002986     4.46   0.000     .0074678    .0191726
       black |  -.0343448   .0035862    -9.58   0.000    -.0413736    -.027316
       asian |  -.0442557   .0080653    -5.49   0.000    -.0600634   -.0284479
  other_race |   .0389782   .0079544     4.90   0.000     .0233878    .0545685
       _cons |   2.413792   .0072974   330.77   0.000     2.399489    2.428095
------------------------------------------------------------------------------

. 
. ************************************************************
. ****** State fixed effects, and ommiteed state.*********
. *************************************************************
. reg lnwage female exp exp2 elem hs college ma hisp black asian other_race i.statefip, robust baselevels
note: ma omitted because of collinearity.

Linear regression                               Number of obs     =    319,527
                                                F(60, 319466)     =     188.65
                                                Prob > F          =     0.0000
                                                R-squared         =     0.0357
                                                Root MSE          =     .61562

---------------------------------------------------------------------------------------
                      |               Robust
               lnwage | Coefficient  std. err.      t    P>|t|     [95% conf. interval]
----------------------+----------------------------------------------------------------
               female |  -.2237294   .0048628   -46.01   0.000    -.2332604   -.2141984
                  exp |   .0223703   .0005563    40.21   0.000     .0212799    .0234607
                 exp2 |  -.0003089    .000011   -27.98   0.000    -.0003305   -.0002873
                 elem |  -.2325067   .0146851   -15.83   0.000    -.2612891   -.2037242
                   hs |  -.1191544   .0143076    -8.33   0.000    -.1471968    -.091112
              college |  -.0639656   .0143345    -4.46   0.000    -.0920608   -.0358703
                   ma |          0  (omitted)
                 hisp |  -.0132979    .003514    -3.78   0.000    -.0201852   -.0064106
                black |  -.0157226   .0037913    -4.15   0.000    -.0231536   -.0082917
                asian |  -.0962925   .0084485   -11.40   0.000    -.1128513   -.0797337
           other_race |   .0295499   .0080122     3.69   0.000     .0138463    .0452536
                      |
             statefip |
             alabama  |          0  (base)
              alaska  |   .2710694   .0298205     9.09   0.000      .212622    .3295167
             arizona  |   .0607716   .0117696     5.16   0.000     .0377036    .0838397
            arkansas  |  -.0167287   .0131562    -1.27   0.204    -.0425144    .0090571
          california  |   .1499185   .0091632    16.36   0.000     .1319588    .1678781
            colorado  |   .0893186   .0119656     7.46   0.000     .0658663    .1127708
         connecticut  |   .1951516   .0146638    13.31   0.000      .166411    .2238922
            delaware  |   .0703745   .0262679     2.68   0.007     .0188902    .1218588
district of columbia  |     .02328   .0498933     0.47   0.641    -.0745094    .1210693
             florida  |   -.020002   .0095629    -2.09   0.036    -.0387451    -.001259
             georgia  |   .0263275   .0102868     2.56   0.010     .0061658    .0464893
              hawaii  |   .1485525   .0213575     6.96   0.000     .1066925    .1904126
               idaho  |   .0076131   .0155737     0.49   0.625     -.022911    .0381371
            illinois  |   .1203523   .0095715    12.57   0.000     .1015925    .1391121
             indiana  |   .0789928   .0104523     7.56   0.000     .0585066     .099479
                iowa  |   .0675362   .0117768     5.73   0.000      .044454    .0906185
              kansas  |     .03462   .0135136     2.56   0.010     .0081337    .0611062
            kentucky  |   .0210423   .0120979     1.74   0.082    -.0026692    .0447537
           louisiana  |   .0219454   .0129471     1.70   0.090    -.0034306    .0473213
               maine  |  -.0032157    .016805    -0.19   0.848     -.036153    .0297215
            maryland  |   .1346526   .0120795    11.15   0.000     .1109771     .158328
       massachusetts  |    .161754   .0121965    13.26   0.000     .1378491    .1856588
            michigan  |   .0411821   .0100679     4.09   0.000     .0214493    .0609149
           minnesota  |   .1246896   .0109162    11.42   0.000     .1032942    .1460849
         mississippi  |  -.0099343   .0133645    -0.74   0.457    -.0361284    .0162598
            missouri  |   .0299509   .0108405     2.76   0.006     .0087039    .0511979
             montana  |      .0935   .0205812     4.54   0.000     .0531613    .1338386
            nebraska  |  -.0073258   .0145744    -0.50   0.615    -.0358913    .0212396
              nevada  |   .1061868   .0149073     7.12   0.000      .076969    .1354047
       new hampshire  |   .1209772   .0185476     6.52   0.000     .0846244    .1573299
          new jersey  |   .1851756   .0107595    17.21   0.000     .1640872    .2062639
          new mexico  |   .0456844   .0182992     2.50   0.013     .0098184    .0815504
            new york  |   .1103347   .0096895    11.39   0.000     .0913435     .129326
      north carolina  |  -.0030883   .0101568    -0.30   0.761    -.0229953    .0168186
        north dakota  |   .1456012   .0212398     6.86   0.000     .1039718    .1872305
                ohio  |   .0506823    .009706     5.22   0.000     .0316588    .0697058
            oklahoma  |   .0170765    .012148     1.41   0.160    -.0067332    .0408862
              oregon  |   .0992287   .0128325     7.73   0.000     .0740774      .12438
        pennsylvania  |   .1049423   .0094684    11.08   0.000     .0863845    .1235002
        rhode island  |   .1639672   .0205775     7.97   0.000     .1236358    .2042986
      south carolina  |   .0059288   .0122155     0.49   0.627    -.0180133    .0298708
        south dakota  |   .0274009   .0204541     1.34   0.180    -.0126886    .0674905
           tennessee  |    .025373   .0107341     2.36   0.018     .0043345    .0464116
               texas  |    .062591    .009127     6.86   0.000     .0447023    .0804797
                utah  |   .1223888   .0137054     8.93   0.000     .0955266    .1492509
             vermont  |   .0789436   .0246544     3.20   0.001     .0306217    .1272655
            virginia  |   .0569909   .0109487     5.21   0.000     .0355317      .07845
          washington  |   .2015328   .0111474    18.08   0.000     .1796843    .2233813
       west virginia  |   .0084654   .0149563     0.57   0.571    -.0208485    .0377792
           wisconsin  |   .0843928   .0105566     7.99   0.000     .0637021    .1050835
             wyoming  |   .1189174   .0231997     5.13   0.000     .0734467     .164388
                      |
                _cons |   2.574072   .0174889   147.18   0.000     2.539794    2.608349
---------------------------------------------------------------------------------------

. 
. *********************************************
. ******** Interaction terms *********
. ********************************************
. reg lnwage exp exp2 elem hs college ma hisp black asian other_race i.sex##i.statefip, baselevels
note: ma omitted because of collinearity.

      Source |       SS           df       MS      Number of obs   =   319,527
-------------+----------------------------------   F(110, 319416)  =    108.90
       Model |   4538.7456       110  41.2613237   Prob > F        =    0.0000
    Residual |  121022.788   319,416  .378887681   R-squared       =    0.0361
-------------+----------------------------------   Adj R-squared   =    0.0358
       Total |  125561.533   319,526  .392961866   Root MSE        =    .61554

----------------------------------------------------------------------------------------------
                      lnwage | Coefficient  Std. err.      t    P>|t|     [95% conf. interval]
-----------------------------+----------------------------------------------------------------
                         exp |   .0223842   .0005423    41.28   0.000     .0213214    .0234471
                        exp2 |  -.0003092   .0000108   -28.70   0.000    -.0003303    -.000288
                        elem |  -.2321864   .0114032   -20.36   0.000    -.2545362   -.2098365
                          hs |  -.1189827   .0109697   -10.85   0.000     -.140483   -.0974823
                     college |  -.0637445   .0109936    -5.80   0.000    -.0852916   -.0421973
                          ma |          0  (omitted)
                        hisp |   -.013176   .0033999    -3.88   0.000    -.0198397   -.0065123
                       black |  -.0159414   .0036047    -4.42   0.000    -.0230066   -.0088763
                       asian |  -.0951912   .0072963   -13.05   0.000    -.1094918   -.0808907
                  other_race |   .0289784   .0074082     3.91   0.000     .0144585    .0434982
                             |
                         sex |
                       male  |          0  (base)
                     female  |  -.2650388   .0303446    -8.73   0.000    -.3245133   -.2055643
                             |
                    statefip |
                    alabama  |          0  (base)
                     alaska  |   .2629312   .0298757     8.80   0.000     .2043758    .3214867
                    arizona  |   .0546611   .0124769     4.38   0.000     .0302068    .0791155
                   arkansas  |  -.0169422   .0135471    -1.25   0.211     -.043494    .0096097
                 california  |   .1420109   .0095464    14.88   0.000     .1233003    .1607215
                   colorado  |   .0858161   .0126023     6.81   0.000     .0611159    .1105164
                connecticut  |   .1884352   .0156254    12.06   0.000     .1578099    .2190606
                   delaware  |   .0681335   .0234225     2.91   0.004      .022226     .114041
       district of columbia  |   -.000329   .0522396    -0.01   0.995    -.1027172    .1020592
                    florida  |  -.0239525   .0099875    -2.40   0.016    -.0435276   -.0043773
                    georgia  |    .022231   .0106546     2.09   0.037     .0013483    .0431136
                     hawaii  |   .1334081   .0216711     6.16   0.000     .0909333    .1758828
                      idaho  |   .0116776   .0166041     0.70   0.482    -.0208659    .0442211
                   illinois  |   .1170667    .010103    11.59   0.000     .0972651    .1368683
                    indiana  |   .0781922   .0111612     7.01   0.000     .0563165    .1000678
                       iowa  |   .0657675   .0126281     5.21   0.000     .0410167    .0905182
                     kansas  |   .0375296   .0140242     2.68   0.007     .0100426    .0650166
                   kentucky  |   .0114025   .0126175     0.90   0.366    -.0133273    .0361324
                  louisiana  |   .0277586   .0131304     2.11   0.035     .0020234    .0534937
                      maine  |  -.0117158   .0192089    -0.61   0.542    -.0493648    .0259332
                   maryland  |   .1262787   .0127077     9.94   0.000      .101372    .1511855
              massachusetts  |   .1594346   .0129497    12.31   0.000     .1340535    .1848156
                   michigan  |   .0392722   .0106893     3.67   0.000     .0183213     .060223
                  minnesota  |   .1187112   .0117036    10.14   0.000     .0957725    .1416499
                mississippi  |  -.0103714   .0135797    -0.76   0.445    -.0369873    .0162444
                   missouri  |   .0290975   .0114587     2.54   0.011     .0066389    .0515562
                    montana  |   .0928817   .0214821     4.32   0.000     .0507774    .1349859
                   nebraska  |  -.0055168    .015457    -0.36   0.721    -.0358122    .0247785
                     nevada  |   .0941213   .0152526     6.17   0.000     .0642267    .1240159
              new hampshire  |   .1194573   .0200824     5.95   0.000     .0800963    .1588184
                 new jersey  |   .1784972   .0112033    15.93   0.000     .1565391    .2004553
                 new mexico  |   .0486845   .0182789     2.66   0.008     .0128583    .0845107
                   new york  |   .1024673   .0101059    10.14   0.000       .08266    .1222745
             north carolina  |  -.0038185   .0107804    -0.35   0.723    -.0249478    .0173108
               north dakota  |    .152237   .0215819     7.05   0.000      .109937     .194537
                       ohio  |   .0491641    .010296     4.78   0.000     .0289843    .0693439
                   oklahoma  |   .0143788   .0127723     1.13   0.260    -.0106546    .0394121
                     oregon  |   .0986163   .0138966     7.10   0.000     .0713793    .1258533
               pennsylvania  |   .1007455   .0101296     9.95   0.000     .0808917    .1205992
               rhode island  |   .1701779   .0229403     7.42   0.000     .1252156    .2151403
             south carolina  |   .0062457   .0127129     0.49   0.623    -.0186711    .0311626
               south dakota  |   .0190124    .020487     0.93   0.353    -.0211416    .0591663
                  tennessee  |   .0213855   .0112942     1.89   0.058    -.0007508    .0435219
                      texas  |   .0624162   .0095352     6.55   0.000     .0437274    .0811049
                       utah  |   .1162661   .0146563     7.93   0.000     .0875402     .144992
                    vermont  |   .0745608   .0280259     2.66   0.008     .0196309    .1294907
                   virginia  |   .0569442   .0116508     4.89   0.000     .0341089    .0797794
                 washington  |   .1965794   .0117505    16.73   0.000     .1735488    .2196101
              west virginia  |    .004462   .0162689     0.27   0.784    -.0274247    .0363486
                  wisconsin  |   .0819293   .0113265     7.23   0.000     .0597296     .104129
                    wyoming  |   .1166962   .0239535     4.87   0.000     .0697481    .1636443
                             |
                sex#statefip |
              female#alaska  |     .11182   .1149755     0.97   0.331    -.1135286    .3371687
             female#arizona  |    .069553    .041978     1.66   0.098    -.0127227    .1518287
            female#arkansas  |  -.0042767   .0498078    -0.09   0.932    -.1018986    .0933452
          female#california  |   .1083193   .0332181     3.26   0.001     .0432127    .1734259
            female#colorado  |   .0421574   .0442217     0.95   0.340    -.0445158    .1288306
         female#connecticut  |   .0969285   .0612993     1.58   0.114    -.0232163    .2170733
            female#delaware  |   .0241736   .0896745     0.27   0.787     -.151586    .1999331
female#district of columbia  |   .2150203   .1533373     1.40   0.161    -.0855164     .515557
             female#florida  |   .0479209   .0348478     1.38   0.169    -.0203798    .1162216
             female#georgia  |   .0492388   .0364516     1.35   0.177    -.0222053     .120683
              female#hawaii  |   .1770345   .0735899     2.41   0.016     .0328004    .3212685
               female#idaho  |  -.0501967   .0579873    -0.87   0.387      -.16385    .0634567
            female#illinois  |   .0388081   .0373083     1.04   0.298     -.034315    .1119312
             female#indiana  |   .0052171   .0399889     0.13   0.896    -.0731599    .0835942
                female#iowa  |   .0089066   .0506307     0.18   0.860    -.0903283    .1081414
              female#kansas  |  -.0732651   .0557858    -1.31   0.189    -.1826037    .0360735
            female#kentucky  |   .1331206    .046395     2.87   0.004     .0421877    .2240536
           female#louisiana  |  -.0665443   .0454696    -1.46   0.143    -.1556634    .0225749
               female#maine  |   .1196307   .0736454     1.62   0.104    -.0247122    .2639737
            female#maryland  |   .1087996   .0456432     2.38   0.017     .0193401    .1982591
       female#massachusetts  |    .025275   .0475745     0.53   0.595    -.0679697    .1185197
            female#michigan  |   .0183098   .0389761     0.47   0.639    -.0580822    .0947017
           female#minnesota  |   .0902984   .0457129     1.98   0.048     .0007023    .1798944
         female#mississippi  |   .0034196   .0484782     0.07   0.944    -.0915963    .0984355
            female#missouri  |   .0030679   .0419639     0.07   0.942    -.0791801    .0853159
             female#montana  |  -.0016871   .0829341    -0.02   0.984    -.1642356    .1608613
            female#nebraska  |  -.0511867   .0617227    -0.83   0.407    -.1721614    .0697879
              female#nevada  |   .1270985   .0498037     2.55   0.011     .0294848    .2247123
       female#new hampshire  |   .0071606   .0825842     0.09   0.931    -.1547021    .1690233
          female#new jersey  |   .0973887   .0421443     2.31   0.021      .014787    .1799904
          female#new mexico  |   -.027506   .0603108    -0.46   0.648    -.1457135    .0907014
            female#new york  |   .1310726   .0382063     3.43   0.001     .0561893    .2059559
      female#north carolina  |   .0053989   .0385116     0.14   0.889    -.0700829    .0808806
        female#north dakota  |  -.0810616   .0752705    -1.08   0.282    -.2285895    .0664664
                female#ohio  |   .0136386   .0370248     0.37   0.713     -.058929    .0862062
            female#oklahoma  |   .0329544   .0445782     0.74   0.460    -.0544175    .1203263
              female#oregon  |   .0108617   .0467937     0.23   0.816    -.0808527     .102576
        female#pennsylvania  |   .0569129   .0381605     1.49   0.136    -.0178807    .1317065
        female#rhode island  |   -.148187   .0989501    -1.50   0.134    -.3421262    .0457523
      female#south carolina  |  -.0017276   .0440258    -0.04   0.969    -.0880169    .0845618
        female#south dakota  |   .1409574   .0883013     1.60   0.110    -.0321106    .3140254
           female#tennessee  |   .0491092   .0399537     1.23   0.219    -.0291989    .1274173
               female#texas  |  -.0040253   .0333865    -0.12   0.904    -.0694618    .0614113
                female#utah  |   .0800156   .0540939     1.48   0.139     -.026007    .1860381
             female#vermont  |   .0671905     .14026     0.48   0.632    -.2077151    .3420961
            female#virginia  |  -.0018027   .0412697    -0.04   0.965    -.0826901    .0790848
          female#washington  |   .0591157   .0407523     1.45   0.147    -.0207576    .1389891
       female#west virginia  |   .0541022   .0705405     0.77   0.443    -.0841553    .1923596
           female#wisconsin  |   .0235835   .0436098     0.54   0.589    -.0618904    .1090574
             female#wyoming  |   .0293123    .077001     0.38   0.703    -.1216075    .1802321
                             |
                       _cons |   2.577118   .0150995   170.68   0.000     2.547524    2.606713
----------------------------------------------------------------------------------------------

. 
. 
. 
. reg lnwage exp exp2 elem hs college ma hisp black asian other_race i.sex##ib(6).statefip, baselevels
note: ma omitted because of collinearity.

      Source |       SS           df       MS      Number of obs   =   319,527
-------------+----------------------------------   F(110, 319416)  =    108.90
       Model |   4538.7456       110  41.2613237   Prob > F        =    0.0000
    Residual |  121022.788   319,416  .378887681   R-squared       =    0.0361
-------------+----------------------------------   Adj R-squared   =    0.0358
       Total |  125561.533   319,526  .392961866   Root MSE        =    .61554

----------------------------------------------------------------------------------------------
                      lnwage | Coefficient  Std. err.      t    P>|t|     [95% conf. interval]
-----------------------------+----------------------------------------------------------------
                         exp |   .0223842   .0005423    41.28   0.000     .0213214    .0234471
                        exp2 |  -.0003092   .0000108   -28.70   0.000    -.0003303    -.000288
                        elem |  -.2321864   .0114032   -20.36   0.000    -.2545362   -.2098365
                          hs |  -.1189827   .0109697   -10.85   0.000     -.140483   -.0974823
                     college |  -.0637445   .0109936    -5.80   0.000    -.0852916   -.0421973
                          ma |          0  (omitted)
                        hisp |   -.013176   .0033999    -3.88   0.000    -.0198397   -.0065123
                       black |  -.0159414   .0036047    -4.42   0.000    -.0230066   -.0088763
                       asian |  -.0951912   .0072963   -13.05   0.000    -.1094918   -.0808907
                  other_race |   .0289784   .0074082     3.91   0.000     .0144585    .0434982
                             |
                         sex |
                       male  |          0  (base)
                     female  |  -.1567195   .0135248   -11.59   0.000    -.1832277   -.1302113
                             |
                    statefip |
                    alabama  |  -.1420109   .0095464   -14.88   0.000    -.1607215   -.1233003
                     alaska  |   .1209204   .0288393     4.19   0.000     .0643961    .1774446
                    arizona  |  -.0873497   .0095844    -9.11   0.000    -.1061349   -.0685646
                   arkansas  |   -.158953   .0111448   -14.26   0.000    -.1807966   -.1371095
                 california  |          0  (base)
                   colorado  |  -.0561947   .0098332    -5.71   0.000    -.0754675   -.0369219
                connecticut  |   .0464244    .013516     3.43   0.001     .0199334    .0729154
                   delaware  |  -.0738774   .0221068    -3.34   0.001     -.117206   -.0305488
       district of columbia  |  -.1423399   .0516787    -2.75   0.006    -.2436287   -.0410511
                    florida  |  -.1659634   .0060545   -27.41   0.000    -.1778299   -.1540968
                    georgia  |  -.1197799   .0073813   -16.23   0.000    -.1342471   -.1053127
                     hawaii  |  -.0086028   .0200345    -0.43   0.668    -.0478699    .0306643
                      idaho  |  -.1303332   .0146684    -8.89   0.000    -.1590828   -.1015837
                   illinois  |  -.0249442   .0063963    -3.90   0.000    -.0374807   -.0124076
                    indiana  |  -.0638187   .0080525    -7.93   0.000    -.0796015    -.048036
                       iowa  |  -.0762434   .0099927    -7.63   0.000    -.0958288    -.056658
                     kansas  |  -.1044813   .0116743    -8.95   0.000    -.1273627   -.0815999
                   kentucky  |  -.1306084   .0099909   -13.07   0.000    -.1501901   -.1110266
                  louisiana  |  -.1142523   .0106748   -10.70   0.000    -.1351745   -.0933301
                      maine  |  -.1537266   .0175974    -8.74   0.000    -.1882171   -.1192362
                   maryland  |  -.0157321   .0100692    -1.56   0.118    -.0354675    .0040033
              massachusetts  |   .0174237   .0103262     1.69   0.092    -.0028153    .0376627
                   michigan  |  -.1027387   .0074008   -13.88   0.000    -.1172442   -.0882333
                  minnesota  |  -.0232997   .0087978    -2.65   0.008     -.040543   -.0060563
                mississippi  |  -.1523823   .0112317   -13.57   0.000    -.1743961   -.1303685
                   missouri  |  -.1129133   .0084825   -13.31   0.000    -.1295388   -.0962878
                    montana  |  -.0491292   .0200484    -2.45   0.014    -.0884235   -.0098349
                   nebraska  |  -.1475277   .0133823   -11.02   0.000    -.1737565   -.1212989
                     nevada  |  -.0478896    .013001    -3.68   0.000    -.0733711    -.022408
              new hampshire  |  -.0225535   .0185389    -1.22   0.224    -.0588893    .0137823
                 new jersey  |   .0364863   .0078795     4.63   0.000     .0210428    .0519298
                 new mexico  |  -.0933264   .0163831    -5.70   0.000    -.1254367   -.0612161
                   new york  |  -.0395436    .006319    -6.26   0.000    -.0519286   -.0271585
             north carolina  |  -.1458294   .0075426   -19.33   0.000    -.1606126   -.1310461
               north dakota  |   .0102261   .0201532     0.51   0.612    -.0292735    .0497258
                       ohio  |  -.0928467   .0068303   -13.59   0.000    -.1062339   -.0794596
                   oklahoma  |  -.1276321   .0101531   -12.57   0.000    -.1475319   -.1077323
                     oregon  |  -.0433945   .0115089    -3.77   0.000    -.0659516   -.0208375
               pennsylvania  |  -.0412654    .006548    -6.30   0.000    -.0540993   -.0284315
               rhode island  |   .0281671   .0215582     1.31   0.191    -.0140864    .0704206
             south carolina  |  -.1357651   .0101384   -13.39   0.000    -.1556361   -.1158941
               south dakota  |  -.1229985   .0189802    -6.48   0.000    -.1601992   -.0857978
                  tennessee  |  -.1206253   .0082692   -14.59   0.000    -.1368327    -.104418
                      texas  |  -.0795947   .0051512   -15.45   0.000    -.0896909   -.0694985
                       utah  |  -.0257447   .0124117    -2.07   0.038    -.0500714   -.0014181
                    vermont  |  -.0674501    .026948    -2.50   0.012    -.1202674   -.0146328
                   virginia  |  -.0850667   .0087136    -9.76   0.000    -.1021451   -.0679883
                 washington  |   .0545686    .008759     6.23   0.000     .0374013    .0717359
              west virginia  |  -.1375489   .0143355    -9.60   0.000     -.165646   -.1094518
                  wisconsin  |  -.0600816   .0082942    -7.24   0.000     -.076338   -.0438252
                    wyoming  |  -.0253147   .0226666    -1.12   0.264    -.0697406    .0191112
                             |
                sex#statefip |
             female#alabama  |  -.1083193   .0332181    -3.26   0.001    -.1734259   -.0432127
              female#alaska  |   .0035008    .111719     0.03   0.975    -.2154654    .2224669
             female#arizona  |  -.0387663   .0320008    -1.21   0.226    -.1014869    .0239544
            female#arkansas  |   -.112596   .0417483    -2.70   0.007    -.1944215   -.0307705
            female#colorado  |  -.0661619   .0348929    -1.90   0.058     -.134551    .0022273
         female#connecticut  |  -.0113907   .0549517    -0.21   0.836    -.1190945     .096313
            female#delaware  |  -.0841457   .0854617    -0.98   0.325    -.2516483    .0833568
female#district of columbia  |    .106701   .1509114     0.71   0.480    -.1890811    .4024831
             female#florida  |  -.0603984   .0218264    -2.77   0.006    -.1031774   -.0176193
             female#georgia  |  -.0590804   .0243067    -2.43   0.015    -.1067209     -.01144
              female#hawaii  |   .0687152   .0683912     1.00   0.315    -.0653295    .2027599
               female#idaho  |  -.1585159   .0512314    -3.09   0.002    -.2589279    -.058104
            female#illinois  |  -.0695111   .0255733    -2.72   0.007    -.1196342   -.0193881
             female#indiana  |  -.1031021    .029346    -3.51   0.000    -.1606195   -.0455847
                female#iowa  |  -.0994127   .0427268    -2.33   0.020     -.183156   -.0156694
              female#kansas  |  -.1815844   .0487259    -3.73   0.000    -.2770858   -.0860829
            female#kentucky  |   .0248013   .0376121     0.66   0.510    -.0489173    .0985199
           female#louisiana  |  -.1748635   .0364632    -4.80   0.000    -.2463303   -.1033967
               female#maine  |   .0113115   .0684544     0.17   0.869    -.1228571      .14548
            female#maryland  |   .0004803   .0366785     0.01   0.990    -.0714085    .0723691
       female#massachusetts  |  -.0830443    .039059    -2.13   0.033    -.1595989   -.0064897
            female#michigan  |  -.0900095    .027952    -3.22   0.001    -.1447947   -.0352243
           female#minnesota  |  -.0180209   .0367678    -0.49   0.624    -.0900847    .0540429
         female#mississippi  |  -.1048997   .0401529    -2.61   0.009    -.1835981   -.0262012
            female#missouri  |  -.1052514   .0319866    -3.29   0.001    -.1679441   -.0425586
             female#montana  |  -.1100064   .0783601    -1.40   0.160    -.2635899    .0435771
            female#nebraska  |   -.159506   .0554239    -2.88   0.004    -.2681352   -.0508768
              female#nevada  |   .0187792   .0417395     0.45   0.653    -.0630289    .1005874
       female#new hampshire  |  -.1011587   .0779892    -1.30   0.195    -.2540153    .0516979
          female#new jersey  |  -.0109306   .0322212    -0.34   0.734    -.0740832    .0522221
          female#new mexico  |  -.1358253    .053844    -2.52   0.012    -.2413581   -.0302925
            female#new york  |   .0227533   .0268664     0.85   0.397     -.029904    .0754106
      female#north carolina  |  -.1029204   .0272984    -3.77   0.000    -.1564245   -.0494163
        female#north dakota  |  -.1893808   .0701987    -2.70   0.007    -.3269683   -.0517934
                female#ohio  |  -.0946807   .0251578    -3.76   0.000    -.1439892   -.0453721
            female#oklahoma  |  -.0753649   .0353455    -2.13   0.033     -.144641   -.0060887
              female#oregon  |  -.0974576   .0381015    -2.56   0.011    -.1721355   -.0227797
        female#pennsylvania  |  -.0514063   .0268027    -1.92   0.055    -.1039389    .0011262
        female#rhode island  |  -.2565062   .0951484    -2.70   0.007    -.4429943   -.0700181
      female#south carolina  |  -.1100468   .0346467    -3.18   0.001    -.1779533   -.0421403
        female#south dakota  |   .0326381   .0840193     0.39   0.698    -.1320372    .1973135
           female#tennessee  |  -.0592101   .0293005    -2.02   0.043    -.1166382   -.0017821
               female#texas  |  -.1123445   .0194045    -5.79   0.000    -.1503767   -.0743124
                female#utah  |  -.0283037    .046779    -0.61   0.545    -.1199893    .0633819
             female#vermont  |  -.0411287    .137605    -0.30   0.765    -.3108306    .2285731
            female#virginia  |  -.1101219   .0310711    -3.54   0.000    -.1710204   -.0492235
          female#washington  |  -.0492035   .0303771    -1.62   0.105    -.1087417    .0103347
       female#west virginia  |  -.0542171    .065101    -0.83   0.405    -.1818133    .0733791
           female#wisconsin  |  -.0847358   .0341165    -2.48   0.013    -.1516032   -.0178683
             female#wyoming  |   -.079007   .0720509    -1.10   0.273    -.2202247    .0622107
                             |
                       _cons |   2.719129   .0129455   210.04   0.000     2.693756    2.744502
----------------------------------------------------------------------------------------------

. 
. 
. 
. 
end of do-file

. cd "/Users/kevin/Documents/RA Stuff"
/Users/kevin/Documents/RA Stuff

. 
. do "/var/folders/2p/d9pc27dj4w77gww54q57sc7r0000gn/T//SD58619.000000"

. 
. 
. 
. 
. ***** Lets load in the data set******
. import excel "ESTABLECIMIENTO_SALUD_202509/.xlsx", firstrow clear
file ESTABLECIMIENTO_SALUD_202509/.xlsx not found
r(601);

end of do-file

r(601);

. do "/var/folders/2p/d9pc27dj4w77gww54q57sc7r0000gn/T//SD58619.000000"

. 
. 
. 
. 
. ***** Lets load in the data set******
. import excel "ESTABLECIMIENTO_SALUD_202509.xlsx", firstrow clear
(67 vars, 59,001 obs)

. 
end of do-file

. do "/var/folders/2p/d9pc27dj4w77gww54q57sc7r0000gn/T//SD58619.000000"

. 
. 
. 
. 
. ***** Lets load in the data set******
. import excel "ESTABLECIMIENTO_SALUD_202509.xlsx", firstrow clear
(67 vars, 59,001 obs)

. 
end of do-file

. sum

    Variable |        Obs        Mean    Std. dev.       Min        Max
-------------+---------------------------------------------------------
       CLUES |          0
CLAVEDELAI~N |          0
NOMBREDELA~N |          0
CLAVEDELAE~D |          0
     ENTIDAD |          0
-------------+---------------------------------------------------------
CLAVEDELMU~O |          0
   MUNICIPIO |          0
CLAVEDELAL~D |          0
   LOCALIDAD |          0
CLAVEDELAJ~N |          0
-------------+---------------------------------------------------------
JURISDICCION |          0
CLAVEDELTI~O |          0
NOMBRETIPO~O |          0
CLAVEDETIP~A |          0
NOMBREDETI~A |          0
-------------+---------------------------------------------------------
CLAVEDESUB~A |          0
NOMBREDESU~A |          0
NOMBREDELA~D |          0
NOMBRECOME~L |          0
CLAVETIPOD~D |          0
-------------+---------------------------------------------------------
TIPODEVIAL~D |          0
    VIALIDAD |          0
NUMEROEXTE~R |          0
NUMEROINTE~R |          0
CLAVETIPOD~O |          0
-------------+---------------------------------------------------------
TIPODEASEN~O |          0
ASENTAMIENTO |          0
CODIGOPOSTAL |          0
OBSERVACIO~N |          0
CLAVEESTAT~N |          0
-------------+---------------------------------------------------------
ESTATUSDEO~N |          0
RFCDELESTA~O |          0
TELEFONO1D~O |          0
EX~1DELESTAB |          0
TELEFONO2D~O |          0
-------------+---------------------------------------------------------
EX~2DELESTAB |          0
FECHADECON~N |          0
FECHADEINI~N |          0
CLAVEUNID~CA |          0
UNIDADMO~RCA |          0
-------------+---------------------------------------------------------
UNIDADMO~ICA |          0
UNIDADMOV~LO |          0
CLAVEUNID~MA |          0
UNIDADMOV~MA |          0
CLAVEUNIDA~O |          0
-------------+---------------------------------------------------------
UNIDADMOV~PO |          0
CLAVEUNID~IA |          0
UNIDADMOV~IA |          0
CLAVEDELAI~M |          0
NOMBREDELA~M |          0
-------------+---------------------------------------------------------
CLAVENIVEL~N |          0
NIVELATENC~N |          0
CLAVEESTRA~D |          0
ESTRATOUNI~D |          0
CLAVETIPOO~A |          0
-------------+---------------------------------------------------------
    TIPOOBRA |          0
CLAVEPROPI~E |          0
PROPIEDADD~E |          0
     LATITUD |          0
    LONGITUD |          0
-------------+---------------------------------------------------------
CLAVEULTIM~O |          0
ULTIMOMOVI~O |          0
FECHAULTIM~O |          0
COMENTARIO~N |          0
CLAVEMOTIV~A |          0
-------------+---------------------------------------------------------
  MOTIVOBAJA |          0
FECHAEFECT~A |          0

. view

. describe

Contains data
 Observations:        59,001                  
    Variables:            67                  
--------------------------------------------------------------------------------------------------------------------------------------------------------------------------------------------
Variable      Storage   Display    Value
    name         type    format    label      Variable label
--------------------------------------------------------------------------------------------------------------------------------------------------------------------------------------------
CLUES           str11   %11s                  CLUES
CLAVEDELAINST~N str3    %9s                   CLAVE DE LA INSTITUCION
NOMBREDELAINS~N str74   %74s                  NOMBRE DE LA INSTITUCION
CLAVEDELAENTI~D str2    %9s                   CLAVE DE LA ENTIDAD
ENTIDAD         str31   %31s                  ENTIDAD
CLAVEDELMUNIC~O str3    %9s                   CLAVE DEL MUNICIPIO
MUNICIPIO       str76   %76s                  MUNICIPIO
CLAVEDELALOCA~D str4    %9s                   CLAVE DE LA LOCALIDAD
LOCALIDAD       str76   %76s                  LOCALIDAD
CLAVEDELAJURI~N str2    %9s                   CLAVE DE LA JURISDICCION
JURISDICCION    str28   %28s                  JURISDICCION
CLAVEDELTIPOE~O str1    %9s                   CLAVE DEL TIPO ESTABLECIMIENTO
NOMBRETIPOEST~O str20   %20s                  NOMBRE TIPO ESTABLECIMIENTO
CLAVEDETIPOLO~A str17   %17s                  CLAVE DE TIPOLOGIA
NOMBREDETIPOL~A str71   %71s                  NOMBRE DE TIPOLOGIA
CLAVEDESUBTIP~A str5    %9s                   CLAVE DE SUBTIPOLOGIA
NOMBREDESUBTI~A str90   %90s                  NOMBRE DE SUBTIPOLOGIA
NOMBREDELAUNI~D str143  %143s                 NOMBRE DE LA UNIDAD
NOMBRECOMERCIAL str138  %138s                 NOMBRE COMERCIAL
CLAVETIPODEVI~D str2    %9s                   CLAVE TIPO DE VIALIDAD
TIPODEVIALIDAD  str16   %16s                  TIPO DE VIALIDAD
VIALIDAD        str195  %195s                 VIALIDAD
NUMEROEXTERIOR  str46   %46s                  NUMERO EXTERIOR
NUMEROINTERIOR  str54   %54s                  NUMERO INTERIOR
CLAVETIPODEAS~O str2    %9s                   CLAVE TIPO DE ASENTAMIENTO
TIPODEASENTAM~O str21   %21s                  TIPO DE ASENTAMIENTO
ASENTAMIENTO    str97   %97s                  ASENTAMIENTO
CODIGOPOSTAL    str5    %9s                   CODIGO POSTAL
OBSERVACIONES~N str392  %392s                 OBSERVACIONES DE LA DIRECCION
CLAVEESTATUSD~N str1    %9s                   CLAVE ESTATUS DE OPERACION
ESTATUSDEOPER~N str32   %32s                  ESTATUS DE OPERACION
RFCDELESTABLE~O str15   %15s                  RFC DEL ESTABLECIMIENTO
TELEFONO1DELE~O str10   %10s                  TELEFONO 1 DEL ESTABLECIMIENTO
EXTEN~1DELESTAB str11   %11s                  EXTENSION TELEFONICA 1 DEL ESTABLECIMIENTO
TELEFONO2DELE~O str10   %10s                  TELEFONO 2 DEL ESTABLECIMIENTO
EXTEN~2DELESTAB str11   %11s                  EXTENSION TELEFONICA 2 DEL ESTABLECIMIENTO
FECHADECONSTR~N str10   %10s                  FECHA DE CONSTRUCCION
FECHADEINICIO~N str10   %10s                  FECHA DE INICIO DE OPERACION
CLAVEUNIDADM~CA str2    %9s                   CLAVE UNIDAD MOVIL MARCA
UNIDADMOVIL~RCA str22   %22s                  UNIDAD MOVIL MARCA
UNIDADMOVIL~ICA str34   %34s                  UNIDAD MOVIL MARCA ESPECIFICA
UNIDADMOVILMO~O str5    %9s                   UNIDAD MOVIL MODELO
CLAVEUNIDADM~MA str6    %9s                   CLAVE UNIDAD MOVIL PROGRAMA
UNIDADMOVILPR~A str52   %52s                  UNIDAD MOVIL PROGRAMA
CLAVEUNIDADMO~O str7    %9s                   CLAVE UNIDAD MOVIL TIPO
UNIDADMOVILTIPO str19   %19s                  UNIDAD MOVIL TIPO
CLAVEUNIDADM~IA str1    %9s                   CLAVE UNIDAD MOVIL TIPOLOGIA
UNIDADMOVILTI~A str48   %48s                  UNIDAD MOVIL TIPOLOGIA
CLAVEDELAINSADM str9    %9s                   CLAVE DE LA INS ADM
NOMBREDELAINS~M str121  %121s                 NOMBRE DE LA INS ADM
CLAVENIVELATE~N str1    %9s                   CLAVE NIVEL ATENCION
NIVELATENCION   str13   %13s                  NIVEL ATENCION
CLAVEESTRATOU~D str1    %9s                   CLAVE ESTRATO UNIDAD
ESTRATOUNIDAD   str6    %9s                   ESTRATO UNIDAD
CLAVETIPOOBRA   str1    %9s                   CLAVE TIPO OBRA
TIPOOBRA        str19   %19s                  TIPO OBRA
CLAVEPROPIEDA~E str1    %9s                   CLAVE PROPIEDAD DEL INMUEBLE
PROPIEDADDELI~E str11   %11s                  PROPIEDAD DEL INMUEBLE
LATITUD         str10   %10s                  LATITUD
LONGITUD        str12   %12s                  LONGITUD
CLAVEULTIMOMO~O str1    %9s                   CLAVE ULTIMO MOVIMIENTO
ULTIMOMOVIMIE~O str12   %12s                  ULTIMO MOVIMIENTO
FECHAULTIMOMO~O str10   %10s                  FECHA ULTIMO MOVIMIENTO
COMENTARIOSDE~N str1288 %1288s                COMENTARIOS DE LA VALIDACION
CLAVEMOTIVOBAJA str1    %9s                   CLAVE MOTIVO BAJA
MOTIVOBAJA      str35   %35s                  MOTIVO BAJA
FECHAEFECTIVA~A str10   %10s                  FECHA EFECTIVA DE BAJA
--------------------------------------------------------------------------------------------------------------------------------------------------------------------------------------------
Sorted by: 
     Note: Dataset has changed since last saved.

. 
. do "/var/folders/2p/d9pc27dj4w77gww54q57sc7r0000gn/T//SD58619.000000"

. 
. 
. 
. 
. ***** Lets load in the data set******
. import excel "ESTABLECIMIENTO_SALUD_202509.xlsx", firstrow clear allstring(0)
invalid syntax
   invalid numeric display format in option allstring(fmt)
r(198);

end of do-file

r(198);

. do "/var/folders/2p/d9pc27dj4w77gww54q57sc7r0000gn/T//SD58619.000000"

. 
. 
. 
. 
. ***** Lets load in the data set******
. import excel "ESTABLECIMIENTO_SALUD_202509.xlsx", firstrow clear 
(67 vars, 59,001 obs)

. 
end of do-file

. describe

Contains data
 Observations:        59,001                  
    Variables:            67                  
----------------------------------------------------------------------------------------------
Variable      Storage   Display    Value
    name         type    format    label      Variable label
----------------------------------------------------------------------------------------------
CLUES           str11   %11s                  CLUES
CLAVEDELAINST~N str3    %9s                   CLAVE DE LA INSTITUCION
NOMBREDELAINS~N str74   %74s                  NOMBRE DE LA INSTITUCION
CLAVEDELAENTI~D str2    %9s                   CLAVE DE LA ENTIDAD
ENTIDAD         str31   %31s                  ENTIDAD
CLAVEDELMUNIC~O str3    %9s                   CLAVE DEL MUNICIPIO
MUNICIPIO       str76   %76s                  MUNICIPIO
CLAVEDELALOCA~D str4    %9s                   CLAVE DE LA LOCALIDAD
LOCALIDAD       str76   %76s                  LOCALIDAD
CLAVEDELAJURI~N str2    %9s                   CLAVE DE LA JURISDICCION
JURISDICCION    str28   %28s                  JURISDICCION
CLAVEDELTIPOE~O str1    %9s                   CLAVE DEL TIPO ESTABLECIMIENTO
NOMBRETIPOEST~O str20   %20s                  NOMBRE TIPO ESTABLECIMIENTO
CLAVEDETIPOLO~A str17   %17s                  CLAVE DE TIPOLOGIA
NOMBREDETIPOL~A str71   %71s                  NOMBRE DE TIPOLOGIA
CLAVEDESUBTIP~A str5    %9s                   CLAVE DE SUBTIPOLOGIA
NOMBREDESUBTI~A str90   %90s                  NOMBRE DE SUBTIPOLOGIA
NOMBREDELAUNI~D str143  %143s                 NOMBRE DE LA UNIDAD
NOMBRECOMERCIAL str138  %138s                 NOMBRE COMERCIAL
CLAVETIPODEVI~D str2    %9s                   CLAVE TIPO DE VIALIDAD
TIPODEVIALIDAD  str16   %16s                  TIPO DE VIALIDAD
VIALIDAD        str195  %195s                 VIALIDAD
NUMEROEXTERIOR  str46   %46s                  NUMERO EXTERIOR
NUMEROINTERIOR  str54   %54s                  NUMERO INTERIOR
CLAVETIPODEAS~O str2    %9s                   CLAVE TIPO DE ASENTAMIENTO
TIPODEASENTAM~O str21   %21s                  TIPO DE ASENTAMIENTO
ASENTAMIENTO    str97   %97s                  ASENTAMIENTO
CODIGOPOSTAL    str5    %9s                   CODIGO POSTAL
OBSERVACIONES~N str392  %392s                 OBSERVACIONES DE LA DIRECCION
CLAVEESTATUSD~N str1    %9s                   CLAVE ESTATUS DE OPERACION
ESTATUSDEOPER~N str32   %32s                  ESTATUS DE OPERACION
RFCDELESTABLE~O str15   %15s                  RFC DEL ESTABLECIMIENTO
TELEFONO1DELE~O str10   %10s                  TELEFONO 1 DEL ESTABLECIMIENTO
EXTEN~1DELESTAB str11   %11s                  EXTENSION TELEFONICA 1 DEL ESTABLECIMIENTO
TELEFONO2DELE~O str10   %10s                  TELEFONO 2 DEL ESTABLECIMIENTO
EXTEN~2DELESTAB str11   %11s                  EXTENSION TELEFONICA 2 DEL ESTABLECIMIENTO
FECHADECONSTR~N str10   %10s                  FECHA DE CONSTRUCCION
FECHADEINICIO~N str10   %10s                  FECHA DE INICIO DE OPERACION
CLAVEUNIDADM~CA str2    %9s                   CLAVE UNIDAD MOVIL MARCA
UNIDADMOVIL~RCA str22   %22s                  UNIDAD MOVIL MARCA
UNIDADMOVIL~ICA str34   %34s                  UNIDAD MOVIL MARCA ESPECIFICA
UNIDADMOVILMO~O str5    %9s                   UNIDAD MOVIL MODELO
CLAVEUNIDADM~MA str6    %9s                   CLAVE UNIDAD MOVIL PROGRAMA
UNIDADMOVILPR~A str52   %52s                  UNIDAD MOVIL PROGRAMA
CLAVEUNIDADMO~O str7    %9s                   CLAVE UNIDAD MOVIL TIPO
UNIDADMOVILTIPO str19   %19s                  UNIDAD MOVIL TIPO
CLAVEUNIDADM~IA str1    %9s                   CLAVE UNIDAD MOVIL TIPOLOGIA
UNIDADMOVILTI~A str48   %48s                  UNIDAD MOVIL TIPOLOGIA
CLAVEDELAINSADM str9    %9s                   CLAVE DE LA INS ADM
NOMBREDELAINS~M str121  %121s                 NOMBRE DE LA INS ADM
CLAVENIVELATE~N str1    %9s                   CLAVE NIVEL ATENCION
NIVELATENCION   str13   %13s                  NIVEL ATENCION
CLAVEESTRATOU~D str1    %9s                   CLAVE ESTRATO UNIDAD
ESTRATOUNIDAD   str6    %9s                   ESTRATO UNIDAD
CLAVETIPOOBRA   str1    %9s                   CLAVE TIPO OBRA
TIPOOBRA        str19   %19s                  TIPO OBRA
CLAVEPROPIEDA~E str1    %9s                   CLAVE PROPIEDAD DEL INMUEBLE
PROPIEDADDELI~E str11   %11s                  PROPIEDAD DEL INMUEBLE
LATITUD         str10   %10s                  LATITUD
LONGITUD        str12   %12s                  LONGITUD
CLAVEULTIMOMO~O str1    %9s                   CLAVE ULTIMO MOVIMIENTO
ULTIMOMOVIMIE~O str12   %12s                  ULTIMO MOVIMIENTO
FECHAULTIMOMO~O str10   %10s                  FECHA ULTIMO MOVIMIENTO
COMENTARIOSDE~N str1288 %1288s                COMENTARIOS DE LA VALIDACION
CLAVEMOTIVOBAJA str1    %9s                   CLAVE MOTIVO BAJA
MOTIVOBAJA      str35   %35s                  MOTIVO BAJA
FECHAEFECTIVA~A str10   %10s                  FECHA EFECTIVA DE BAJA
----------------------------------------------------------------------------------------------
Sorted by: 
     Note: Dataset has changed since last saved.

. do "/var/folders/2p/d9pc27dj4w77gww54q57sc7r0000gn/T//SD58619.000000"

. 
. 
. 
. 
. ***** Lets load in the data set******
. import excel "ESTABLECIMIENTO_SALUD_202509.xlsx", firstrow clear 
(67 vars, 59,001 obs)

. 
. ***** Lets make sure we pick the right vairables that we are working wtih 
. keep CLUES CLAVEDELAINST~N CLAVEDELAENTI~D CLAVEDELMUNIC~O CLAVEDELALOCA~D CLAVEDELTIPOE~O C
> LAVEDETIPOLO~A CLAVEESTATUSD~N FECHADEINICIO~N CLAVEDELAINSADM CLAVENIVELATE~N CLAVEESTRATOU
> ~D LATITUD LONGITUD CLAVEULTIMOMO~O

. 
. describe

Contains data
 Observations:        59,001                  
    Variables:            15                  
----------------------------------------------------------------------------------------------
Variable      Storage   Display    Value
    name         type    format    label      Variable label
----------------------------------------------------------------------------------------------
CLUES           str11   %11s                  CLUES
CLAVEDELAINST~N str3    %9s                   CLAVE DE LA INSTITUCION
CLAVEDELAENTI~D str2    %9s                   CLAVE DE LA ENTIDAD
CLAVEDELMUNIC~O str3    %9s                   CLAVE DEL MUNICIPIO
CLAVEDELALOCA~D str4    %9s                   CLAVE DE LA LOCALIDAD
CLAVEDELTIPOE~O str1    %9s                   CLAVE DEL TIPO ESTABLECIMIENTO
CLAVEDETIPOLO~A str17   %17s                  CLAVE DE TIPOLOGIA
CLAVEESTATUSD~N str1    %9s                   CLAVE ESTATUS DE OPERACION
FECHADEINICIO~N str10   %10s                  FECHA DE INICIO DE OPERACION
CLAVEDELAINSADM str9    %9s                   CLAVE DE LA INS ADM
CLAVENIVELATE~N str1    %9s                   CLAVE NIVEL ATENCION
CLAVEESTRATOU~D str1    %9s                   CLAVE ESTRATO UNIDAD
LATITUD         str10   %10s                  LATITUD
LONGITUD        str12   %12s                  LONGITUD
CLAVEULTIMOMO~O str1    %9s                   CLAVE ULTIMO MOVIMIENTO
----------------------------------------------------------------------------------------------
Sorted by: 
     Note: Dataset has changed since last saved.

. 
end of do-file

. list in 1/10

     +-------------------------------------------------------------------------------------+
  1. |       CLUES | CLAVED~N  | CL~TIDAD  | CLAVE~IO  | CL~LIDAD  | C~TIPO~O  | CLAVED~A  |
     | ASCIJ000012 |      CIJ  |       01  |      001  |     0001  |        1  |      CPA  |
     |-------------------------------------------------------------------------------------|
     | CLAVEE~N | FECHADEI~N | CLAVEDE~M | CLAVEN~N | CLAVEE~D |    LATITUD |     LONGITUD |
     |        1 | 16/05/1991 |       CIJ |        1 |        2 | 21.8821274 | -102.3002719 |
     |-------------------------------------------------------------------------------------|
     |                                      CLAVEU~O                                       |
     |                                             A                                       |
     +-------------------------------------------------------------------------------------+

     +-------------------------------------------------------------------------------------+
  2. |       CLUES | CLAVED~N  | CL~TIDAD  | CLAVE~IO  | CL~LIDAD  | C~TIPO~O  | CLAVED~A  |
     | ASCRO000012 |      CRO  |       01  |      001  |     0001  |        1  |       99  |
     |-------------------------------------------------------------------------------------|
     | CLAVEE~N | FECHADEI~N | CLAVEDE~M | CLAVEN~N | CLAVEE~D |    LATITUD |     LONGITUD |
     |        1 | 17/06/2024 | CRUZ ROJA |        1 |        2 |   21.91542 |   -102.29775 |
     |-------------------------------------------------------------------------------------|
     |                                      CLAVEU~O                                       |
     |                                             A                                       |
     +-------------------------------------------------------------------------------------+

     +-------------------------------------------------------------------------------------+
  3. |       CLUES | CLAVED~N  | CL~TIDAD  | CLAVE~IO  | CL~LIDAD  | C~TIPO~O  | CLAVED~A  |
     | ASDIF000011 |      DIF  |       01  |      001  |     0001  |        4  |       99  |
     |-------------------------------------------------------------------------------------|
     | CLAVEE~N | FECHADEI~N | CLAVEDE~M | CLAVEN~N | CLAVEE~D |    LATITUD |     LONGITUD |
     |        1 |            |       NES |        6 |        2 |    21.8677 |     -102.309 |
     |-------------------------------------------------------------------------------------|
     |                                      CLAVEU~O                                       |
     |                                             B                                       |
     +-------------------------------------------------------------------------------------+

     +-------------------------------------------------------------------------------------+
  4. |       CLUES | CLAVED~N  | CL~TIDAD  | CLAVE~IO  | CL~LIDAD  | C~TIPO~O  | CLAVED~A  |
     | ASDIF000023 |      DIF  |       01  |      004  |     0001  |        4  |       99  |
     |-------------------------------------------------------------------------------------|
     | CLAVEE~N | FECHADEI~N | CLAVEDE~M | CLAVEN~N | CLAVEE~D |    LATITUD |     LONGITUD |
     |        1 |            |       NES |        6 |        2 |    22.3399 |     -102.264 |
     |-------------------------------------------------------------------------------------|
     |                                      CLAVEU~O                                       |
     |                                             B                                       |
     +-------------------------------------------------------------------------------------+

     +-------------------------------------------------------------------------------------+
  5. |       CLUES | CLAVED~N  | CL~TIDAD  | CLAVE~IO  | CL~LIDAD  | C~TIPO~O  | CLAVED~A  |
     | ASDIF000035 |      DIF  |       01  |      007  |     0001  |        4  |       99  |
     |-------------------------------------------------------------------------------------|
     | CLAVEE~N | FECHADEI~N | CLAVEDE~M | CLAVEN~N | CLAVEE~D |    LATITUD |     LONGITUD |
     |        1 |            |       NES |        6 |        2 |    22.2028 |     -102.284 |
     |-------------------------------------------------------------------------------------|
     |                                      CLAVEU~O                                       |
     |                                             B                                       |
     +-------------------------------------------------------------------------------------+

     +-------------------------------------------------------------------------------------+
  6. |       CLUES | CLAVED~N  | CL~TIDAD  | CLAVE~IO  | CL~LIDAD  | C~TIPO~O  | CLAVED~A  |
     | ASDIF000040 |      DIF  |       01  |      009  |     0001  |        4  |       99  |
     |-------------------------------------------------------------------------------------|
     | CLAVEE~N | FECHADEI~N | CLAVEDE~M | CLAVEN~N | CLAVEE~D |    LATITUD |     LONGITUD |
     |        1 |            |       NES |        6 |        2 |     22.198 |     -102.141 |
     |-------------------------------------------------------------------------------------|
     |                                      CLAVEU~O                                       |
     |                                             B                                       |
     +-------------------------------------------------------------------------------------+

     +-------------------------------------------------------------------------------------+
  7. |       CLUES | CLAVED~N  | CL~TIDAD  | CLAVE~IO  | CL~LIDAD  | C~TIPO~O  | CLAVED~A  |
     | ASDIF000052 |      DIF  |       01  |      003  |     0001  |        4  |       99  |
     |-------------------------------------------------------------------------------------|
     | CLAVEE~N | FECHADEI~N | CLAVEDE~M | CLAVEN~N | CLAVEE~D |    LATITUD |     LONGITUD |
     |        1 |            |       NES |        6 |        2 |    21.8178 |     -102.685 |
     |-------------------------------------------------------------------------------------|
     |                                      CLAVEU~O                                       |
     |                                             B                                       |
     +-------------------------------------------------------------------------------------+

     +-------------------------------------------------------------------------------------+
  8. |       CLUES | CLAVED~N  | CL~TIDAD  | CLAVE~IO  | CL~LIDAD  | C~TIPO~O  | CLAVED~A  |
     | ASDIF000064 |      DIF  |       01  |      001  |     0001  |        4  |       99  |
     |-------------------------------------------------------------------------------------|
     | CLAVEE~N | FECHADEI~N | CLAVEDE~M | CLAVEN~N | CLAVEE~D |    LATITUD |     LONGITUD |
     |        1 |            |       NES |        6 |        2 |    21.8654 |     -102.296 |
     |-------------------------------------------------------------------------------------|
     |                                      CLAVEU~O                                       |
     |                                             B                                       |
     +-------------------------------------------------------------------------------------+

     +-------------------------------------------------------------------------------------+
  9. |       CLUES | CLAVED~N  | CL~TIDAD  | CLAVE~IO  | CL~LIDAD  | C~TIPO~O  | CLAVED~A  |
     | ASDIF000076 |      DIF  |       01  |      011  |     0001  |        4  |       99  |
     |-------------------------------------------------------------------------------------|
     | CLAVEE~N | FECHADEI~N | CLAVEDE~M | CLAVEN~N | CLAVEE~D |    LATITUD |     LONGITUD |
     |        1 |            |       NES |        6 |        2 |    22.0751 |      -102.27 |
     |-------------------------------------------------------------------------------------|
     |                                      CLAVEU~O                                       |
     |                                             B                                       |
     +-------------------------------------------------------------------------------------+

     +-------------------------------------------------------------------------------------+
 10. |       CLUES | CLAVED~N  | CL~TIDAD  | CLAVE~IO  | CL~LIDAD  | C~TIPO~O  | CLAVED~A  |
     | ASHUN000012 |      HUN  |       01  |      001  |     0001  |        1  |       99  |
     |-------------------------------------------------------------------------------------|
     | CLAVEE~N | FECHADEI~N | CLAVEDE~M | CLAVEN~N | CLAVEE~D |    LATITUD |     LONGITUD |
     |        1 | 01/08/2008 |       HUN |        1 |        2 |   21.87086 |  -102.245102 |
     |-------------------------------------------------------------------------------------|
     |                                      CLAVEU~O                                       |
     |                                             A                                       |
     +-------------------------------------------------------------------------------------+

. 
. do "/var/folders/2p/d9pc27dj4w77gww54q57sc7r0000gn/T//SD58619.000000"

. *************************************
. *** Clean Data for CLUES.do ***
. *** ------------------------------- ***
. *** Created by Kevin Ruiz ***
. ***************************************
. ********************************************************
. *** This program cleans up the CLUES Dataset ***
. ********************************************************
. 
. 
. **************************
. *** Begin the log file ***
. **************************
. capture log close
