---------------------------------------------------------------------------------------------------------------------------------------------------------------------------------------------------------------------------------------------------------------
      name:  <unnamed>
       log:  /Users/kevin/Documents/Econometrics/econ5813pa1.log
  log type:  text
 opened on:   1 Dec 2025, 22:28:55

. set more off

. set linesize 255

. set varabbrev off

. 
. *********************
. *** Load in data ***
. *********************
. use econ5813_IPUMS_EXTRACT.dta, clear

. 
. ****************************************************
. *** Check that the data is correct ***
. *** -------------------------------------------- ***
. *** Modify this to be consistent with your data. ***
. *** Add additional data integrity checks as you ***
. *** think of them. ***
. ****************************************************
. * Data includes years 2010 through 2023
. tab year, missing

census year |      Freq.     Percent        Cum.
------------+-----------------------------------
       2010 |  1,047,221        7.13        7.13
       2011 |  1,021,068        6.95       14.07
       2012 |  1,029,359        7.00       21.08
       2013 |  1,047,299        7.13       28.21
       2014 |  1,046,851        7.12       35.33
       2015 |  1,056,267        7.19       42.52
       2016 |  1,061,699        7.22       49.74
       2017 |  1,080,378        7.35       57.09
       2018 |  1,087,020        7.40       64.49
       2019 |  1,091,130        7.42       71.91
       2020 |    846,175        5.76       77.67
       2021 |  1,049,265        7.14       84.81
       2022 |  1,110,277        7.56       92.37
       2023 |  1,121,773        7.63      100.00
------------+-----------------------------------
      Total | 14,695,782      100.00

. assert inrange(year,2010,2023)==1 & r(r)==14

. 
. * Data includes individuals between the ages of 25 and 59
. tab age, missing

                                 age |      Freq.     Percent        Cum.
-------------------------------------+-----------------------------------
                                  25 |    376,540        2.56        2.56
                                  26 |    379,488        2.58        5.14
                                  27 |    387,303        2.64        7.78
                                  28 |    394,697        2.69       10.47
                                  29 |    396,522        2.70       13.16
                                  30 |    416,392        2.83       16.00
                                  31 |    401,691        2.73       18.73
                                  32 |    406,929        2.77       21.50
                                  33 |    402,090        2.74       24.24
                                  34 |    401,619        2.73       26.97
                                  35 |    409,576        2.79       29.76
                                  36 |    399,353        2.72       32.47
                                  37 |    397,609        2.71       35.18
                                  38 |    400,647        2.73       37.91
                                  39 |    400,126        2.72       40.63
                                  40 |    423,093        2.88       43.51
                                  41 |    403,268        2.74       46.25
                                  42 |    408,932        2.78       49.03
                                  43 |    408,490        2.78       51.81
                                  44 |    409,312        2.79       54.60
                                  45 |    425,528        2.90       57.49
                                  46 |    421,135        2.87       60.36
                                  47 |    428,931        2.92       63.28
                                  48 |    436,171        2.97       66.25
                                  49 |    443,175        3.02       69.26
                                  50 |    470,533        3.20       72.46
                                  51 |    454,785        3.09       75.56
                                  52 |    461,492        3.14       78.70
                                  53 |    460,171        3.13       81.83
                                  54 |    460,353        3.13       84.96
                                  55 |    461,735        3.14       88.10
                                  56 |    448,888        3.05       91.16
                                  57 |    443,867        3.02       94.18
                                  58 |    435,618        2.96       97.14
                                  59 |    419,723        2.86      100.00
-------------------------------------+-----------------------------------
                               Total | 14,695,782      100.00

. assert inrange(age,25,59)==1

. 
. * Data includes individuals who are employed
. tab empstat, missing

 employment status |
 [general version] |      Freq.     Percent        Cum.
-------------------+-----------------------------------
          employed | 14,695,782      100.00      100.00
-------------------+-----------------------------------
             Total | 14,695,782      100.00

. assert empstat==1

. 
. *********************
. *** Question 3 ***
. *********************
. 
. ***** Part a *****
. 
. *describes our data set well 
. *enough with detailed labels of vairables and observations. 
. describe 

Contains data from econ5813_IPUMS_EXTRACT.dta
 Observations:    14,695,782                  
    Variables:            51                  15 NOV 2025 20:54
---------------------------------------------------------------------------------------------------------------------------------------------------------------------------------------------------------------------------------------------------------------
Variable      Storage   Display    Value
    name         type    format    label      Variable label
---------------------------------------------------------------------------------------------------------------------------------------------------------------------------------------------------------------------------------------------------------------
year            int     %8.0g      YEAR       census year
sample          long    %12.0g     SAMPLE     ipums sample identifier
serial          long    %12.0g                household serial number
cbserial        double  %12.0g                original census bureau household serial number
hhwt            int     %8.0g                 household weight
cluster         double  %12.0g                household cluster for variance estimation
region          byte    %8.0g      REGION     census region and division
statefip        byte    %8.0g      STATEFIP   state (fips code)
strata          long    %12.0g                household strata for variance estimation
gq              byte    %8.0g      GQ         group quarters status
pernum          byte    %8.0g                 person number in sample unit
perwt           int     %8.0g                 person weight
sex             byte    %8.0g      SEX        sex
age             byte    %8.0g      AGE        age
birthqtr        byte    %8.0g      BIRTHQTR   quarter of birth
marst           byte    %8.0g      MARST      marital status
race            byte    %8.0g      RACE       race [general version]
raced           int     %8.0g      RACED      race [detailed version]
hispan          byte    %8.0g      HISPAN     hispanic origin [general version]
hispand         int     %8.0g      HISPAND    hispanic origin [detailed version]
bpl             int     %8.0g      BPL        birthplace [general version]
bpld            long    %12.0g     BPLD       birthplace [detailed version]
ancestr1        int     %8.0g      ANCESTR1   ancestry, first response [general version]
ancestr1d       int     %8.0g      ANCESTR1D
                                              ancestry, first response [detailed version]
citizen         byte    %8.0g      CITIZEN    citizenship status
yrnatur         int     %8.0g      YRNATUR    year naturalized
yrimmig         int     %8.0g      YRIMMIG    year of immigration
yrsusa1         byte    %8.0g      YRSUSA1    years in the united states
yrsusa2         byte    %8.0g      YRSUSA2    years in the united states, intervalled
school          byte    %8.0g      SCHOOL     school attendance
educ            byte    %8.0g      EDUC       educational attainment [general version]
educd           int     %8.0g      EDUCD      educational attainment [detailed version]
gradeatt        byte    %8.0g      GRADEATT   grade level attending [general version]
gradeattd       byte    %8.0g      GRADEATTD
                                              grade level attending [detailed version]
schltype        byte    %8.0g      SCHLTYPE   public or private school
degfield        byte    %8.0g      DEGFIELD   field of degree [general version]
degfieldd       int     %8.0g      DEGFIELDD
                                              field of degree [detailed version]
degfield2       byte    %8.0g      DEGFIELD2
                                              field of degree (2) [general version]
degfield2d      int     %8.0g      DEGFIELD2D
                                              field of degree (2) [detailed version]
empstat         byte    %8.0g      EMPSTAT    employment status [general version]
empstatd        byte    %8.0g      EMPSTATD   employment status [detailed version]
labforce        byte    %8.0g      LABFORCE   labor force status
classwkr        byte    %8.0g      CLASSWKR   class of worker [general version]
classwkrd       byte    %8.0g      CLASSWKRD
                                              class of worker [detailed version]
occ             int     %8.0g                 occupation
ind             int     %8.0g                 industry
wkswork2        byte    %8.0g      WKSWORK2   weeks worked last year, intervalled
uhrswork        byte    %8.0g      UHRSWORK   usual hours worked per week
inctot          long    %12.0g                total personal income
ftotinc         long    %12.0g                total family income
incwage         long    %12.0g     INCWAGE    wage and salary income
---------------------------------------------------------------------------------------------------------------------------------------------------------------------------------------------------------------------------------------------------------------
Sorted by: 

. 
. compress 
  (0 bytes saved)

. 
. describe

Contains data from econ5813_IPUMS_EXTRACT.dta
 Observations:    14,695,782                  
    Variables:            51                  15 NOV 2025 20:54
---------------------------------------------------------------------------------------------------------------------------------------------------------------------------------------------------------------------------------------------------------------
Variable      Storage   Display    Value
    name         type    format    label      Variable label
---------------------------------------------------------------------------------------------------------------------------------------------------------------------------------------------------------------------------------------------------------------
year            int     %8.0g      YEAR       census year
sample          long    %12.0g     SAMPLE     ipums sample identifier
serial          long    %12.0g                household serial number
cbserial        double  %12.0g                original census bureau household serial number
hhwt            int     %8.0g                 household weight
cluster         double  %12.0g                household cluster for variance estimation
region          byte    %8.0g      REGION     census region and division
statefip        byte    %8.0g      STATEFIP   state (fips code)
strata          long    %12.0g                household strata for variance estimation
gq              byte    %8.0g      GQ         group quarters status
pernum          byte    %8.0g                 person number in sample unit
perwt           int     %8.0g                 person weight
sex             byte    %8.0g      SEX        sex
age             byte    %8.0g      AGE        age
birthqtr        byte    %8.0g      BIRTHQTR   quarter of birth
marst           byte    %8.0g      MARST      marital status
race            byte    %8.0g      RACE       race [general version]
raced           int     %8.0g      RACED      race [detailed version]
hispan          byte    %8.0g      HISPAN     hispanic origin [general version]
hispand         int     %8.0g      HISPAND    hispanic origin [detailed version]
bpl             int     %8.0g      BPL        birthplace [general version]
bpld            long    %12.0g     BPLD       birthplace [detailed version]
ancestr1        int     %8.0g      ANCESTR1   ancestry, first response [general version]
ancestr1d       int     %8.0g      ANCESTR1D
                                              ancestry, first response [detailed version]
citizen         byte    %8.0g      CITIZEN    citizenship status
yrnatur         int     %8.0g      YRNATUR    year naturalized
yrimmig         int     %8.0g      YRIMMIG    year of immigration
yrsusa1         byte    %8.0g      YRSUSA1    years in the united states
yrsusa2         byte    %8.0g      YRSUSA2    years in the united states, intervalled
school          byte    %8.0g      SCHOOL     school attendance
educ            byte    %8.0g      EDUC       educational attainment [general version]
educd           int     %8.0g      EDUCD      educational attainment [detailed version]
gradeatt        byte    %8.0g      GRADEATT   grade level attending [general version]
gradeattd       byte    %8.0g      GRADEATTD
                                              grade level attending [detailed version]
schltype        byte    %8.0g      SCHLTYPE   public or private school
degfield        byte    %8.0g      DEGFIELD   field of degree [general version]
degfieldd       int     %8.0g      DEGFIELDD
                                              field of degree [detailed version]
degfield2       byte    %8.0g      DEGFIELD2
                                              field of degree (2) [general version]
degfield2d      int     %8.0g      DEGFIELD2D
                                              field of degree (2) [detailed version]
empstat         byte    %8.0g      EMPSTAT    employment status [general version]
empstatd        byte    %8.0g      EMPSTATD   employment status [detailed version]
labforce        byte    %8.0g      LABFORCE   labor force status
classwkr        byte    %8.0g      CLASSWKR   class of worker [general version]
classwkrd       byte    %8.0g      CLASSWKRD
                                              class of worker [detailed version]
occ             int     %8.0g                 occupation
ind             int     %8.0g                 industry
wkswork2        byte    %8.0g      WKSWORK2   weeks worked last year, intervalled
uhrswork        byte    %8.0g      UHRSWORK   usual hours worked per week
inctot          long    %12.0g                total personal income
ftotinc         long    %12.0g                total family income
incwage         long    %12.0g     INCWAGE    wage and salary income
---------------------------------------------------------------------------------------------------------------------------------------------------------------------------------------------------------------------------------------------------------------
Sorted by: 

. ***** Part b ******
. 
. *** Using the list and in functions allow us to only index the first 20
. list age sex statefip in 1/20

     +-------------------------+
     | age      sex   statefip |
     |-------------------------|
  1. |  25     male    alabama |
  2. |  26   female    alabama |
  3. |  33     male    alabama |
  4. |  29   female    alabama |
  5. |  27     male    alabama |
     |-------------------------|
  6. |  35     male    alabama |
  7. |  46     male    alabama |
  8. |  44   female    alabama |
  9. |  37   female    alabama |
 10. |  38     male    alabama |
     |-------------------------|
 11. |  56     male    alabama |
 12. |  44     male    alabama |
 13. |  44     male    alabama |
 14. |  41   female    alabama |
 15. |  36     male    alabama |
     |-------------------------|
 16. |  53     male    alabama |
 17. |  30     male    alabama |
 18. |  29   female    alabama |
 19. |  48     male    alabama |
 20. |  43   female    alabama |
     +-------------------------+

. 
. ***** Part c *******
. **lets sort our data by statefip and age
. sort statefip age

. ***new first 20
. list age sex statefip in 1/20

     +-------------------------+
     | age      sex   statefip |
     |-------------------------|
  1. |  25   female    alabama |
  2. |  25     male    alabama |
  3. |  25   female    alabama |
  4. |  25   female    alabama |
  5. |  25   female    alabama |
     |-------------------------|
  6. |  25   female    alabama |
  7. |  25     male    alabama |
  8. |  25   female    alabama |
  9. |  25     male    alabama |
 10. |  25   female    alabama |
     |-------------------------|
 11. |  25     male    alabama |
 12. |  25     male    alabama |
 13. |  25   female    alabama |
 14. |  25     male    alabama |
 15. |  25   female    alabama |
     |-------------------------|
 16. |  25   female    alabama |
 17. |  25     male    alabama |
 18. |  25   female    alabama |
 19. |  25     male    alabama |
 20. |  25   female    alabama |
     +-------------------------+

. 
. ***** Part d ****
. *First lets sort by sex which will put the males at the top thus 
. *we can then just list them and we will get the first 10 males 
. sort sex

. 
. list age sex statefip incwage if sex == 1 in 1/10

     +---------------------------------+
     | age    sex   statefip   incwage |
     |---------------------------------|
  1. |  30   male     oregon     62000 |
  2. |  53   male   michigan         0 |
  3. |  40   male   maryland    100000 |
  4. |  58   male   illinois     79000 |
  5. |  35   male   connecti     42000 |
     |---------------------------------|
  6. |  43   male   michigan     50000 |
  7. |  37   male   michigan     20000 |
  8. |  45   male   californ     56000 |
  9. |  45   male   virginia     88000 |
 10. |  50   male   minnesot     75000 |
     +---------------------------------+

. 
. ** similarly for females we can just sort by sex in the opposite direction
. *then we can just list the first 10
. gsort -sex

. 
. list age sex statefip incwage if sex == 2 in 1/10

     +-----------------------------------+
     | age      sex   statefip   incwage |
     |-----------------------------------|
  1. |  55   female   new jers         0 |
  2. |  35   female   north ca     38500 |
  3. |  32   female   minnesot     50000 |
  4. |  49   female   pennsylv     25000 |
  5. |  45   female      texas     77000 |
     |-----------------------------------|
  6. |  41   female   pennsylv     58000 |
  7. |  44   female    florida     35000 |
  8. |  27   female   californ     30000 |
  9. |  48   female   missouri     37000 |
 10. |  32   female      texas     37500 |
     +-----------------------------------+

. 
. 
. *********************
. *** Question 4 ***
. *********************
. use econ5813_IPUMS_EXTRACT.dta, clear

. 
. **** Part a *****
. *lets drop the variable
. drop empstatd

. 
. **** Part b *****
. *lets do the variable creation from the code given
. generate weeksworked = .
(14,695,782 missing values generated)

.  replace weeksworked = 7 if wkswork2==1
(316,780 real changes made)

.  replace weeksworked = 20 if wkswork2==2
(309,632 real changes made)

.  replace weeksworked = 33 if wkswork2==3
(482,616 real changes made)

.  replace weeksworked = 43.5 if wkswork2==4
(664,777 real changes made)

.  replace weeksworked = 48.5 if wkswork2==5
(250,553 real changes made)

.  replace weeksworked = 51 if wkswork2==6
(12,671,424 real changes made)

.  label variable weeksworked "Weeks worked"

. 
.  tab weeksworked, missing

      Weeks |
     worked |      Freq.     Percent        Cum.
------------+-----------------------------------
          7 |    316,780        2.16        2.16
         20 |    309,632        2.11        4.26
         33 |    482,616        3.28        7.55
       43.5 |    664,777        4.52       12.07
       48.5 |    250,553        1.70       13.78
         51 | 12,671,424       86.22      100.00
------------+-----------------------------------
      Total | 14,695,782      100.00

.  assert inlist(weeksworked,7,20,33,43.5,48.5,51)==1 & r(r)==6

.  
.  
. **** Part c *****
. ** lets now drop any indvidauls with less than 26 weeks worked 
. drop if weeksworked <= 26
(626,412 observations deleted)

. 
. **** Part d ****
. *** using the variable uhrswork we can check how many hours worked per weeks lets now drop anyone with few hours worked or extra horus worked
. 
. drop if uhrswork <20 | uhrswork >60
(820,859 observations deleted)

. 
. 
. **** Part e ***
. * Lets create the dummy variable for female
. generate female = .
(13,248,511 missing values generated)

. replace female = 1 if sex == 2
(6,294,825 real changes made)

. replace female = 0 if sex == 1
(6,953,686 real changes made)

. 
. * Lets create the dummy variable for male
. generate male = .
(13,248,511 missing values generated)

. replace male = 1 if sex == 1
(6,953,686 real changes made)

. replace male = 0 if sex == 2
(6,294,825 real changes made)

. 
. 
. *** Part f ****
. *lets check if they are mutually exlusive 
. tab female male, missing

           |         male
    female |         0          1 |     Total
-----------+----------------------+----------
         0 |         0  6,953,686 | 6,953,686 
         1 | 6,294,825          0 | 6,294,825 
-----------+----------------------+----------
     Total | 6,294,825  6,953,686 |13,248,511 

. 
. 
. *********************
. *** Question 5***
. *********************
. 
. ***** Part a ****
. *looks at a table of occupations 
. tab occ

 occupation |      Freq.     Percent        Cum.
------------+-----------------------------------
         10 |    122,814        0.93        0.93
         20 |    110,145        0.83        1.76
         40 |      5,748        0.04        1.80
         50 |     54,772        0.41        2.22
         51 |     27,061        0.20        2.42
         52 |     24,366        0.18        2.60
         60 |      8,629        0.07        2.67
        100 |      8,424        0.06        2.73
        101 |      2,756        0.02        2.75
        102 |      4,868        0.04        2.79
        110 |     70,150        0.53        3.32
        120 |    134,295        1.01        4.33
        135 |      2,096        0.02        4.35
        136 |     40,196        0.30        4.65
        137 |      6,613        0.05        4.70
        140 |     28,612        0.22        4.92
        150 |     23,067        0.17        5.09
        160 |     26,152        0.20        5.29
        205 |     51,309        0.39        5.68
        220 |     76,383        0.58        6.25
        230 |    101,102        0.76        7.02
        300 |     20,721        0.16        7.17
        310 |     75,731        0.57        7.74
        330 |      1,066        0.01        7.75
        335 |      2,000        0.02        7.77
        340 |     11,599        0.09        7.86
        350 |     72,326        0.55        8.40
        360 |      2,924        0.02        8.42
        410 |     50,843        0.38        8.81
        420 |     40,896        0.31        9.12
        425 |      1,329        0.01        9.13
        430 |    233,137        1.76       10.89
        440 |    188,559        1.42       12.31
        500 |      3,712        0.03       12.34
        510 |        983        0.01       12.34
        520 |     18,303        0.14       12.48
        530 |     29,012        0.22       12.70
        540 |     33,690        0.25       12.96
        565 |     29,141        0.22       13.18
        600 |     14,057        0.11       13.28
        630 |     84,641        0.64       13.92
        640 |      6,757        0.05       13.97
        650 |     15,516        0.12       14.09
        700 |     14,799        0.11       14.20
        705 |     39,281        0.30       14.50
        710 |     83,058        0.63       15.12
        725 |     11,550        0.09       15.21
        726 |      9,285        0.07       15.28
        735 |     34,202        0.26       15.54
        740 |     16,130        0.12       15.66
        750 |     20,488        0.15       15.82
        800 |    199,246        1.50       17.32
        810 |      8,509        0.06       17.38
        820 |      5,791        0.04       17.43
        830 |      3,296        0.02       17.45
        840 |      8,830        0.07       17.52
        845 |     13,670        0.10       17.62
        850 |     38,515        0.29       17.91
        860 |     12,362        0.09       18.01
        900 |      1,859        0.01       18.02
        910 |     34,884        0.26       18.28
        930 |      6,013        0.05       18.33
        940 |      6,724        0.05       18.38
        950 |      3,758        0.03       18.41
        960 |      4,122        0.03       18.44
       1005 |      2,385        0.02       18.46
       1006 |     57,396        0.43       18.89
       1007 |     11,759        0.09       18.98
       1010 |     41,950        0.32       19.30
       1020 |     71,643        0.54       19.84
       1021 |     84,901        0.64       20.48
       1022 |      3,853        0.03       20.51
       1030 |     10,611        0.08       20.59
       1031 |      4,810        0.04       20.62
       1032 |      3,114        0.02       20.65
       1050 |     64,163        0.48       21.13
       1060 |      7,423        0.06       21.19
       1065 |      6,287        0.05       21.23
       1105 |     25,658        0.19       21.43
       1106 |     12,221        0.09       21.52
       1107 |     30,138        0.23       21.75
       1108 |     33,381        0.25       22.00
       1200 |      3,586        0.03       22.03
       1220 |     17,470        0.13       22.16
       1240 |     17,602        0.13       22.29
       1300 |     11,080        0.08       22.37
       1305 |      9,350        0.07       22.45
       1306 |      1,349        0.01       22.46
       1310 |      3,789        0.03       22.48
       1320 |     15,222        0.11       22.60
       1340 |      1,939        0.01       22.61
       1350 |      7,182        0.05       22.67
       1360 |     38,791        0.29       22.96
       1400 |      6,202        0.05       23.01
       1410 |     24,630        0.19       23.19
       1420 |      3,521        0.03       23.22
       1430 |     24,054        0.18       23.40
       1440 |      1,381        0.01       23.41
       1450 |      4,571        0.03       23.45
       1460 |     30,086        0.23       23.67
       1520 |      3,180        0.02       23.70
       1530 |     60,670        0.46       24.16
       1540 |      9,910        0.07       24.23
       1541 |      2,299        0.02       24.25
       1545 |      4,035        0.03       24.28
       1550 |     23,901        0.18       24.46
       1551 |      3,961        0.03       24.49
       1555 |     16,994        0.13       24.62
       1560 |      6,326        0.05       24.66
       1600 |      3,263        0.02       24.69
       1610 |     10,137        0.08       24.77
       1640 |      3,320        0.03       24.79
       1650 |     16,787        0.13       24.92
       1700 |      1,405        0.01       24.93
       1710 |      1,315        0.01       24.94
       1720 |      9,923        0.07       25.01
       1740 |      4,822        0.04       25.05
       1745 |      2,039        0.02       25.06
       1750 |      1,977        0.01       25.08
       1760 |     31,116        0.23       25.31
       1800 |      3,241        0.02       25.34
       1820 |     10,485        0.08       25.42
       1821 |        965        0.01       25.43
       1822 |      2,718        0.02       25.45
       1825 |      5,921        0.04       25.49
       1840 |      3,440        0.03       25.52
       1860 |      5,089        0.04       25.55
       1900 |      3,846        0.03       25.58
       1910 |      2,422        0.02       25.60
       1920 |      6,693        0.05       25.65
       1930 |      1,091        0.01       25.66
       1935 |        946        0.01       25.67
       1965 |      8,604        0.06       25.73
       1970 |      7,849        0.06       25.79
       1980 |      3,615        0.03       25.82
       2000 |     40,791        0.31       26.13
       2001 |      5,081        0.04       26.17
       2002 |     16,384        0.12       26.29
       2003 |      1,226        0.01       26.30
       2004 |      6,545        0.05       26.35
       2005 |      1,008        0.01       26.36
       2006 |      6,946        0.05       26.41
       2010 |     50,398        0.38       26.79
       2011 |      3,283        0.02       26.81
       2012 |      3,543        0.03       26.84
       2013 |      1,274        0.01       26.85
       2014 |     27,069        0.20       27.05
       2015 |     10,193        0.08       27.13
       2016 |     18,158        0.14       27.27
       2025 |      9,172        0.07       27.34
       2040 |     41,099        0.31       27.65
       2050 |      6,028        0.05       27.69
       2060 |      5,649        0.04       27.74
       2100 |    116,279        0.88       28.61
       2105 |      2,130        0.02       28.63
       2145 |     40,025        0.30       28.93
       2160 |     10,630        0.08       29.01
       2170 |      3,902        0.03       29.04
       2180 |      2,051        0.02       29.06
       2200 |     74,433        0.56       29.62
       2205 |     54,297        0.41       30.03
       2300 |     57,451        0.43       30.46
       2310 |    381,783        2.88       33.34
       2320 |    106,478        0.80       34.15
       2330 |     34,114        0.26       34.40
       2340 |     33,307        0.25       34.66
       2350 |      2,478        0.02       34.67
       2360 |     22,964        0.17       34.85
       2400 |      5,845        0.04       34.89
       2430 |     10,191        0.08       34.97
       2435 |      8,880        0.07       35.04
       2440 |      2,663        0.02       35.06
       2540 |     53,110        0.40       35.46
       2545 |     45,392        0.34       35.80
       2550 |      6,700        0.05       35.85
       2555 |      6,179        0.05       35.90
       2600 |     19,702        0.15       36.05
       2630 |     45,152        0.34       36.39
       2631 |        648        0.00       36.39
       2632 |      1,021        0.01       36.40
       2633 |      1,742        0.01       36.41
       2634 |     13,715        0.10       36.52
       2635 |      3,965        0.03       36.55
       2636 |        890        0.01       36.55
       2640 |     14,839        0.11       36.66
       2700 |      2,427        0.02       36.68
       2710 |     17,191        0.13       36.81
       2720 |      8,963        0.07       36.88
       2721 |      1,167        0.01       36.89
       2722 |      6,643        0.05       36.94
       2723 |        184        0.00       36.94
       2740 |      1,034        0.01       36.95
       2750 |      6,509        0.05       37.00
       2751 |      1,447        0.01       37.01
       2752 |      3,445        0.03       37.03
       2755 |        394        0.00       37.04
       2760 |      1,527        0.01       37.05
       2770 |      1,063        0.01       37.06
       2800 |      2,147        0.02       37.07
       2805 |        915        0.01       37.08
       2810 |      7,165        0.05       37.13
       2825 |     13,800        0.10       37.24
       2830 |     15,548        0.12       37.36
       2840 |      6,299        0.05       37.40
       2850 |     19,449        0.15       37.55
       2860 |      4,696        0.04       37.59
       2861 |      3,219        0.02       37.61
       2862 |      1,096        0.01       37.62
       2865 |      1,012        0.01       37.63
       2900 |      5,253        0.04       37.67
       2905 |      4,015        0.03       37.70
       2910 |     13,069        0.10       37.79
       2920 |      6,290        0.05       37.84
       3000 |      6,347        0.05       37.89
       3010 |     16,647        0.13       38.02
       3030 |      9,828        0.07       38.09
       3040 |      4,409        0.03       38.12
       3050 |     32,921        0.25       38.37
       3060 |     45,147        0.34       38.71
       3090 |     34,512        0.26       38.97
       3100 |      1,796        0.01       38.99
       3110 |     14,335        0.11       39.09
       3120 |        965        0.01       39.10
       3140 |      1,972        0.01       39.12
       3150 |     13,742        0.10       39.22
       3160 |     28,541        0.22       39.44
       3200 |      1,883        0.01       39.45
       3210 |      1,269        0.01       39.46
       3220 |     12,108        0.09       39.55
       3230 |     18,452        0.14       39.69
       3245 |     17,913        0.14       39.83
       3250 |      9,900        0.07       39.90
       3255 |    328,265        2.48       42.38
       3256 |      3,914        0.03       42.41
       3258 |     21,283        0.16       42.57
       3260 |      1,371        0.01       42.58
       3261 |        795        0.01       42.58
       3270 |        407        0.00       42.59
       3300 |     30,677        0.23       42.82
       3310 |     18,749        0.14       42.96
       3320 |     21,442        0.16       43.12
       3321 |      1,735        0.01       43.14
       3322 |      4,217        0.03       43.17
       3323 |     10,061        0.08       43.24
       3324 |      2,202        0.02       43.26
       3330 |      1,354        0.01       43.27
       3400 |      9,998        0.08       43.35
       3401 |      3,905        0.03       43.37
       3402 |      4,561        0.03       43.41
       3420 |     29,871        0.23       43.63
       3421 |     13,837        0.10       43.74
       3422 |      3,008        0.02       43.76
       3423 |      4,272        0.03       43.79
       3424 |      5,728        0.04       43.84
       3430 |      1,649        0.01       43.85
       3500 |     66,301        0.50       44.35
       3510 |      8,401        0.06       44.41
       3515 |      7,902        0.06       44.47
       3520 |      5,808        0.04       44.52
       3535 |      6,825        0.05       44.57
       3540 |      6,296        0.05       44.62
       3545 |      5,363        0.04       44.66
       3550 |      4,241        0.03       44.69
       3600 |     96,694        0.73       45.42
       3601 |     13,841        0.10       45.52
       3602 |     37,710        0.28       45.81
       3603 |     38,596        0.29       46.10
       3605 |      1,914        0.01       46.11
       3610 |      3,524        0.03       46.14
       3620 |      9,489        0.07       46.21
       3630 |     14,114        0.11       46.32
       3640 |     26,325        0.20       46.52
       3645 |     45,552        0.34       46.86
       3646 |      4,024        0.03       46.89
       3647 |      2,807        0.02       46.91
       3648 |      4,104        0.03       46.94
       3649 |      9,731        0.07       47.02
       3655 |     13,097        0.10       47.12
       3700 |      6,426        0.05       47.16
       3710 |     13,342        0.10       47.26
       3720 |      5,336        0.04       47.30
       3725 |      3,177        0.02       47.33
       3730 |      4,763        0.04       47.36
       3740 |     28,164        0.21       47.58
       3750 |      2,377        0.02       47.60
       3800 |     27,209        0.21       47.80
       3801 |        982        0.01       47.81
       3802 |     15,187        0.11       47.92
       3820 |     15,481        0.12       48.04
       3840 |      1,413        0.01       48.05
       3850 |     46,406        0.35       48.40
       3870 |     37,039        0.28       48.68
       3900 |      1,070        0.01       48.69
       3910 |      8,998        0.07       48.76
       3930 |     67,908        0.51       49.27
       3940 |      2,264        0.02       49.29
       3945 |      3,222        0.02       49.31
       3946 |        844        0.01       49.32
       3955 |      2,229        0.02       49.33
       3960 |      1,420        0.01       49.34
       4000 |     34,622        0.26       49.61
       4010 |     39,836        0.30       49.91
       4020 |    136,346        1.03       50.94
       4030 |     41,272        0.31       51.25
       4040 |     31,832        0.24       51.49
       4050 |      9,886        0.07       51.56
       4055 |      8,700        0.07       51.63
       4060 |      2,404        0.02       51.65
       4110 |     96,409        0.73       52.37
       4120 |      9,830        0.07       52.45
       4130 |     12,953        0.10       52.55
       4140 |     12,355        0.09       52.64
       4150 |      5,087        0.04       52.68
       4160 |        299        0.00       52.68
       4200 |     20,917        0.16       52.84
       4210 |     15,010        0.11       52.95
       4220 |    177,569        1.34       54.29
       4230 |     98,130        0.74       55.03
       4240 |      7,323        0.06       55.09
       4250 |     51,886        0.39       55.48
       4251 |     31,666        0.24       55.72
       4252 |      3,359        0.03       55.74
       4255 |        658        0.00       55.75
       4300 |      2,721        0.02       55.77
       4320 |      6,142        0.05       55.81
       4330 |      2,769        0.02       55.84
       4340 |      3,550        0.03       55.86
       4350 |     17,020        0.13       55.99
       4400 |      9,018        0.07       56.06
       4410 |        164        0.00       56.06
       4420 |        917        0.01       56.07
       4430 |      3,904        0.03       56.10
       4435 |      2,946        0.02       56.12
       4460 |        468        0.00       56.12
       4461 |        405        0.00       56.12
       4465 |      3,465        0.03       56.15
       4500 |      7,570        0.06       56.21
       4510 |     65,996        0.50       56.71
       4520 |     14,835        0.11       56.82
       4521 |      9,398        0.07       56.89
       4522 |      2,783        0.02       56.91
       4525 |        674        0.01       56.92
       4530 |      5,849        0.04       56.96
       4540 |      2,799        0.02       56.98
       4600 |     68,032        0.51       57.49
       4610 |     47,849        0.36       57.86
       4620 |     15,063        0.11       57.97
       4621 |      6,681        0.05       58.02
       4622 |      4,541        0.03       58.05
       4640 |      3,056        0.02       58.08
       4650 |      4,307        0.03       58.11
       4655 |      3,464        0.03       58.14
       4700 |    280,371        2.12       60.25
       4710 |    114,706        0.87       61.12
       4720 |    135,698        1.02       62.14
       4740 |      5,356        0.04       62.18
       4750 |     10,071        0.08       62.26
       4760 |    194,013        1.46       63.72
       4800 |     14,925        0.11       63.84
       4810 |     52,256        0.39       64.23
       4820 |     23,856        0.18       64.41
       4830 |      5,779        0.04       64.45
       4840 |     60,881        0.46       64.91
       4850 |    130,052        0.98       65.89
       4900 |      1,990        0.02       65.91
       4920 |     66,679        0.50       66.41
       4930 |      4,591        0.03       66.45
       4940 |      3,597        0.03       66.47
       4950 |      7,927        0.06       66.53
       4965 |     25,645        0.19       66.73
       5000 |    134,542        1.02       67.74
       5010 |      1,974        0.01       67.76
       5020 |      2,545        0.02       67.78
       5030 |        499        0.00       67.78
       5040 |        442        0.00       67.78
       5100 |     14,028        0.11       67.89
       5110 |     47,639        0.36       68.25
       5120 |    113,458        0.86       69.11
       5130 |        492        0.00       69.11
       5140 |     16,589        0.13       69.24
       5150 |      4,089        0.03       69.27
       5160 |     25,644        0.19       69.46
       5165 |     12,334        0.09       69.55
       5200 |        465        0.00       69.56
       5220 |      8,423        0.06       69.62
       5230 |      4,140        0.03       69.65
       5240 |    208,301        1.57       71.22
       5250 |      8,714        0.07       71.29
       5260 |     17,563        0.13       71.42
       5300 |      8,853        0.07       71.49
       5310 |     11,978        0.09       71.58
       5320 |      6,706        0.05       71.63
       5330 |     12,922        0.10       71.73
       5340 |      1,513        0.01       71.74
       5350 |     10,119        0.08       71.82
       5360 |      6,330        0.05       71.86
       5400 |     81,901        0.62       72.48
       5410 |     10,366        0.08       72.56
       5420 |     10,252        0.08       72.64
       5500 |      1,971        0.01       72.65
       5510 |     24,207        0.18       72.83
       5520 |     16,061        0.12       72.96
       5521 |      4,204        0.03       72.99
       5522 |      6,963        0.05       73.04
       5530 |      2,558        0.02       73.06
       5540 |     12,015        0.09       73.15
       5550 |     35,250        0.27       73.42
       5560 |      6,065        0.05       73.46
       5600 |     31,346        0.24       73.70
       5610 |     51,992        0.39       74.09
       5620 |     60,809        0.46       74.55
       5630 |      7,190        0.05       74.60
       5700 |    192,779        1.46       76.06
       5710 |     11,035        0.08       76.14
       5720 |      2,232        0.02       76.16
       5730 |      3,623        0.03       76.19
       5740 |     87,538        0.66       76.85
       5800 |      5,722        0.04       76.89
       5810 |     28,492        0.22       77.11
       5820 |     20,534        0.15       77.26
       5840 |     29,282        0.22       77.48
       5850 |      5,589        0.04       77.52
       5860 |    102,107        0.77       78.29
       5900 |      2,696        0.02       78.31
       5910 |        890        0.01       78.32
       5920 |      2,585        0.02       78.34
       5940 |     56,562        0.43       78.77
       6005 |      5,593        0.04       78.81
       6010 |      1,463        0.01       78.82
       6040 |      4,034        0.03       78.85
       6050 |     57,712        0.44       79.29
       6100 |      1,773        0.01       79.30
       6115 |        983        0.01       79.31
       6120 |      1,516        0.01       79.32
       6130 |      5,969        0.05       79.36
       6200 |     76,251        0.58       79.94
       6210 |      1,325        0.01       79.95
       6220 |     11,865        0.09       80.04
       6230 |    101,353        0.77       80.80
       6240 |     11,694        0.09       80.89
       6250 |      4,909        0.04       80.93
       6260 |    132,224        1.00       81.93
       6300 |        702        0.01       81.93
       6305 |     15,507        0.12       82.05
       6320 |     20,843        0.16       82.21
       6330 |     10,492        0.08       82.29
       6355 |     79,075        0.60       82.88
       6360 |      3,850        0.03       82.91
       6400 |      3,665        0.03       82.94
       6410 |     16,883        0.13       83.07
       6420 |     25,389        0.19       83.26
       6430 |         54        0.00       83.26
       6440 |     28,989        0.22       83.48
       6441 |      1,729        0.01       83.49
       6442 |     22,276        0.17       83.66
       6460 |      2,169        0.02       83.68
       6500 |         82        0.00       83.68
       6515 |     15,018        0.11       83.79
       6520 |     12,106        0.09       83.88
       6530 |      5,780        0.04       83.93
       6540 |        534        0.00       83.93
       6600 |      2,785        0.02       83.95
       6660 |      8,908        0.07       84.02
       6700 |      2,954        0.02       84.04
       6710 |      2,222        0.02       84.06
       6720 |      2,478        0.02       84.08
       6730 |     11,057        0.08       84.16
       6740 |      1,028        0.01       84.17
       6765 |      4,404        0.03       84.20
       6800 |      2,275        0.02       84.22
       6820 |      1,441        0.01       84.23
       6825 |      1,254        0.01       84.24
       6830 |        735        0.01       84.24
       6835 |        523        0.00       84.25
       6840 |      3,734        0.03       84.28
       6850 |      1,781        0.01       84.29
       6940 |      3,110        0.02       84.31
       6950 |      1,859        0.01       84.33
       7000 |     28,760        0.22       84.54
       7010 |     17,179        0.13       84.67
       7020 |     15,723        0.12       84.79
       7030 |      2,002        0.02       84.81
       7040 |      2,327        0.02       84.82
       7100 |      2,287        0.02       84.84
       7110 |        658        0.00       84.85
       7120 |      3,787        0.03       84.88
       7130 |      5,277        0.04       84.91
       7140 |     16,965        0.13       85.04
       7150 |     12,886        0.10       85.14
       7160 |      1,746        0.01       85.15
       7200 |     75,222        0.57       85.72
       7210 |     29,399        0.22       85.94
       7220 |     22,260        0.17       86.11
       7240 |      4,102        0.03       86.14
       7260 |      6,034        0.05       86.19
       7300 |      2,284        0.02       86.20
       7315 |     37,264        0.28       86.49
       7320 |      3,438        0.03       86.51
       7330 |     39,348        0.30       86.81
       7340 |     58,748        0.44       87.25
       7350 |      2,808        0.02       87.27
       7360 |      4,961        0.04       87.31
       7410 |     13,170        0.10       87.41
       7420 |     13,763        0.10       87.51
       7430 |      5,927        0.04       87.56
       7510 |      3,133        0.02       87.58
       7540 |      2,308        0.02       87.60
       7550 |         96        0.00       87.60
       7560 |        973        0.01       87.61
       7610 |      1,413        0.01       87.62
       7630 |     13,843        0.10       87.72
       7640 |      7,854        0.06       87.78
       7700 |     94,285        0.71       88.49
       7710 |        417        0.00       88.50
       7720 |     11,502        0.09       88.58
       7730 |      1,277        0.01       88.59
       7740 |      2,672        0.02       88.61
       7750 |     85,744        0.65       89.26
       7800 |     15,565        0.12       89.38
       7810 |     20,304        0.15       89.53
       7830 |        910        0.01       89.54
       7840 |      6,997        0.05       89.59
       7850 |        801        0.01       89.60
       7855 |     11,311        0.09       89.68
       7900 |      5,507        0.04       89.72
       7905 |      4,359        0.03       89.76
       7920 |        757        0.01       89.76
       7925 |      1,266        0.01       89.77
       7930 |        515        0.00       89.78
       7940 |        542        0.00       89.78
       7950 |     10,340        0.08       89.86
       7960 |         63        0.00       89.86
       8000 |      2,156        0.02       89.88
       8010 |        162        0.00       89.88
       8025 |        456        0.00       89.88
       8030 |     35,844        0.27       90.15
       8040 |      2,264        0.02       90.17
       8060 |         81        0.00       90.17
       8100 |      4,333        0.03       90.20
       8130 |      5,663        0.04       90.24
       8140 |     55,468        0.42       90.66
       8150 |        113        0.00       90.66
       8200 |        251        0.00       90.67
       8210 |        101        0.00       90.67
       8220 |     23,291        0.18       90.84
       8225 |     14,825        0.11       90.95
       8250 |      2,406        0.02       90.97
       8255 |     16,035        0.12       91.09
       8256 |      1,705        0.01       91.11
       8300 |     12,217        0.09       91.20
       8310 |      3,107        0.02       91.22
       8320 |     14,473        0.11       91.33
       8330 |        586        0.00       91.34
       8335 |        382        0.00       91.34
       8340 |         53        0.00       91.34
       8350 |      4,880        0.04       91.38
       8365 |        739        0.01       91.38
       8400 |        491        0.00       91.38
       8410 |        491        0.00       91.39
       8420 |        627        0.00       91.39
       8450 |      2,713        0.02       91.41
       8460 |      1,029        0.01       91.42
       8465 |        590        0.00       91.43
       8500 |      4,968        0.04       91.46
       8510 |      1,093        0.01       91.47
       8530 |      3,119        0.02       91.50
       8540 |      1,682        0.01       91.51
       8550 |      1,537        0.01       91.52
       8555 |      1,117        0.01       91.53
       8600 |      5,897        0.04       91.57
       8610 |      8,996        0.07       91.64
       8620 |     10,575        0.08       91.72
       8630 |      4,673        0.04       91.76
       8640 |      6,566        0.05       91.80
       8650 |      7,935        0.06       91.86
       8710 |      5,787        0.04       91.91
       8720 |      2,684        0.02       91.93
       8730 |      1,215        0.01       91.94
       8740 |     74,192        0.56       92.50
       8750 |      3,389        0.03       92.52
       8760 |      7,498        0.06       92.58
       8800 |     20,699        0.16       92.74
       8810 |     13,050        0.10       92.83
       8830 |      2,865        0.02       92.86
       8850 |        931        0.01       92.86
       8860 |         97        0.00       92.86
       8910 |        815        0.01       92.87
       8920 |      2,633        0.02       92.89
       8930 |      2,231        0.02       92.91
       8940 |      1,606        0.01       92.92
       8950 |      3,197        0.02       92.94
       8965 |     65,977        0.50       93.44
       8990 |     47,602        0.36       93.80
       9000 |     13,074        0.10       93.90
       9005 |     11,833        0.09       93.99
       9030 |     17,712        0.13       94.12
       9040 |      4,132        0.03       94.15
       9050 |      9,276        0.07       94.22
       9110 |        871        0.01       94.23
       9120 |     27,456        0.21       94.44
       9121 |      7,782        0.06       94.50
       9122 |      6,991        0.05       94.55
       9130 |    277,139        2.09       96.64
       9140 |     15,231        0.11       96.76
       9141 |      2,210        0.02       96.77
       9142 |     10,983        0.08       96.86
       9150 |      4,381        0.03       96.89
       9200 |      2,814        0.02       96.91
       9210 |      1,839        0.01       96.92
       9230 |         94        0.00       96.92
       9240 |      4,777        0.04       96.96
       9260 |        950        0.01       96.97
       9265 |        825        0.01       96.97
       9300 |      1,895        0.01       96.99
       9310 |      2,914        0.02       97.01
       9350 |      3,829        0.03       97.04
       9360 |      3,731        0.03       97.07
       9365 |      2,602        0.02       97.09
       9410 |      4,242        0.03       97.12
       9415 |      1,939        0.01       97.13
       9420 |      1,316        0.01       97.14
       9430 |      1,427        0.01       97.15
       9510 |      5,942        0.04       97.20
       9520 |      2,116        0.02       97.21
       9560 |        732        0.01       97.22
       9570 |        837        0.01       97.23
       9600 |     50,945        0.38       97.61
       9610 |     20,981        0.16       97.77
       9620 |    161,845        1.22       98.99
       9630 |      2,418        0.02       99.01
       9640 |     32,928        0.25       99.26
       9645 |     43,058        0.33       99.58
       9650 |      2,574        0.02       99.60
       9720 |      7,644        0.06       99.66
       9750 |      2,594        0.02       99.68
       9760 |      2,443        0.02       99.70
       9800 |      4,460        0.03       99.73
       9810 |      7,567        0.06       99.79
       9820 |      3,353        0.03       99.81
       9825 |      3,978        0.03       99.84
       9830 |     20,643        0.16      100.00
------------+-----------------------------------
      Total | 13,248,511      100.00

. 
. 
. ***** Part b ****
. *genreates wage mathematically 
. generate wage = incwage / (uhrswork * weeksworked)

. 
. **** Part c ****
. *find average wage
. sum wage

    Variable |        Obs        Mean    Std. dev.       Min        Max
-------------+---------------------------------------------------------
        wage | 13,248,511    27.85707    28.29676          0    1153.03

. 
. **** Part d ****
. * this finds the average but with the condition of age between 20 and 30
. sum wage if age >= 20 & age <= 30

    Variable |        Obs        Mean    Std. dev.       Min        Max
-------------+---------------------------------------------------------
        wage |  2,089,687    20.22934    15.89024          0   777.0563

. 
. *********************
. *** Question 6***
. *********************
. 
. **** Part a ****
. 
. sum wage if male == 1

    Variable |        Obs        Mean    Std. dev.       Min        Max
-------------+---------------------------------------------------------
        wage |  6,953,686    30.95174    32.13692          0    1153.03

. sum wage if male == 0

    Variable |        Obs        Mean    Std. dev.       Min        Max
-------------+---------------------------------------------------------
        wage |  6,294,825    24.43849    22.84896          0   1040.909

. 
. 
. **** Part b ****
. *** Calculate t stat directly 
. display (19.45184 - 16.25848) / sqrt(((270018-1)*14.51561^2 + (18954-1)*15.01778^2)/(270018+18954-2) * (1/270018 + 1/18954))
29.209985

. 
. **** Now t stat from stata command 
. ttest wage, by(sex) level(90)

Two-sample t test with equal variances
------------------------------------------------------------------------------
Variable |     Obs        Mean    Std. err.   Std. dev.   [90% conf. interval]
---------+--------------------------------------------------------------------
    male | 6953686    30.95174     .012187    32.13692     30.9317    30.97179
  female | 6294825    24.43849     .009107    22.84896    24.42351    24.45347
---------+--------------------------------------------------------------------
Combined | 13248511   27.85707    .0077742    28.29676    27.84429    27.86986
---------+--------------------------------------------------------------------
    diff |            6.513253    .0154644                6.487816    6.538689
------------------------------------------------------------------------------
    diff = mean(male) - mean(female)                              t = 421.1776
H0: diff = 0                                     Degrees of freedom =  1.3e+07

    Ha: diff < 0                 Ha: diff != 0                 Ha: diff > 0
 Pr(T < t) = 1.0000         Pr(|T| > |t|) = 0.0000          Pr(T > t) = 0.0000

.   
. 
. **** Part c ****
. **** T stat for 5 
. display ((19.45184 - 16.25848)-5) / sqrt(((270018-1)*14.51561^2 + (18954-1)*15.01778^2)/(270018+18954-2) * (1/270018 + 1/18954))
-16.525518

. 
. *** now since we can't use a built in option we need an extra wage where it is shifter by 5 if male baisaclly asking the same question just differently 
. 
. generate wage_adj = wage - 5*(sex==1)

. ttest wage_adj, by(sex) level(90)

Two-sample t test with equal variances
------------------------------------------------------------------------------
Variable |     Obs        Mean    Std. err.   Std. dev.   [90% conf. interval]
---------+--------------------------------------------------------------------
    male | 6953686    25.95174     .012187    32.13692     25.9317    25.97179
  female | 6294825    24.43849     .009107    22.84896    24.42351    24.45347
---------+--------------------------------------------------------------------
Combined | 13248511   25.23275    .0077254    28.11936    25.22004    25.24545
---------+--------------------------------------------------------------------
    diff |            1.513253    .0154644                1.487816    1.538689
------------------------------------------------------------------------------
    diff = mean(male) - mean(female)                              t =  97.8540
H0: diff = 0                                     Degrees of freedom =  1.3e+07

    Ha: diff < 0                 Ha: diff != 0                 Ha: diff > 0
 Pr(T < t) = 1.0000         Pr(|T| > |t|) = 0.0000          Pr(T > t) = 0.0000

. 
. *********************
. *** Question 6***
. *********************
. 
. **** Part a ****
. ** creating schoolyr variable
.  generate schoolyr = 0

.  replace schoolyr = 2.5 if educd<=17
(165,309 real changes made)

.  replace schoolyr = 5.5 if educd>=20 & educd<=23
(110,232 real changes made)

.  replace schoolyr = 7.5 if educd>=24 & educd<=26
(89,001 real changes made)

.  replace schoolyr = 9 if educd==30
(108,750 real changes made)

.  replace schoolyr = 10 if educd==40
(114,239 real changes made)

.  replace schoolyr = 11 if educd==50
(140,581 real changes made)

.  replace schoolyr = 12 if educd>=60 & educd<=64
(3,163,170 real changes made)

.  replace schoolyr = 13 if educd>=65 & educd<=71
(2,646,601 real changes made)

.  replace schoolyr = 14 if educd>=80 & educd<=90
(1,319,956 real changes made)

.  replace schoolyr = 16 if educd>=100 & educd<=101
(3,302,247 real changes made)

.  replace schoolyr = 18 if educd>=110 & educd<=115
(1,850,033 real changes made)

.  replace schoolyr = 20 if educd==116
(238,392 real changes made)

.  
.  tab schoolyr, missing

   schoolyr |      Freq.     Percent        Cum.
------------+-----------------------------------
        2.5 |    165,309        1.25        1.25
        5.5 |    110,232        0.83        2.08
        7.5 |     89,001        0.67        2.75
          9 |    108,750        0.82        3.57
         10 |    114,239        0.86        4.43
         11 |    140,581        1.06        5.50
         12 |  3,163,170       23.88       29.37
         13 |  2,646,601       19.98       49.35
         14 |  1,319,956        9.96       59.31
         16 |  3,302,247       24.93       84.24
         18 |  1,850,033       13.96       98.20
         20 |    238,392        1.80      100.00
------------+-----------------------------------
      Total | 13,248,511      100.00

.  assert inrange(schoolyr,2.5,20)==1 & r(r)==12

.  
.  
. **** Part b *****
. *** lets calculate the regressions
. regress wage schoolyr

      Source |       SS           df       MS      Number of obs   =  13248511
-------------+----------------------------------   F(1, 13248509)  >  99999.00
       Model |  1.1569e+09         1  1.1569e+09   Prob > F        =    0.0000
    Residual |  9.4513e+09  13248509  713.384873   R-squared       =    0.1091
-------------+----------------------------------   Adj R-squared   =    0.1091
       Total |  1.0608e+10  13248510  800.706636   Root MSE        =    26.709

------------------------------------------------------------------------------
        wage | Coefficient  Std. err.      t    P>|t|     [95% conf. interval]
-------------+----------------------------------------------------------------
    schoolyr |   3.305341   .0025956  1273.45   0.000     3.300254    3.310429
       _cons |  -18.82264   .0373833  -503.50   0.000    -18.89591   -18.74937
------------------------------------------------------------------------------

.   
. *** Part c *****
. regress wage schoolyr age

      Source |       SS           df       MS      Number of obs   =  13248511
-------------+----------------------------------   F(2, 13248508)  >  99999.00
       Model |  1.3256e+09         2   662797009   Prob > F        =    0.0000
    Residual |  9.2826e+09  13248508  700.650659   R-squared       =    0.1250
-------------+----------------------------------   Adj R-squared   =    0.1250
       Total |  1.0608e+10  13248510  800.706636   Root MSE        =     26.47

------------------------------------------------------------------------------
        wage | Coefficient  Std. err.      t    P>|t|     [95% conf. interval]
-------------+----------------------------------------------------------------
    schoolyr |   3.376473   .0025764  1310.55   0.000     3.371424    3.381523
         age |   .3556026   .0007247   490.70   0.000     .3541822    .3570229
       _cons |  -34.96363   .0495434  -705.72   0.000    -35.06073   -34.86652
------------------------------------------------------------------------------

. 
. **** Part d ******
. * we first need to create our squared variables and then we can regress on them 
. generate schoolyr2 = schoolyr^2

. generate age2 = age^2

. regress wage schoolyr schoolyr2 age age2

      Source |       SS           df       MS      Number of obs   =  13248511
-------------+----------------------------------   F(4, 13248506)  >  99999.00
       Model |  1.5822e+09         4   395561820   Prob > F        =    0.0000
    Residual |  9.0259e+09  13248506  681.278522   R-squared       =    0.1492
-------------+----------------------------------   Adj R-squared   =    0.1492
       Total |  1.0608e+10  13248510  800.706636   Root MSE        =    26.101

------------------------------------------------------------------------------
        wage | Coefficient  Std. err.      t    P>|t|     [95% conf. interval]
-------------+----------------------------------------------------------------
    schoolyr |   -3.15323   .0120135  -262.47   0.000    -3.176776   -3.129684
   schoolyr2 |   .2506308   .0004518   554.69   0.000     .2497452    .2515163
         age |   1.940513   .0067858   285.97   0.000     1.927213    1.953813
        age2 |  -.0188447     .00008  -235.55   0.000    -.0190015   -.0186879
       _cons |  -26.15375   .1623042  -161.14   0.000    -26.47186   -25.83564
------------------------------------------------------------------------------

. 
. **** Part e ****
. *regression for males
. 
. regress wage schoolyr schoolyr2 age age2 if male == 1

      Source |       SS           df       MS      Number of obs   = 6,953,686
-------------+----------------------------------   F(4, 6953681)   >  99999.00
       Model |  1.2223e+09         4   305566263   Prob > F        =    0.0000
    Residual |  5.9594e+09 6,953,681  857.009827   R-squared       =    0.1702
-------------+----------------------------------   Adj R-squared   =    0.1702
       Total |  7.1816e+09 6,953,685  1032.78161   Root MSE        =    29.275

------------------------------------------------------------------------------
        wage | Coefficient  Std. err.      t    P>|t|     [95% conf. interval]
-------------+----------------------------------------------------------------
    schoolyr |  -3.675098   .0173365  -211.99   0.000    -3.709077   -3.641119
   schoolyr2 |   .2960861   .0006649   445.28   0.000     .2947828    .2973894
         age |   2.310688   .0105292   219.45   0.000     2.290051    2.331325
        age2 |  -.0220808   .0001241  -177.89   0.000    -.0223241   -.0218375
       _cons |  -33.68712   .2463309  -136.76   0.000    -34.16992   -33.20432
------------------------------------------------------------------------------

. *regression for females
. 
. regress wage schoolyr schoolyr2 age age2 if male == 0

      Source |       SS           df       MS      Number of obs   = 6,294,825
-------------+----------------------------------   F(4, 6294820)   >  99999.00
       Model |   503181594         4   125795399   Prob > F        =    0.0000
    Residual |  2.7832e+09 6,294,820  442.139595   R-squared       =    0.1531
-------------+----------------------------------   Adj R-squared   =    0.1531
       Total |  3.2864e+09 6,294,824  522.075082   Root MSE        =    21.027

------------------------------------------------------------------------------
        wage | Coefficient  Std. err.      t    P>|t|     [95% conf. interval]
-------------+----------------------------------------------------------------
    schoolyr |  -2.620786   .0155537  -168.50   0.000     -2.65127   -2.590301
   schoolyr2 |   .2104363    .000571   368.57   0.000     .2093173    .2115554
         age |   1.442504    .007912   182.32   0.000     1.426997    1.458012
        age2 |   -.014242   .0000933  -152.66   0.000    -.0144248   -.0140591
       _cons |  -17.13375    .196314   -87.28   0.000    -17.51852   -16.74898
------------------------------------------------------------------------------

. 
. **** Pard e *****
. * First lets create the variables 
. generate schoolyr12 = schoolyr - 12

. generate age20 = ln(age - 20)

. *Then lets run the regressions
. regress wage c.schoolyr12##c.age20

      Source |       SS           df       MS      Number of obs   =  13248511
-------------+----------------------------------   F(3, 13248507)  >  99999.00
       Model |  1.3964e+09         3   465467258   Prob > F        =    0.0000
    Residual |  9.2118e+09  13248507  695.306128   R-squared       =    0.1316
-------------+----------------------------------   Adj R-squared   =    0.1316
       Total |  1.0608e+10  13248510  800.706636   Root MSE        =    26.369

--------------------------------------------------------------------------------------
                wage | Coefficient  Std. err.      t    P>|t|     [95% conf. interval]
---------------------+----------------------------------------------------------------
          schoolyr12 |  -.1361367   .0154037    -8.84   0.000    -.1663274    -.105946
               age20 |   4.678334   .0168481   277.68   0.000     4.645313    4.711356
                     |
c.schoolyr12#c.age20 |   1.155443   .0050064   230.79   0.000      1.14563    1.165255
                     |
               _cons |    6.92938    .051857   133.62   0.000     6.827743    7.031018
--------------------------------------------------------------------------------------

. 
. ** to find marginal and elacticity 
. 
. * Marginal effect of age at mean education
. display 2.440129 + 0.1028435*0.1529612
2.4558601

. 
. * Elasticity of age at mean age20 and mean wage
. display (2.440129 + 0.1028435*0.1529612) * (3.084371 / 19.24238)
.39365107

. 
. 
. *********************
. *** Question 6***
. *********************
. *** Lets run the regression
. regress wage schoolyr age, robust

Linear regression                               Number of obs     =   13248511
                                                F(2, 13248508)    >   99999.00
                                                Prob > F          =     0.0000
                                                R-squared         =     0.1250
                                                Root MSE          =      26.47

------------------------------------------------------------------------------
             |               Robust
        wage | Coefficient  std. err.      t    P>|t|     [95% conf. interval]
-------------+----------------------------------------------------------------
    schoolyr |   3.376473   .0031061  1087.05   0.000     3.370385    3.382561
         age |   .3556026   .0006805   522.57   0.000     .3542688    .3569363
       _cons |  -34.96363   .0554667  -630.35   0.000    -35.07234   -34.85492
------------------------------------------------------------------------------

. 
. ** lets run the commands creading an ID for each person and 
. 
. generate PersonID = _n

. expand 2
(13,248,511 observations created)

. 
. ** Lets run the regression again
. regress wage schoolyr age, robust

Linear regression                               Number of obs     =   26497022
                                                F(2, 26497019)    >   99999.00
                                                Prob > F          =     0.0000
                                                R-squared         =     0.1250
                                                Root MSE          =      26.47

------------------------------------------------------------------------------
             |               Robust
        wage | Coefficient  std. err.      t    P>|t|     [95% conf. interval]
-------------+----------------------------------------------------------------
    schoolyr |   3.376473   .0021963  1537.32   0.000     3.372169    3.380778
         age |   .3556026   .0004812   739.02   0.000     .3546595    .3565457
       _cons |  -34.96363   .0392208  -891.46   0.000     -35.0405   -34.88676
------------------------------------------------------------------------------

. 
. **Finally lets run the regression but with clustering
. regress wage schoolyr age, vce(cluster PersonID)

Linear regression                               Number of obs     =   26497022
                                                F(2, 13248510)    >   99999.00
                                                Prob > F          =     0.0000
                                                R-squared         =     0.1250
                                                Root MSE          =      26.47

                      (Std. err. adjusted for 13,248,511 clusters in PersonID)
------------------------------------------------------------------------------
             |               Robust
        wage | Coefficient  std. err.      t    P>|t|     [95% conf. interval]
-------------+----------------------------------------------------------------
    schoolyr |   3.376473   .0031061  1087.05   0.000     3.370385    3.382561
         age |   .3556026   .0006805   522.57   0.000     .3542688    .3569363
       _cons |  -34.96363   .0554667  -630.35   0.000    -35.07234   -34.85492
------------------------------------------------------------------------------

. 
. 
. *********************
. *** Question 7***
. *********************
. *** run the regressions
. reg schoolyr age female

      Source |       SS           df       MS      Number of obs   =  26497022
-------------+----------------------------------   F(2, 26497019)  >  99999.00
       Model |  2401185.56         2  1200592.78   Prob > F        =    0.0000
    Residual |   209379901  26497019  7.90201724   R-squared       =    0.0113
-------------+----------------------------------   Adj R-squared   =    0.0113
       Total |   211781086  26497021  7.99263761   Root MSE        =    2.8111

------------------------------------------------------------------------------
    schoolyr | Coefficient  Std. err.      t    P>|t|     [95% conf. interval]
-------------+----------------------------------------------------------------
         age |  -.0160916   .0000543  -296.15   0.000    -.0161981   -.0159851
      female |   .5118117   .0010936   468.00   0.000     .5096683    .5139551
       _cons |   14.56428   .0024274  5999.96   0.000     14.55952    14.56903
------------------------------------------------------------------------------

. *** Now lets calcualte our residuals 
. predict schoolyr_resid, residuals

. 
. *** run the regressions
. reg wage age female

      Source |       SS           df       MS      Number of obs   =  26497022
-------------+----------------------------------   F(2, 26497019)  >  99999.00
       Model |   530254844         2   265127422   Prob > F        =    0.0000
    Residual |  2.0686e+10  26497019  780.694798   R-squared       =    0.0250
-------------+----------------------------------   Adj R-squared   =    0.0250
       Total |  2.1216e+10  26497021  800.706606   Root MSE        =    27.941

------------------------------------------------------------------------------
        wage | Coefficient  Std. err.      t    P>|t|     [95% conf. interval]
-------------+----------------------------------------------------------------
         age |   .3055808   .0005401   565.81   0.000     .3045223    .3066394
      female |  -6.577505   .0108701  -605.10   0.000     -6.59881     -6.5562
       _cons |   17.97505   .0241275   745.00   0.000     17.92776    18.02234
------------------------------------------------------------------------------

. *** Now lets calcualte our residuals 
. predict wage_resid, residuals

. 
. 
. 
. 
. *** Lets run a regression on them
. reg wage_resid schoolyr_resid

      Source |       SS           df       MS      Number of obs   =  26497022
-------------+----------------------------------   F(1, 26497020)  >  99999.00
       Model |  2.5805e+09         1  2.5805e+09   Prob > F        =    0.0000
    Residual |  1.8106e+10  26497020  683.307048   R-squared       =    0.1247
-------------+----------------------------------   Adj R-squared   =    0.1247
       Total |  2.0686e+10  26497021  780.694741   Root MSE        =     26.14

--------------------------------------------------------------------------------
    wage_resid | Coefficient  Std. err.      t    P>|t|     [95% conf. interval]
---------------+----------------------------------------------------------------
schoolyr_resid |   3.510614   .0018065  1943.31   0.000     3.507074    3.514155
         _cons |  -8.92e-09   .0050782    -0.00   1.000    -.0099531    .0099531
--------------------------------------------------------------------------------

. 
. *** Lets run the final regression 
. reg wage schoolyr age female

      Source |       SS           df       MS      Number of obs   =  26497022
-------------+----------------------------------   F(3, 26497018)  >  99999.00
       Model |  3.1107e+09         3  1.0369e+09   Prob > F        =    0.0000
    Residual |  1.8106e+10  26497018  683.307099   R-squared       =    0.1466
-------------+----------------------------------   Adj R-squared   =    0.1466
       Total |  2.1216e+10  26497021  800.706606   Root MSE        =     26.14

------------------------------------------------------------------------------
        wage | Coefficient  Std. err.      t    P>|t|     [95% conf. interval]
-------------+----------------------------------------------------------------
    schoolyr |   3.510614   .0018065  1943.31   0.000     3.507074    3.514155
         age |   .3620721   .0005061   715.41   0.000     .3610802    .3630641
      female |  -8.374279   .0102115  -820.09   0.000    -8.394293   -8.354265
       _cons |  -33.15451   .0346664  -956.39   0.000    -33.22245   -33.08656
------------------------------------------------------------------------------

. 
. 
. 
. 
end of do-file

. export delimited using "ACS_Data.csv", replace
(file ACS_Data.csv not found)
file ACS_Data.csv saved

. 
