---------------------------------------------------------------------------------------------------------------------------------------------------------------------------------------------------------------------------------------------------------------
      name:  <unnamed>
       log:  /Users/kevin/Documents/Econometrics/econ5813ProblemSet4.log
  log type:  text
 opened on:  17 Oct 2025, 18:11:29

. set more off

. set linesize 255

. set varabbrev off

. 
. **#
. 
. 
.  **** PROBLEM # 2 and 3. 
. **#
. 
. 
. *********************
. *** Load in data  ***
. *********************
. use 5813data1.dta, clear

. 
. reg y x

      Source |       SS           df       MS      Number of obs   =         8
-------------+----------------------------------   F(1, 6)         =      0.00
       Model |           0         1           0   Prob > F        =    1.0000
    Residual |          24         6           4   R-squared       =    0.0000
-------------+----------------------------------   Adj R-squared   =   -0.1667
       Total |          24         7  3.42857143   Root MSE        =         2

------------------------------------------------------------------------------
           y | Coefficient  Std. err.      t    P>|t|     [95% conf. interval]
-------------+----------------------------------------------------------------
           x |          0   .4082483     0.00   1.000    -.9989476    .9989476
       _cons |          4   2.160247     1.85   0.114    -1.285934    9.285934
------------------------------------------------------------------------------

. 
. *********************
. *** Load in data  ***
. *********************
. use 5813data2.dta, clear

. 
. reg y x

      Source |       SS           df       MS      Number of obs   =         8
-------------+----------------------------------   F(1, 6)         =         .
       Model |          28         1          28   Prob > F        =         .
    Residual |           0         6           0   R-squared       =    1.0000
-------------+----------------------------------   Adj R-squared   =    1.0000
       Total |          28         7           4   Root MSE        =         0

------------------------------------------------------------------------------
           y | Coefficient  Std. err.      t    P>|t|     [95% conf. interval]
-------------+----------------------------------------------------------------
           x |         .5          .        .       .            .           .
       _cons |          2          .        .       .            .           .
------------------------------------------------------------------------------

. 
. 
. *********************
. *** Load in data ***
. *********************
. use econ5813_IPUMS_EXTRACT.dta, clear

. 
. ****************************************************
. *** Check that the data is correct ***
. *** -------------------------------------------- ***
. *** Modify this to be consistent with your data. ***
. *** Add additional data integrity checks as you ***
. *** think of them. ***
. ****************************************************
. * Data includes years 2010 through 2023
. tab year, missing

census year |      Freq.     Percent        Cum.
------------+-----------------------------------
       2010 |     22,859        6.64        6.64
       2011 |     23,226        6.75       13.39
       2012 |     24,296        7.06       20.44
       2013 |     24,125        7.01       27.45
       2014 |     24,366        7.08       34.53
       2015 |     24,351        7.07       41.60
       2016 |     24,326        7.07       48.67
       2017 |     24,575        7.14       55.81
       2018 |     27,459        7.98       63.78
       2019 |     26,485        7.69       71.48
       2020 |     20,241        5.88       77.35
       2021 |     25,075        7.28       84.64
       2022 |     26,535        7.71       92.35
       2023 |     26,352        7.65      100.00
------------+-----------------------------------
      Total |    344,271      100.00

. assert inrange(year,2010,2023)==1 & r(r)==14

. 
. * Data includes individuals between the ages of 25 and 59
. tab age, missing

                                 age |      Freq.     Percent        Cum.
-------------------------------------+-----------------------------------
                                  25 |      6,168        1.79        1.79
                                  26 |      6,322        1.84        3.63
                                  27 |      6,550        1.90        5.53
                                  28 |      6,652        1.93        7.46
                                  29 |      6,768        1.97        9.43
                                  30 |      7,301        2.12       11.55
                                  31 |      6,999        2.03       13.58
                                  32 |      7,404        2.15       15.73
                                  33 |      7,496        2.18       17.91
                                  34 |      7,485        2.17       20.08
                                  35 |      8,089        2.35       22.43
                                  36 |      7,959        2.31       24.75
                                  37 |      8,093        2.35       27.10
                                  38 |      8,450        2.45       29.55
                                  39 |      8,635        2.51       32.06
                                  40 |      9,680        2.81       34.87
                                  41 |      9,051        2.63       37.50
                                  42 |      9,618        2.79       40.29
                                  43 |      9,769        2.84       43.13
                                  44 |     10,080        2.93       46.06
                                  45 |     10,919        3.17       49.23
                                  46 |     10,941        3.18       52.41
                                  47 |     11,219        3.26       55.67
                                  48 |     11,621        3.38       59.04
                                  49 |     12,119        3.52       62.56
                                  50 |     13,199        3.83       66.40
                                  51 |     12,570        3.65       70.05
                                  52 |     13,152        3.82       73.87
                                  53 |     13,070        3.80       77.67
                                  54 |     13,100        3.81       81.47
                                  55 |     13,105        3.81       85.28
                                  56 |     12,859        3.74       89.01
                                  57 |     12,803        3.72       92.73
                                  58 |     12,609        3.66       96.39
                                  59 |     12,416        3.61      100.00
-------------------------------------+-----------------------------------
                               Total |    344,271      100.00

. assert inrange(age,25,59)==1

. 
. * Data includes individuals who are employed
. tab empstat, missing

 employment status |
 [general version] |      Freq.     Percent        Cum.
-------------------+-----------------------------------
          employed |    344,271      100.00      100.00
-------------------+-----------------------------------
             Total |    344,271      100.00

. assert empstat==1

. 
. *lets do the variable creation from the code given
. generate weeksworked = .
(344,271 missing values generated)

.  replace weeksworked = 7 if wkswork2==1
(7,542 real changes made)

.  replace weeksworked = 20 if wkswork2==2
(7,287 real changes made)

.  replace weeksworked = 33 if wkswork2==3
(11,741 real changes made)

.  replace weeksworked = 43.5 if wkswork2==4
(15,707 real changes made)

.  replace weeksworked = 48.5 if wkswork2==5
(6,141 real changes made)

.  replace weeksworked = 51 if wkswork2==6
(295,853 real changes made)

.  label variable weeksworked "Weeks worked"

. 
.  tab weeksworked, missing

      Weeks |
     worked |      Freq.     Percent        Cum.
------------+-----------------------------------
          7 |      7,542        2.19        2.19
         20 |      7,287        2.12        4.31
         33 |     11,741        3.41        7.72
       43.5 |     15,707        4.56       12.28
       48.5 |      6,141        1.78       14.06
         51 |    295,853       85.94      100.00
------------+-----------------------------------
      Total |    344,271      100.00

.  assert inlist(weeksworked,7,20,33,43.5,48.5,51)==1 & r(r)==6

. 
.  *generate wage variable
.  generate wage = incwage / (uhrswork * weeksworked)

. 
. 
. 
. * Lets create the dummy variable for female
. generate female = .
(344,271 missing values generated)

. replace female = 1 if sex == 2
(23,772 real changes made)

. replace female = 0 if sex == 1
(320,499 real changes made)

. 
. generate male = .
(344,271 missing values generated)

. replace male = 0 if sex == 2
(23,772 real changes made)

. replace male = 1 if sex == 1
(320,499 real changes made)

. 
. 
. ** creating schoolyr variable
.  generate schoolyr = 0

.  replace schoolyr = 2.5 if educd<=17
(7,555 real changes made)

.  replace schoolyr = 5.5 if educd>=20 & educd<=23
(3,898 real changes made)

.  replace schoolyr = 7.5 if educd>=24 & educd<=26
(4,784 real changes made)

.  replace schoolyr = 9 if educd==30
(6,428 real changes made)

.  replace schoolyr = 10 if educd==40
(8,531 real changes made)

.  replace schoolyr = 11 if educd==50
(10,346 real changes made)

.  replace schoolyr = 12 if educd>=60 & educd<=64
(178,473 real changes made)

.  replace schoolyr = 13 if educd>=65 & educd<=71
(79,712 real changes made)

.  replace schoolyr = 14 if educd>=80 & educd<=90
(22,477 real changes made)

.  replace schoolyr = 16 if educd>=100 & educd<=101
(18,464 real changes made)

.  replace schoolyr = 18 if educd>=110 & educd<=115
(3,348 real changes made)

.  replace schoolyr = 20 if educd==116
(255 real changes made)

.  
.  tab schoolyr, missing

   schoolyr |      Freq.     Percent        Cum.
------------+-----------------------------------
        2.5 |      7,555        2.19        2.19
        5.5 |      3,898        1.13        3.33
        7.5 |      4,784        1.39        4.72
          9 |      6,428        1.87        6.58
         10 |      8,531        2.48        9.06
         11 |     10,346        3.01       12.07
         12 |    178,473       51.84       63.91
         13 |     79,712       23.15       87.06
         14 |     22,477        6.53       93.59
         16 |     18,464        5.36       98.95
         18 |      3,348        0.97       99.93
         20 |        255        0.07      100.00
------------+-----------------------------------
      Total |    344,271      100.00

.  assert inrange(schoolyr,2.5,20)==1 & r(r)==12

. 
.  *-------------------------------------------------------------*
. * Experience variable
. *-------------------------------------------------------------*
. generate exp = age - schoolyr - 6

. label variable exp "Assumed experience"

. drop if exp == -1
(1 observation deleted)

. 
. *-------------------------------------------------------------*
. * Class of worker dummies
. *-------------------------------------------------------------*
. generate govt = 0

. replace govt = 1 if inlist(classwkrd, 21, 27, 28)
(10,170 real changes made)

. 
. generate private = 0

. replace private = 1 if inlist(classwkrd, 22)
(281,114 real changes made)

. 
. generate otheemp = 0

. replace otheemp = 1 if !inlist(classwkrd, 21,22,27,28)
(52,986 real changes made)

. 
. assert private + govt + otheemp == 1

. 
. *-------------------------------------------------------------*
. * Marital status dummy
. *-------------------------------------------------------------*
. generate married = 0

. replace married = 1 if inlist(marst, 1,2)
(215,903 real changes made)

. 
. *-------------------------------------------------------------*
. * Foreign-born dummy
. *-------------------------------------------------------------*
. generate foreign = 0

. replace foreign = 1 if !inlist(bpl, 1,2,4,5,6,8,9,10,11,12,13,15,16,17,18,19,20,21,22,23,24,25,26,27,28,29,30,31,32,33,34,35,36,37,38,39,40,41,42,44,45,46,47,48,49,50,51,53,54,55,56)
(63,255 real changes made)

. 
. *-------------------------------------------------------------*
. * Race and ethnicity categories
. *-------------------------------------------------------------*
. gen byte hisp = (hispand>=100 & hispand<=499)

. label variable hisp "Hispanic"

. 
. gen byte white = (raced==100 | raced==110) & hisp==0

. gen byte black = raced==200 & hisp==0

. gen byte indian = inrange(raced,300,399)==1 & hisp==0

. gen byte asian = inrange(raced,400,699)==1 & hisp==0

. gen byte other_race = inrange(raced,700,996) & hisp==0

. 
. label variable white "White"

. label variable black "Black"

. label variable indian "Indian"

. label variable asian "Asian"

. label variable other_race "Other Race"

. 
. assert white+hisp+black+asian+indian+other_race==1

. 
. gen byte race_cat6 = 0

. replace race_cat6 = 1 if white==1
(217,857 real changes made)

. replace race_cat6 = 2 if hisp==1
(64,936 real changes made)

. replace race_cat6 = 3 if black==1
(41,885 real changes made)

. replace race_cat6 = 4 if asian==1
(9,167 real changes made)

. replace race_cat6 = 5 if indian==1
(2,604 real changes made)

. replace race_cat6 = 6 if other_race==1
(7,821 real changes made)

. label variable race_cat6 "Race Category (race is non-Hispanic)"

. 
. #delimit ;
delimiter now ;
. label define race_cat6_lbl
>         0 "ERROR!"
>         1 "White"
>         2 "Hispanic"
>         3 "Black"
>         4 "Asian"
>         5 "Indian"
>         6 "Other race";

. #delimit cr
delimiter now cr
. label values race_cat6 race_cat6_lbl

. tab race_cat6, missing

       Race |
   Category |
   (race is |
non-Hispani |
         c) |      Freq.     Percent        Cum.
------------+-----------------------------------
      White |    217,857       63.28       63.28
   Hispanic |     64,936       18.86       82.14
      Black |     41,885       12.17       94.31
      Asian |      9,167        2.66       96.97
     Indian |      2,604        0.76       97.73
 Other race |      7,821        2.27      100.00
------------+-----------------------------------
      Total |    344,270      100.00

. assert inlist(race_cat6,1,2,3,4,5,6)==1 & r(r)==6

. 
. *-------------------------------------------------------------*
. * Education categories
. *-------------------------------------------------------------*
. ** Lets just drop straight away the observations with missing educational attainment
. 
. 
. gen elem = (schoolyr < 12)

. gen hs = (schoolyr == 12)

. gen college = (schoolyr > 12 & schoolyr < 18)

. gen ma = (schoolyr >= 18 & schoolyr < 21)

. gen phd = (schoolyr >= 21)

. 
. 
. 
. 
. assert elem+hs+college+ma+phd == 1

. 
. gen byte educ_cat5 = 0

. replace educ_cat5 = 1 if elem==1
(41,542 real changes made)

. replace educ_cat5 = 2 if hs==1
(178,473 real changes made)

. replace educ_cat5 = 3 if college==1
(120,653 real changes made)

. replace educ_cat5 = 4 if ma==1
(3,602 real changes made)

. replace educ_cat5 = 5 if phd==1
(0 real changes made)

. label variable educ_cat5 "Education Level"

. 
. #delimit ;
delimiter now ;
. label define educ_cat5_lbl
>         0 "ERROR!"
>         1 "Less than a high school education"
>         2 "High School"
>         3 "College Degree"
>         4 "Masters Degree"
>         5 "PhD";

. #delimit cr
delimiter now cr
. label values educ_cat5 educ_cat5_lbl

. tab educ_cat5, missing

                  Education Level |      Freq.     Percent        Cum.
----------------------------------+-----------------------------------
Less than a high school education |     41,542       12.07       12.07
                      High School |    178,473       51.84       63.91
                   College Degree |    120,653       35.05       98.95
                   Masters Degree |      3,602        1.05      100.00
----------------------------------+-----------------------------------
                            Total |    344,270      100.00

. assert inlist(educ_cat5,1,2,3,4,5)==1

. 
. *-------------------------------------------------------------*
. * Problem #1
. *-------------------------------------------------------------*
. 
. reg wage age

      Source |       SS           df       MS      Number of obs   =   344,270
-------------+----------------------------------   F(1, 344268)    =    447.03
       Model |  451461.369         1  451461.369   Prob > F        =    0.0000
    Residual |   347683650   344,268  1009.92148   R-squared       =    0.0013
-------------+----------------------------------   Adj R-squared   =    0.0013
       Total |   348135111   344,269  1011.22991   Root MSE        =    31.779

------------------------------------------------------------------------------
        wage | Coefficient  Std. err.      t    P>|t|     [95% conf. interval]
-------------+----------------------------------------------------------------
         age |   .1172476   .0055455    21.14   0.000     .1063787    .1281165
       _cons |   14.86565     .25231    58.92   0.000     14.37113    15.36017
------------------------------------------------------------------------------

. 
. reg age wage

      Source |       SS           df       MS      Number of obs   =   344,270
-------------+----------------------------------   F(1, 344268)    =    447.03
       Model |  42587.8317         1  42587.8317   Prob > F        =    0.0000
    Residual |  32798139.1   344,268  95.2692061   R-squared       =    0.0013
-------------+----------------------------------   Adj R-squared   =    0.0013
       Total |  32840726.9   344,269  95.3926345   Root MSE        =    9.7606

------------------------------------------------------------------------------
         age | Coefficient  Std. err.      t    P>|t|     [95% conf. interval]
-------------+----------------------------------------------------------------
        wage |   .0110603   .0005231    21.14   0.000      .010035    .0120857
       _cons |   44.21578   .0196729  2247.55   0.000     44.17723    44.25434
------------------------------------------------------------------------------

. 
. *-------------------------------------------------------------*
. * Problem #5
. *-------------------------------------------------------------*
. 
. reg wage female

      Source |       SS           df       MS      Number of obs   =   344,270
-------------+----------------------------------   F(1, 344268)    =    184.21
       Model |  186180.723         1  186180.723   Prob > F        =    0.0000
    Residual |   347948930   344,268  1010.69205   R-squared       =    0.0005
-------------+----------------------------------   Adj R-squared   =    0.0005
       Total |   348135111   344,269  1011.22991   Root MSE        =    31.791

------------------------------------------------------------------------------
        wage | Coefficient  Std. err.      t    P>|t|     [95% conf. interval]
-------------+----------------------------------------------------------------
      female |   -2.90049   .2137044   -13.57   0.000    -3.319345   -2.481636
       _cons |   20.27616   .0561561   361.07   0.000      20.1661    20.38623
------------------------------------------------------------------------------

. 
. reg wage male

      Source |       SS           df       MS      Number of obs   =   344,270
-------------+----------------------------------   F(1, 344268)    =    184.21
       Model |  186180.723         1  186180.723   Prob > F        =    0.0000
    Residual |   347948930   344,268  1010.69205   R-squared       =    0.0005
-------------+----------------------------------   Adj R-squared   =    0.0005
       Total |   348135111   344,269  1011.22991   Root MSE        =    31.791

------------------------------------------------------------------------------
        wage | Coefficient  Std. err.      t    P>|t|     [95% conf. interval]
-------------+----------------------------------------------------------------
        male |    2.90049   .2137044    13.57   0.000     2.481636    3.319345
       _cons |   17.37567   .2061943    84.27   0.000     16.97154    17.77981
------------------------------------------------------------------------------

. 
. *-------------------------------------------------------------*
. * Problem #6
. *-------------------------------------------------------------*
. gen female2 = female^2

. generate age2 = age^2

. gen lnfemale =log(female)
(320,498 missing values generated)

. gen lnage = log(age)

. gen lnage2 = log(age2)

. 
. 
. reg wage female female2 age 
note: female2 omitted because of collinearity.

      Source |       SS           df       MS      Number of obs   =   344,270
-------------+----------------------------------   F(2, 344267)    =    309.18
       Model |  624179.188         2  312089.594   Prob > F        =    0.0000
    Residual |   347510932   344,267  1009.42272   R-squared       =    0.0018
-------------+----------------------------------   Adj R-squared   =    0.0018
       Total |   348135111   344,269  1011.22991   Root MSE        =    31.771

------------------------------------------------------------------------------
        wage | Coefficient  Std. err.      t    P>|t|     [95% conf. interval]
-------------+----------------------------------------------------------------
      female |  -2.794448   .2136308   -13.08   0.000    -3.213158   -2.375737
     female2 |          0  (omitted)
         age |    .115519   .0055457    20.83   0.000     .1046496    .1263883
       _cons |   15.13543   .2530894    59.80   0.000     14.63938    15.63148
------------------------------------------------------------------------------

. reg wage lnfemale age
note: lnfemale omitted because of collinearity.

      Source |       SS           df       MS      Number of obs   =    23,772
-------------+----------------------------------   F(1, 23770)     =     52.94
       Model |  41193.0737         1  41193.0737   Prob > F        =    0.0000
    Residual |  18496172.6    23,770  778.130948   R-squared       =    0.0022
-------------+----------------------------------   Adj R-squared   =    0.0022
       Total |  18537365.7    23,771  779.831127   Root MSE        =    27.895

------------------------------------------------------------------------------
        wage | Coefficient  Std. err.      t    P>|t|     [95% conf. interval]
-------------+----------------------------------------------------------------
    lnfemale |          0  (omitted)
         age |   .1318327   .0181191     7.28   0.000      .096318    .1673473
       _cons |   11.62998   .8101507    14.36   0.000     10.04203    13.21792
------------------------------------------------------------------------------

. reg wage female lnage lnage2
note: lnage omitted because of collinearity.

      Source |       SS           df       MS      Number of obs   =   344,270
-------------+----------------------------------   F(2, 344267)    =    328.64
       Model |  663392.501         2   331696.25   Prob > F        =    0.0000
    Residual |   347471719   344,267  1009.30882   R-squared       =    0.0019
-------------+----------------------------------   Adj R-squared   =    0.0019
       Total |   348135111   344,269  1011.22991   Root MSE        =     31.77

------------------------------------------------------------------------------
        wage | Coefficient  Std. err.      t    P>|t|     [95% conf. interval]
-------------+----------------------------------------------------------------
      female |   -2.78629   .2136227   -13.04   0.000    -3.204985   -2.367596
       lnage |          0  (omitted)
      lnage2 |   2.479045   .1140095    21.74   0.000      2.25559    2.702501
       _cons |   1.589274   .8612265     1.85   0.065    -.0987048    3.277253
------------------------------------------------------------------------------

. reg wage schoolyr exp age 
note: schoolyr omitted because of collinearity.

      Source |       SS           df       MS      Number of obs   =   344,270
-------------+----------------------------------   F(2, 344267)    =    298.88
       Model |  603425.194         2  301712.597   Prob > F        =    0.0000
    Residual |   347531686   344,267  1009.48301   R-squared       =    0.0017
-------------+----------------------------------   Adj R-squared   =    0.0017
       Total |   348135111   344,269  1011.22991   Root MSE        =    31.772

------------------------------------------------------------------------------
        wage | Coefficient  Std. err.      t    P>|t|     [95% conf. interval]
-------------+----------------------------------------------------------------
    schoolyr |          0  (omitted)
         exp |  -.3052592   .0248799   -12.27   0.000     -.354023   -.2564954
         age |   .4272296    .025866    16.52   0.000     .3765331    .4779262
       _cons |    9.11207   .5324828    17.11   0.000      8.06842    10.15572
------------------------------------------------------------------------------

. 
. 
. *-------------------------------------------------------------*
. * Problem #7
. *-------------------------------------------------------------*
. 
. gen lnschoolyr = log(schoolyr)

. reg wage lnschoolyr

      Source |       SS           df       MS      Number of obs   =   344,270
-------------+----------------------------------   F(1, 344268)    =     50.99
       Model |  51552.7135         1  51552.7135   Prob > F        =    0.0000
    Residual |   348083558   344,268  1011.08311   R-squared       =    0.0001
-------------+----------------------------------   Adj R-squared   =    0.0001
       Total |   348135111   344,269  1011.22991   Root MSE        =    31.798

------------------------------------------------------------------------------
        wage | Coefficient  Std. err.      t    P>|t|     [95% conf. interval]
-------------+----------------------------------------------------------------
  lnschoolyr |   1.407162    .197066     7.14   0.000     1.020918    1.793405
       _cons |   16.59884   .4899487    33.88   0.000     15.63856    17.55913
------------------------------------------------------------------------------

. 
. twoway (scatter wage schoolyr) ///
>        (lfit wage lnschoolyr, sort), ///
>        ytitle("Wage") xtitle("Years of Schooling") ///
>        title("Regression of Wage on ln(School Years)")

.            
. predict wagehat
(option xb assumed; fitted values)

. predict ehat, resid

. 
. display 20 - (_b[_cons] + _b[lnschoolyr]*log(17))
-.58563003

. 
. display _b[lnschoolyr] / 17
.08277422

. 
. display 0.01 * _b[lnschoolyr] * 100
1.4071617

. 
. 
. *-------------------------------------------------------------*
. * Problem #9
. *-------------------------------------------------------------*
. 
. gen exp2 = exp^2

. gen fem_exp = female*exp

. gen fem_exp2 = female*exp2

. gen fem_married = female*married

. gen mar_age = married*age

. 
. 
. reg wage exp exp2 female fem_exp fem_exp2

      Source |       SS           df       MS      Number of obs   =   344,270
-------------+----------------------------------   F(5, 344264)    =    123.96
       Model |  625667.174         5  125133.435   Prob > F        =    0.0000
    Residual |   347509444   344,264   1009.4272   R-squared       =    0.0018
-------------+----------------------------------   Adj R-squared   =    0.0018
       Total |   348135111   344,269  1011.22991   Root MSE        =    31.771

------------------------------------------------------------------------------
        wage | Coefficient  Std. err.      t    P>|t|     [95% conf. interval]
-------------+----------------------------------------------------------------
         exp |   .3989097   .0279562    14.27   0.000     .3441163     .453703
        exp2 |  -.0061287   .0005499   -11.14   0.000    -.0072066   -.0050508
      female |  -1.398813    1.12961    -1.24   0.216    -3.612816    .8151902
     fem_exp |  -.1204014   .1031875    -1.17   0.243    -.3226458     .081843
    fem_exp2 |   .0022625   .0021159     1.07   0.285    -.0018847    .0064096
       _cons |   14.64748   .3239792    45.21   0.000     14.01249    15.28247
------------------------------------------------------------------------------

. test fem_exp fem_exp2

 ( 1)  fem_exp = 0
 ( 2)  fem_exp2 = 0

       F(  2,344264) =    0.75
            Prob > F =    0.4734

. 
. 
. reg wage exp exp2 schoolyr married female fem_married

      Source |       SS           df       MS      Number of obs   =   344,270
-------------+----------------------------------   F(6, 344263)    =    167.33
       Model |   1012342.8         6    168723.8   Prob > F        =    0.0000
    Residual |   347122768   344,263  1008.30693   R-squared       =    0.0029
-------------+----------------------------------   Adj R-squared   =    0.0029
       Total |   348135111   344,269  1011.22991   Root MSE        =    31.754

------------------------------------------------------------------------------
        wage | Coefficient  Std. err.      t    P>|t|     [95% conf. interval]
-------------+----------------------------------------------------------------
         exp |   .3026141   .0272366    11.11   0.000     .2492311    .3559971
        exp2 |  -.0039541     .00054    -7.32   0.000    -.0050124   -.0028958
    schoolyr |   .4108289   .0262786    15.63   0.000     .3593236    .4623343
     married |   1.411469   .1192599    11.84   0.000     1.177724    1.645215
      female |  -2.334074   .2962539    -7.88   0.000    -2.914723   -1.753425
 fem_married |   -.829819    .429294    -1.93   0.053    -1.671223    .0115847
       _cons |   9.568526   .4421553    21.64   0.000     8.701915    10.43514
------------------------------------------------------------------------------

. test fem_married

 ( 1)  fem_married = 0

       F(  1,344263) =    3.74
            Prob > F =    0.0532

. 
. 
. reg wage schoolyr exp

      Source |       SS           df       MS      Number of obs   =   344,270
-------------+----------------------------------   F(2, 344267)    =    298.88
       Model |  603425.194         2  301712.597   Prob > F        =    0.0000
    Residual |   347531686   344,267  1009.48301   R-squared       =    0.0017
-------------+----------------------------------   Adj R-squared   =    0.0017
       Total |   348135111   344,269  1011.22991   Root MSE        =    31.772

------------------------------------------------------------------------------
        wage | Coefficient  Std. err.      t    P>|t|     [95% conf. interval]
-------------+----------------------------------------------------------------
    schoolyr |   .4272296    .025866    16.52   0.000     .3765331    .4779262
         exp |   .1219704   .0055576    21.95   0.000     .1110777    .1328632
       _cons |   11.67545   .3860827    30.24   0.000     10.91874    12.43216
------------------------------------------------------------------------------

. test schoolyr = exp

 ( 1)  schoolyr - exp = 0

       F(  1,344267) =  150.54
            Prob > F =    0.0000

. 
. 
. reg wage schoolyr age married mar_age if female == 0

      Source |       SS           df       MS      Number of obs   =   320,498
-------------+----------------------------------   F(4, 320493)    =    171.53
       Model |    703710.8         4    175927.7   Prob > F        =    0.0000
    Residual |   328707854   320,493  1025.63193   R-squared       =    0.0021
-------------+----------------------------------   Adj R-squared   =    0.0021
       Total |   329411565   320,497  1027.81481   Root MSE        =    32.025

------------------------------------------------------------------------------
        wage | Coefficient  Std. err.      t    P>|t|     [95% conf. interval]
-------------+----------------------------------------------------------------
    schoolyr |     .30733   .0259476    11.84   0.000     .2564735    .3581865
         age |   .1295039   .0090418    14.32   0.000     .1117823    .1472255
     married |   3.344911   .5354284     6.25   0.000     2.295486    4.394335
     mar_age |  -.0424315   .0119413    -3.55   0.000    -.0658362   -.0190269
       _cons |   9.893428   .5146985    19.22   0.000     8.884633    10.90222
------------------------------------------------------------------------------

. test married + 25*mar_age = 0

 ( 1)  married + 25*mar_age = 0

       F(  1,320493) =   81.20
            Prob > F =    0.0000

. 
. reg wage college hs exp

      Source |       SS           df       MS      Number of obs   =   344,270
-------------+----------------------------------   F(3, 344266)    =    188.21
       Model |  570032.736         3  190010.912   Prob > F        =    0.0000
    Residual |   347565078   344,266  1009.58293   R-squared       =    0.0016
-------------+----------------------------------   Adj R-squared   =    0.0016
       Total |   348135111   344,269  1011.22991   Root MSE        =    31.774

------------------------------------------------------------------------------
        wage | Coefficient  Std. err.      t    P>|t|     [95% conf. interval]
-------------+----------------------------------------------------------------
     college |   2.678009   .1798349    14.89   0.000     2.325538     3.03048
          hs |   1.464534   .1688248     8.67   0.000     1.133642    1.795425
         exp |   .1158185   .0054826    21.12   0.000     .1050727    .1265644
       _cons |   15.33473    .226041    67.84   0.000      14.8917    15.77777
------------------------------------------------------------------------------

. test college = 10*exp

 ( 1)  college - 10*exp = 0

       F(  1,344266) =   74.64
            Prob > F =    0.0000

. 
. 
end of do-file

